<html>
<body>
<pre>
<h1>µVision Build Log</h1>
<h2>Tool Versions:</h2>
IDE-Version: µVision V5.40.0.0
Copyright (C) 2024 ARM Ltd and ARM Germany GmbH. All rights reserved.
License Information: mikhail mineev, vosk, LIC=----
 
Tool Versions:
Toolchain:       MDK-Lite  Version: 5.40.0.3
Toolchain Path:  C:\Users\Mi\AppData\Local\Keil_v5\ARM\ARMCLANG\Bin
C Compiler:      ArmClang.exe V6.22
Assembler:       Armasm.exe V6.22
Linker/Locator:  ArmLink.exe V6.22
Library Manager: ArmAr.exe V6.22
Hex Converter:   FromElf.exe V6.22
CPU DLL:         SARMCM3.DLL V5.40.0.3
Dialog DLL:      DCM.DLL V1.17.5.0
Target DLL:      STLink\ST-LINKIII-KEIL_SWO.dll V3.3.0.0
Dialog DLL:      TCM.DLL V1.56.4.0
 
<h2>Project:</h2>
D:\Home folder\02 Projects\Drone-gun\Drone-gun\Drone-gun.uvprojx
Project File Date:  06/15/2026

<h2>Output:</h2>
*** Using Compiler 'V6.22', folder: 'C:\Users\Mi\AppData\Local\Keil_v5\ARM\ARMCLANG\Bin'
Rebuild target 'Target_1'
compiling message_queue.c...
compiling rcc.c...
compiling gpio.c...
compiling cyclops_rx.c...
compiling usart.c...
compiling cyclops_tx.c...
compiling timer.c...
compiling pwm.c...
assembling startup_stm32f10x_md.s...
compiling system_stm32f10x.c...
compiling main.c...
compiling logic_cyclops.c...
compiling mavlink_rx.c...
compiling logic_drone.c...
compiling mavlink_tx.c...
linking...
Program Size: Code=15644 RO-data=3588 RW-data=8 ZI-data=5832  
FromELF: creating hex file...
".\Objects\Drone-gun.axf" - 0 Error(s), 0 Warning(s).

<h2>Software Packages used:</h2>

Package Vendor: ARM
                https://www.keil.com/pack/ARM.CMSIS.6.2.0.pack
                ARM::CMSIS@6.2.0
                CMSIS (Common Microcontroller Software Interface Standard)
   * Component: CORE Version: 6.1.1

Package Vendor: Keil
                https://www.keil.com/pack/Keil.STM32F1xx_DFP.2.4.1.pack
                Keil::STM32F1xx_DFP@2.4.1
                STMicroelectronics STM32F1 Series Device Support, Drivers and Examples
   * Component: Startup Version: 1.0.0

<h2>Collection of Component include folders:</h2>
  ./RTE/Device/STM32F103RB
  ./RTE/_Target_1
  C:/Users/Mi/AppData/Local/Arm/Packs/ARM/CMSIS/6.2.0/CMSIS/Core/Include
  C:/Users/Mi/AppData/Local/Arm/Packs/Keil/STM32F1xx_DFP/2.4.1/Device/Include

<h2>Collection of Component Files used:</h2>

   * Component: ARM::CMSIS:CORE@6.1.1

   * Component: Keil::Device:Startup@1.0.0
      Source file:   Device/Source/system_stm32f10x.c
      Source file:   Device/Source/ARM/startup_stm32f10x_md.s
      Include file:  RTE_Driver/Config/RTE_Device.h
      Source file:   Device/Source/ARM/STM32F1xx_OPT.s
Build Time Elapsed:  00:00:02
</pre>
</body>
</html>
