Component: Arm Compiler for Embedded 6.19 Tool: armlink [5e73cb00]

==============================================================================

Section Cross References

    main.o(.text.main) refers to rcc.o(.text.RCC_Init) for RCC_Init
    main.o(.text.main) refers to gpio.o(.text.GPIO_Init) for GPIO_Init
    main.o(.text.main) refers to gpio.o(.text.Optocouplers_Enable) for Optocouplers_Enable
    main.o(.text.main) refers to timer.o(.text.Timer_Init) for Timer_Init
    main.o(.text.main) refers to timer.o(.text.StatusLedTimer_Init) for StatusLedTimer_Init
    main.o(.text.main) refers to usart.o(.text.USART_Init) for USART_Init
    main.o(.text.main) refers to pwm.o(.text.PWM_InitServo) for PWM_InitServo
    main.o(.text.main) refers to mavlink_tx.o(.text.MavlinkTx_Init) for MavlinkTx_Init
    main.o(.text.main) refers to logic_drone.o(.text.LogicDrone_Init) for LogicDrone_Init
    main.o(.text.main) refers to pwm.o(.text.Servo_Release) for Servo_Release
    main.o(.text.main) refers to gpio.o(.text.End_Read) for End_Read
    main.o(.text.main) refers to timer.o(.text.DelayMs) for DelayMs
    main.o(.text.main) refers to pwm.o(.text.Servo_Hold) for Servo_Hold
    main.o(.text.main) refers to main.o(.bss.cyclops_connected) for cyclops_connected
    main.o(.text.main) refers to main.o(.text.Main_ReadMessages) for Main_ReadMessages
    main.o(.text.main) refers to logic_drone.o(.text.LogicDrone_Process) for LogicDrone_Process
    main.o(.ARM.exidx.text.main) refers to main.o(.text.main) for [Anonymous Symbol]
    main.o(.text.Main_ReadMessages) refers to message_queue.o(.bss.cyclops_message_queue) for cyclops_message_queue
    main.o(.text.Main_ReadMessages) refers to message_queue.o(.text.MessageQueue_Pop) for MessageQueue_Pop
    main.o(.text.Main_ReadMessages) refers to logic_cyclops.o(.text.LogicCyclops_ProcessMessage) for LogicCyclops_ProcessMessage
    main.o(.ARM.exidx.text.Main_ReadMessages) refers to main.o(.text.Main_ReadMessages) for [Anonymous Symbol]
    main.o(.text.USART1_IRQHandler) refers to main.o(.bss.cyclops_connected) for cyclops_connected
    main.o(.text.USART1_IRQHandler) refers to cyclops_rx.o(.text.Cyclops_RxByte) for Cyclops_RxByte
    main.o(.ARM.exidx.text.USART1_IRQHandler) refers to main.o(.text.USART1_IRQHandler) for [Anonymous Symbol]
    main.o(.text.USART2_IRQHandler) refers to mavlink_rx.o(.text.Mavlink_RxByte) for Mavlink_RxByte
    main.o(.ARM.exidx.text.USART2_IRQHandler) refers to main.o(.text.USART2_IRQHandler) for [Anonymous Symbol]
    rcc.o(.ARM.exidx.text.RCC_Init) refers to rcc.o(.text.RCC_Init) for [Anonymous Symbol]
    gpio.o(.ARM.exidx.text.GPIO_Init) refers to gpio.o(.text.GPIO_Init) for [Anonymous Symbol]
    gpio.o(.ARM.exidx.text.Launch_Read) refers to gpio.o(.text.Launch_Read) for [Anonymous Symbol]
    gpio.o(.ARM.exidx.text.Safety_Read) refers to gpio.o(.text.Safety_Read) for [Anonymous Symbol]
    gpio.o(.ARM.exidx.text.End_Read) refers to gpio.o(.text.End_Read) for [Anonymous Symbol]
    gpio.o(.ARM.exidx.text.Optocouplers_Enable) refers to gpio.o(.text.Optocouplers_Enable) for [Anonymous Symbol]
    gpio.o(.ARM.exidx.text.StatusLed_Toggle) refers to gpio.o(.text.StatusLed_Toggle) for [Anonymous Symbol]
    pwm.o(.ARM.exidx.text.PWM_Init) refers to pwm.o(.text.PWM_Init) for [Anonymous Symbol]
    pwm.o(.ARM.exidx.text.PWM_SetUs) refers to pwm.o(.text.PWM_SetUs) for [Anonymous Symbol]
    pwm.o(.text.PWM_InitServo) refers to pwm.o(.data.ServoPWM) for ServoPWM
    pwm.o(.text.PWM_InitServo) refers to pwm.o(.text.PWM_Init) for PWM_Init
    pwm.o(.text.PWM_InitServo) refers to pwm.o(.text.Servo_Release) for Servo_Release
    pwm.o(.ARM.exidx.text.PWM_InitServo) refers to pwm.o(.text.PWM_InitServo) for [Anonymous Symbol]
    pwm.o(.text.Servo_Release) refers to pwm.o(.data.ServoPWM) for ServoPWM
    pwm.o(.text.Servo_Release) refers to pwm.o(.text.PWM_SetUs) for PWM_SetUs
    pwm.o(.ARM.exidx.text.Servo_Release) refers to pwm.o(.text.Servo_Release) for [Anonymous Symbol]
    pwm.o(.text.Servo_Hold) refers to pwm.o(.data.ServoPWM) for ServoPWM
    pwm.o(.text.Servo_Hold) refers to pwm.o(.text.PWM_SetUs) for PWM_SetUs
    pwm.o(.ARM.exidx.text.Servo_Hold) refers to pwm.o(.text.Servo_Hold) for [Anonymous Symbol]
    timer.o(.text.Timer_Init) refers to system_stm32f10x.o(.data.SystemCoreClock) for SystemCoreClock
    timer.o(.text.Timer_Init) refers to timer.o(.text.SysTick_Config) for SysTick_Config
    timer.o(.ARM.exidx.text.Timer_Init) refers to timer.o(.text.Timer_Init) for [Anonymous Symbol]
    timer.o(.text.SysTick_Config) refers to timer.o(.text.__NVIC_SetPriority) for __NVIC_SetPriority
    timer.o(.ARM.exidx.text.SysTick_Config) refers to timer.o(.text.SysTick_Config) for [Anonymous Symbol]
    timer.o(.text.StatusLedTimer_Init) refers to timer.o(.text.__NVIC_EnableIRQ) for __NVIC_EnableIRQ
    timer.o(.ARM.exidx.text.StatusLedTimer_Init) refers to timer.o(.text.StatusLedTimer_Init) for [Anonymous Symbol]
[...]
    ../clib/angel/kernel.s                   0x00000000   Number         0  __rtentry4.o ABSOLUTE
    ../clib/angel/kernel.s                   0x00000000   Number         0  rtexit.o ABSOLUTE
    ../clib/angel/kernel.s                   0x00000000   Number         0  rtexit2.o ABSOLUTE
    ../clib/angel/rt.s                       0x00000000   Number         0  rt_raise.o ABSOLUTE
    ../clib/angel/scatter.s                  0x00000000   Number         0  __scatter.o ABSOLUTE
    ../clib/angel/startup.s                  0x00000000   Number         0  __main.o ABSOLUTE
    ../clib/angel/sys.s                      0x00000000   Number         0  sys_stackheap_outer.o ABSOLUTE
    ../clib/angel/sys.s                      0x00000000   Number         0  libspace.o ABSOLUTE
    ../clib/angel/sys.s                      0x00000000   Number         0  use_no_semi.o ABSOLUTE
    ../clib/angel/sys.s                      0x00000000   Number         0  indicate_semi.o ABSOLUTE
    ../clib/angel/sysapp.c                   0x00000000   Number         0  sys_exit.o ABSOLUTE
    ../clib/angel/sysapp.c                   0x00000000   Number         0  sys_exit_hlt.o ABSOLUTE
    ../clib/angel/sysapp.c                   0x00000000   Number         0  sys_command.o ABSOLUTE
    ../clib/angel/sysapp.c                   0x00000000   Number         0  sys_command_hlt.o ABSOLUTE
    ../clib/angel/sysapp.c                   0x00000000   Number         0  sys_wrch.o ABSOLUTE
    ../clib/angel/sysapp.c                   0x00000000   Number         0  sys_wrch_hlt.o ABSOLUTE
    ../clib/armsys.c                         0x00000000   Number         0  argv_veneer.o ABSOLUTE
    ../clib/armsys.c                         0x00000000   Number         0  argv_veneer.o ABSOLUTE
    ../clib/armsys.c                         0x00000000   Number         0  _get_argv_nomalloc.o ABSOLUTE
    ../clib/armsys.c                         0x00000000   Number         0  no_argv.o ABSOLUTE
    ../clib/heapalloc.c                      0x00000000   Number         0  hrguard.o ABSOLUTE
    ../clib/heapaux.c                        0x00000000   Number         0  heapauxi.o ABSOLUTE
    ../clib/libinit.s                        0x00000000   Number         0  libinit.o ABSOLUTE
    ../clib/libinit.s                        0x00000000   Number         0  libinit2.o ABSOLUTE
    ../clib/libinit.s                        0x00000000   Number         0  libshutdown.o ABSOLUTE
    ../clib/libinit.s                        0x00000000   Number         0  libshutdown2.o ABSOLUTE
    ../clib/memcpset.s                       0x00000000   Number         0  rt_memcpy_v6.o ABSOLUTE
    ../clib/memcpset.s                       0x00000000   Number         0  rt_memclr.o ABSOLUTE
    ../clib/memcpset.s                       0x00000000   Number         0  rt_memcpy_w.o ABSOLUTE
    ../clib/memcpset.s                       0x00000000   Number         0  rt_memclr_w.o ABSOLUTE
    ../clib/signal.c                         0x00000000   Number         0  defsig_rtmem_outer.o ABSOLUTE
    ../clib/signal.c                         0x00000000   Number         0  defsig_rtmem_formal.o ABSOLUTE
    ../clib/signal.c                         0x00000000   Number         0  defsig_exit.o ABSOLUTE
    ../clib/signal.c                         0x00000000   Number         0  defsig_rtmem_inner.o ABSOLUTE
    ../clib/signal.c                         0x00000000   Number         0  __raise.o ABSOLUTE
    ../clib/signal.c                         0x00000000   Number         0  defsig_general.o ABSOLUTE
    ../clib/signal.c                         0x00000000   Number         0  defsig_abrt_inner.o ABSOLUTE
    ../clib/signal.c                         0x00000000   Number         0  defsig_fpe_inner.o ABSOLUTE
    ../clib/signal.c                         0x00000000   Number         0  defsig_rtred_inner.o ABSOLUTE
    ../clib/signal.c                         0x00000000   Number         0  defsig_stak_inner.o ABSOLUTE
    ../clib/signal.c                         0x00000000   Number         0  defsig_pvfn_inner.o ABSOLUTE
    ../clib/signal.c                         0x00000000   Number         0  defsig_cppl_inner.o ABSOLUTE
    ../clib/signal.c                         0x00000000   Number         0  defsig_segv_inner.o ABSOLUTE
    ../clib/signal.c                         0x00000000   Number         0  defsig_other.o ABSOLUTE
    ../clib/signal.s                         0x00000000   Number         0  defsig.o ABSOLUTE
    ../clib/stdlib.c                         0x00000000   Number         0  exit.o ABSOLUTE
    ../clib/string.c                         0x00000000   Number         0  memcmp.o ABSOLUTE
    ../fplib/fcmp.s                          0x00000000   Number         0  fcmp.o ABSOLUTE
    ../fplib/fcmpi.s                         0x00000000   Number         0  fcmpi.o ABSOLUTE
    ../fplib/feqf.s                          0x00000000   Number         0  feqf.o ABSOLUTE
    ../fplib/ffix.s                          0x00000000   Number         0  ffix.o ABSOLUTE
    ../fplib/fgeqf.s                         0x00000000   Number         0  fgeqf.o ABSOLUTE
    ../fplib/fleqf.s                         0x00000000   Number         0  fleqf.o ABSOLUTE
    ../fplib/fnaninf.s                       0x00000000   Number         0  fnaninf.o ABSOLUTE
    ../fplib/fpinit.s                        0x00000000   Number         0  fpinit.o ABSOLUTE
    ../fplib/fpinit_empty.s                  0x00000000   Number         0  fpinit_empty.o ABSOLUTE
    ../fplib/usenofp.s                       0x00000000   Number         0  usenofp.o ABSOLUTE
    RTE/Device/STM32F103RB/startup_stm32f10x_md.s 0x00000000   Number         0  startup_stm32f10x_md.o ABSOLUTE
    cyclops_rx.c                             0x00000000   Number         0  cyclops_rx.o ABSOLUTE
    cyclops_tx.c                             0x00000000   Number         0  cyclops_tx.o ABSOLUTE
    dc.s                                     0x00000000   Number         0  dc.o ABSOLUTE
    gpio.c                                   0x00000000   Number         0  gpio.o ABSOLUTE
    logic_cyclops.c                          0x00000000   Number         0  logic_cyclops.o ABSOLUTE
    logic_drone.c                            0x00000000   Number         0  logic_drone.o ABSOLUTE
    main.c                                   0x00000000   Number         0  main.o ABSOLUTE
    mavlink_rx.c                             0x00000000   Number         0  mavlink_rx.o ABSOLUTE
    mavlink_tx.c                             0x00000000   Number         0  mavlink_tx.o ABSOLUTE
    message_queue.c                          0x00000000   Number         0  message_queue.o ABSOLUTE
    pwm.c                                    0x00000000   Number         0  pwm.o ABSOLUTE
    rcc.c                                    0x00000000   Number         0  rcc.o ABSOLUTE
    system_stm32f10x.c                       0x00000000   Number         0  system_stm32f10x.o ABSOLUTE
    timer.c                                  0x00000000   Number         0  timer.o ABSOLUTE
    usart.c                                  0x00000000   Number         0  usart.o ABSOLUTE
    RESET                                    0x08000000   Section      236  startup_stm32f10x_md.o(RESET)
    !!!main                                  0x080000ec   Section        8  __main.o(!!!main)
    !!!scatter                               0x080000f4   Section       52  __scatter.o(!!!scatter)
    !!handler_copy                           0x08000128   Section       26  __scatter_copy.o(!!handler_copy)
    !!handler_zi                             0x08000144   Section       28  __scatter_zi.o(!!handler_zi)
    .ARM.Collect$$libinit$$00000000          0x08000160   Section        2  libinit.o(.ARM.Collect$$libinit$$00000000)
    .ARM.Collect$$libinit$$00000002          0x08000162   Section        0  libinit2.o(.ARM.Collect$$libinit$$00000002)
    .ARM.Collect$$libinit$$00000004          0x08000162   Section        0  libinit2.o(.ARM.Collect$$libinit$$00000004)
    .ARM.Collect$$libinit$$00000006          0x08000162   Section        0  libinit2.o(.ARM.Collect$$libinit$$00000006)
    .ARM.Collect$$libinit$$0000000C          0x08000162   Section        0  libinit2.o(.ARM.Collect$$libinit$$0000000C)
    .ARM.Collect$$libinit$$0000000E          0x08000162   Section        0  libinit2.o(.ARM.Collect$$libinit$$0000000E)
    .ARM.Collect$$libinit$$00000010          0x08000162   Section        0  libinit2.o(.ARM.Collect$$libinit$$00000010)
    .ARM.Collect$$libinit$$00000013          0x08000162   Section        0  libinit2.o(.ARM.Collect$$libinit$$00000013)
    .ARM.Collect$$libinit$$00000015          0x08000162   Section        0  libinit2.o(.ARM.Collect$$libinit$$00000015)
    .ARM.Collect$$libinit$$00000017          0x08000162   Section        0  libinit2.o(.ARM.Collect$$libinit$$00000017)
    .ARM.Collect$$libinit$$00000019          0x08000162   Section        0  libinit2.o(.ARM.Collect$$libinit$$00000019)
    .ARM.Collect$$libinit$$0000001B          0x08000162   Section        0  libinit2.o(.ARM.Collect$$libinit$$0000001B)
    .ARM.Collect$$libinit$$0000001D          0x08000162   Section        0  libinit2.o(.ARM.Collect$$libinit$$0000001D)
    .ARM.Collect$$libinit$$0000001F          0x08000162   Section        0  libinit2.o(.ARM.Collect$$libinit$$0000001F)
    .ARM.Collect$$libinit$$00000021          0x08000162   Section        0  libinit2.o(.ARM.Collect$$libinit$$00000021)
    .ARM.Collect$$libinit$$00000023          0x08000162   Section        0  libinit2.o(.ARM.Collect$$libinit$$00000023)
    .ARM.Collect$$libinit$$00000025          0x08000162   Section        0  libinit2.o(.ARM.Collect$$libinit$$00000025)
    .ARM.Collect$$libinit$$00000027          0x08000162   Section        0  libinit2.o(.ARM.Collect$$libinit$$00000027)
    .ARM.Collect$$libinit$$0000002E          0x08000162   Section        0  libinit2.o(.ARM.Collect$$libinit$$0000002E)
    .ARM.Collect$$libinit$$00000030          0x08000162   Section        0  libinit2.o(.ARM.Collect$$libinit$$00000030)
    .ARM.Collect$$libinit$$00000032          0x08000162   Section        0  libinit2.o(.ARM.Collect$$libinit$$00000032)
    .ARM.Collect$$libinit$$00000034          0x08000162   Section        0  libinit2.o(.ARM.Collect$$libinit$$00000034)
    .ARM.Collect$$libinit$$00000035          0x08000162   Section        2  libinit2.o(.ARM.Collect$$libinit$$00000035)
    .ARM.Collect$$libshutdown$$00000000      0x08000164   Section        2  libshutdown.o(.ARM.Collect$$libshutdown$$00000000)
    .ARM.Collect$$libshutdown$$00000002      0x08000166   Section        0  libshutdown2.o(.ARM.Collect$$libshutdown$$00000002)
    .ARM.Collect$$libshutdown$$00000004      0x08000166   Section        0  libshutdown2.o(.ARM.Collect$$libshutdown$$00000004)
    .ARM.Collect$$libshutdown$$00000007      0x08000166   Section        0  libshutdown2.o(.ARM.Collect$$libshutdown$$00000007)
    .ARM.Collect$$libshutdown$$0000000A      0x08000166   Section        0  libshutdown2.o(.ARM.Collect$$libshutdown$$0000000A)
    .ARM.Collect$$libshutdown$$0000000C      0x08000166   Section        0  libshutdown2.o(.ARM.Collect$$libshutdown$$0000000C)
    .ARM.Collect$$libshutdown$$0000000F      0x08000166   Section        0  libshutdown2.o(.ARM.Collect$$libshutdown$$0000000F)
    .ARM.Collect$$libshutdown$$00000010      0x08000166   Section        2  libshutdown2.o(.ARM.Collect$$libshutdown$$00000010)
    .ARM.Collect$$rtentry$$00000000          0x08000168   Section        0  __rtentry.o(.ARM.Collect$$rtentry$$00000000)
    .ARM.Collect$$rtentry$$00000002          0x08000168   Section        0  __rtentry2.o(.ARM.Collect$$rtentry$$00000002)
    .ARM.Collect$$rtentry$$00000004          0x08000168   Section        6  __rtentry4.o(.ARM.Collect$$rtentry$$00000004)
    .ARM.Collect$$rtentry$$00000009          0x0800016e   Section        0  __rtentry2.o(.ARM.Collect$$rtentry$$00000009)
    .ARM.Collect$$rtentry$$0000000A          0x0800016e   Section        4  __rtentry2.o(.ARM.Collect$$rtentry$$0000000A)
    .ARM.Collect$$rtentry$$0000000C          0x08000172   Section        0  __rtentry2.o(.ARM.Collect$$rtentry$$0000000C)
    .ARM.Collect$$rtentry$$0000000D          0x08000172   Section        8  __rtentry2.o(.ARM.Collect$$rtentry$$0000000D)
    .ARM.Collect$$rtexit$$00000000           0x0800017a   Section        2  rtexit.o(.ARM.Collect$$rtexit$$00000000)
    .ARM.Collect$$rtexit$$00000002           0x0800017c   Section        0  rtexit2.o(.ARM.Collect$$rtexit$$00000002)
    .ARM.Collect$$rtexit$$00000003           0x0800017c   Section        4  rtexit2.o(.ARM.Collect$$rtexit$$00000003)
    .ARM.Collect$$rtexit$$00000004           0x08000180   Section        6  rtexit2.o(.ARM.Collect$$rtexit$$00000004)
    .text                                    0x08000188   Section       64  startup_stm32f10x_md.o(.text)
    .text                                    0x080001c8   Section        0  memcmp.o(.text)
    .text                                    0x08000220   Section      138  rt_memcpy_v6.o(.text)
    .text                                    0x080002aa   Section       68  rt_memclr.o(.text)
    .text                                    0x080002ee   Section        0  heapauxi.o(.text)
    .text                                    0x080002f4   Section      100  rt_memcpy_w.o(.text)
    .text                                    0x08000358   Section       78  rt_memclr_w.o(.text)
    .text                                    0x080003a6   Section       74  sys_stackheap_outer.o(.text)
    .text                                    0x080003f0   Section        0  exit.o(.text)
    .text                                    0x08000404   Section        8  libspace.o(.text)
    .text                                    0x0800040c   Section        0  sys_exit.o(.text)
    .text                                    0x08000418   Section        2  use_no_semi.o(.text)
    .text                                    0x0800041a   Section        0  indicate_semi.o(.text)
    [Anonymous Symbol]                       0x0800041c   Section        0  mavlink_rx.o(.text.Convert_msg_to_mavlink)
    CopyMessage                              0x0800049d   Thumb Code   106  message_queue.o(.text.CopyMessage)
    [Anonymous Symbol]                       0x0800049c   Section        0  message_queue.o(.text.CopyMessage)
    [Anonymous Symbol]                       0x08000508   Section        0  cyclops_tx.o(.text.CyclopsTx_BuildPacket)
    [Anonymous Symbol]                       0x080005cc   Section        0  cyclops_rx.o(.text.Cyclops_RxByte)
    [Anonymous Symbol]                       0x08000728   Section        0  cyclops_tx.o(.text.Cyclops_SendResponse)
    [Anonymous Symbol]                       0x08000774   Section        0  timer.o(.text.DelayMs)
    [Anonymous Symbol]                       0x080007a4   Section        0  logic_cyclops.o(.text.DroneResponseWaitCycle)
    [Anonymous Symbol]                       0x08000838   Section        0  gpio.o(.text.End_Read)
    [Anonymous Symbol]                       0x08000848   Section        0  gpio.o(.text.GPIO_Init)
    [Anonymous Symbol]                       0x0800091c   Section        0  timer.o(.text.GetTick)
    [Anonymous Symbol]                       0x08000928   Section        0  gpio.o(.text.Launch_Read)
    [Anonymous Symbol]                       0x08000938   Section        0  logic_cyclops.o(.text.LogicCyclops_ProcessMessage)
    [Anonymous Symbol]                       0x08001048   Section        0  logic_drone.o(.text.LogicDrone_DroneResponseWaitCycle)
    [Anonymous Symbol]                       0x080010dc   Section        0  logic_drone.o(.text.LogicDrone_Init)
    [Anonymous Symbol]                       0x0800111c   Section        0  logic_drone.o(.text.LogicDrone_Process)
    [Anonymous Symbol]                       0x080012fc   Section        0  logic_drone.o(.text.LogicDrone_SetDroneState)
    LogicDrone_SetState                      0x08001315   Thumb Code    40  logic_drone.o(.text.LogicDrone_SetState)
    [Anonymous Symbol]                       0x08001314   Section        0  logic_drone.o(.text.LogicDrone_SetState)
    Main_ReadMessages                        0x0800133d   Thumb Code    48  main.o(.text.Main_ReadMessages)
    [Anonymous Symbol]                       0x0800133c   Section        0  main.o(.text.Main_ReadMessages)
    [Anonymous Symbol]                       0x0800136c   Section        0  mavlink_tx.o(.text.MavlinkTx_HwReset)
    [Anonymous Symbol]                       0x08001378   Section        0  mavlink_tx.o(.text.MavlinkTx_Init)
    [Anonymous Symbol]                       0x08001384   Section        0  mavlink_tx.o(.text.MavlinkTx_SendCancel)
    MavlinkTx_SendCommand                    0x08001391   Thumb Code    82  mavlink_tx.o(.text.MavlinkTx_SendCommand)
    [Anonymous Symbol]                       0x08001390   Section        0  mavlink_tx.o(.text.MavlinkTx_SendCommand)
    [Anonymous Symbol]                       0x080013e4   Section        0  mavlink_tx.o(.text.MavlinkTx_SendFly)
    [Anonymous Symbol]                       0x080013f0   Section        0  mavlink_tx.o(.text.MavlinkTx_SendGetDetections)
    [Anonymous Symbol]                       0x080013fc   Section        0  mavlink_tx.o(.text.MavlinkTx_SendInit)
    [Anonymous Symbol]                       0x08001408   Section        0  mavlink_tx.o(.text.MavlinkTx_SendPrepare)
    [Anonymous Symbol]                       0x08001414   Section        0  mavlink_tx.o(.text.MavlinkTx_SwReset)
    [Anonymous Symbol]                       0x08001420   Section        0  mavlink_rx.o(.text.Mavlink_RxByte)
    [Anonymous Symbol]                       0x08001544   Section        0  message_queue.o(.text.MessageQueue_Clear)
    [Anonymous Symbol]                       0x08001564   Section        0  message_queue.o(.text.MessageQueue_PeekLast)
    [Anonymous Symbol]                       0x080015e8   Section        0  message_queue.o(.text.MessageQueue_Pop)
    [Anonymous Symbol]                       0x08001658   Section        0  message_queue.o(.text.MessageQueue_Push)
    NextIndex                                0x080016c1   Thumb Code    42  message_queue.o(.text.NextIndex)
    [Anonymous Symbol]                       0x080016c0   Section        0  message_queue.o(.text.NextIndex)
    [Anonymous Symbol]                       0x080016ec   Section        0  gpio.o(.text.Optocouplers_Enable)
    [Anonymous Symbol]                       0x08001704   Section        0  pwm.o(.text.PWM_Init)
    [Anonymous Symbol]                       0x080017c4   Section        0  pwm.o(.text.PWM_InitServo)
    [Anonymous Symbol]                       0x080017dc   Section        0  pwm.o(.text.PWM_SetUs)
    PacketIsValid                            0x080017f5   Thumb Code   256  cyclops_rx.o(.text.PacketIsValid)
    [Anonymous Symbol]                       0x080017f4   Section        0  cyclops_rx.o(.text.PacketIsValid)
    [Anonymous Symbol]                       0x080018f4   Section        0  rcc.o(.text.RCC_Init)
    ResetParser                              0x08001a55   Thumb Code    24  mavlink_rx.o(.text.ResetParser)
    [Anonymous Symbol]                       0x08001a54   Section        0  mavlink_rx.o(.text.ResetParser)
    ResetParser                              0x08001a6d   Thumb Code    24  cyclops_rx.o(.text.ResetParser)
    [Anonymous Symbol]                       0x08001a6c   Section        0  cyclops_rx.o(.text.ResetParser)
    [Anonymous Symbol]                       0x08001a84   Section        0  gpio.o(.text.Safety_Read)
    [Anonymous Symbol]                       0x08001a94   Section        0  pwm.o(.text.Servo_Hold)
    [Anonymous Symbol]                       0x08001aa8   Section        0  pwm.o(.text.Servo_Release)
    SetSysClock                              0x08001abd   Thumb Code     8  system_stm32f10x.o(.text.SetSysClock)
    [Anonymous Symbol]                       0x08001abc   Section        0  system_stm32f10x.o(.text.SetSysClock)
    SetSysClockTo72                          0x08001ac5   Thumb Code   290  system_stm32f10x.o(.text.SetSysClockTo72)
    [Anonymous Symbol]                       0x08001ac4   Section        0  system_stm32f10x.o(.text.SetSysClockTo72)
    [Anonymous Symbol]                       0x08001be8   Section        0  timer.o(.text.StatusLedTimer_Init)
    [Anonymous Symbol]                       0x08001c5c   Section        0  gpio.o(.text.StatusLed_Toggle)
    SysTick_Config                           0x08001c71   Thumb Code    82  timer.o(.text.SysTick_Config)
    [Anonymous Symbol]                       0x08001c70   Section        0  timer.o(.text.SysTick_Config)
    [Anonymous Symbol]                       0x08001cc4   Section        0  timer.o(.text.SysTick_Handler)
    [Anonymous Symbol]                       0x08001cd4   Section        0  system_stm32f10x.o(.text.SystemInit)
    [Anonymous Symbol]                       0x08001d3c   Section        0  timer.o(.text.TIM3_IRQHandler)
    [Anonymous Symbol]                       0x08001d68   Section        0  timer.o(.text.Timeout)
    [Anonymous Symbol]                       0x08001d8c   Section        0  timer.o(.text.Timer_Init)
    [Anonymous Symbol]                       0x08001dac   Section        0  main.o(.text.USART1_IRQHandler)
    [Anonymous Symbol]                       0x08001de0   Section        0  usart.o(.text.USART1_SendArray)
    [Anonymous Symbol]                       0x08001e20   Section        0  usart.o(.text.USART1_SendByte)
    [Anonymous Symbol]                       0x08001e50   Section        0  main.o(.text.USART2_IRQHandler)
    [Anonymous Symbol]                       0x08001e78   Section        0  usart.o(.text.USART2_SendArray)
    [Anonymous Symbol]                       0x08001eb8   Section        0  usart.o(.text.USART2_SendByte)
    [Anonymous Symbol]                       0x08001ee8   Section        0  usart.o(.text.USART_Init)
    UpdateExpectedSize                       0x08001ff9   Thumb Code    76  mavlink_rx.o(.text.UpdateExpectedSize)
    [Anonymous Symbol]                       0x08001ff8   Section        0  mavlink_rx.o(.text.UpdateExpectedSize)
    XorData                                  0x08002045   Thumb Code    82  cyclops_tx.o(.text.XorData)
    [Anonymous Symbol]                       0x08002044   Section        0  cyclops_tx.o(.text.XorData)
    XorData                                  0x08002099   Thumb Code    82  cyclops_rx.o(.text.XorData)
    [Anonymous Symbol]                       0x08002098   Section        0  cyclops_rx.o(.text.XorData)
    __NVIC_EnableIRQ                         0x080020ed   Thumb Code    48  timer.o(.text.__NVIC_EnableIRQ)
    [Anonymous Symbol]                       0x080020ec   Section        0  timer.o(.text.__NVIC_EnableIRQ)
    __NVIC_EnableIRQ                         0x0800211d   Thumb Code    48  usart.o(.text.__NVIC_EnableIRQ)
    [Anonymous Symbol]                       0x0800211c   Section        0  usart.o(.text.__NVIC_EnableIRQ)
    __NVIC_SetPriority                       0x0800214d   Thumb Code    66  timer.o(.text.__NVIC_SetPriority)
    [Anonymous Symbol]                       0x0800214c   Section        0  timer.o(.text.__NVIC_SetPriority)
    _mav_parse_error                         0x08002191   Thumb Code    16  mavlink_rx.o(.text._mav_parse_error)
    [Anonymous Symbol]                       0x08002190   Section        0  mavlink_rx.o(.text._mav_parse_error)
    _mav_trim_payload                        0x080021a1   Thumb Code    74  mavlink_tx.o(.text._mav_trim_payload)
    [Anonymous Symbol]                       0x080021a0   Section        0  mavlink_tx.o(.text._mav_trim_payload)
    crc_accumulate                           0x080021ed   Thumb Code    60  mavlink_tx.o(.text.crc_accumulate)
    [Anonymous Symbol]                       0x080021ec   Section        0  mavlink_tx.o(.text.crc_accumulate)
    crc_accumulate                           0x08002229   Thumb Code    60  mavlink_rx.o(.text.crc_accumulate)
    [Anonymous Symbol]                       0x08002228   Section        0  mavlink_rx.o(.text.crc_accumulate)
    crc_accumulate_buffer                    0x08002265   Thumb Code    52  mavlink_tx.o(.text.crc_accumulate_buffer)
    [Anonymous Symbol]                       0x08002264   Section        0  mavlink_tx.o(.text.crc_accumulate_buffer)
    crc_calculate                            0x08002299   Thumb Code    56  mavlink_tx.o(.text.crc_calculate)
    [Anonymous Symbol]                       0x08002298   Section        0  mavlink_tx.o(.text.crc_calculate)
    crc_init                                 0x080022d1   Thumb Code    16  mavlink_tx.o(.text.crc_init)
    [Anonymous Symbol]                       0x080022d0   Section        0  mavlink_tx.o(.text.crc_init)
    crc_init                                 0x080022e1   Thumb Code    16  mavlink_rx.o(.text.crc_init)
    [Anonymous Symbol]                       0x080022e0   Section        0  mavlink_rx.o(.text.crc_init)
    [Anonymous Symbol]                       0x080022f0   Section        0  main.o(.text.main)
    mavlink_finalize_message                 0x08002379   Thumb Code    82  mavlink_tx.o(.text.mavlink_finalize_message)
    [Anonymous Symbol]                       0x08002378   Section        0  mavlink_tx.o(.text.mavlink_finalize_message)
    mavlink_finalize_message_buffer          0x080023cd   Thumb Code   558  mavlink_tx.o(.text.mavlink_finalize_message_buffer)
    [Anonymous Symbol]                       0x080023cc   Section        0  mavlink_tx.o(.text.mavlink_finalize_message_buffer)
    mavlink_finalize_message_chan            0x080025fd   Thumb Code    98  mavlink_tx.o(.text.mavlink_finalize_message_chan)
    [Anonymous Symbol]                       0x080025fc   Section        0  mavlink_tx.o(.text.mavlink_finalize_message_chan)
    mavlink_frame_char                       0x08002661   Thumb Code    62  mavlink_rx.o(.text.mavlink_frame_char)
    [Anonymous Symbol]                       0x08002660   Section        0  mavlink_rx.o(.text.mavlink_frame_char)
    mavlink_frame_char_buffer                0x080026a1   Thumb Code  1344  mavlink_rx.o(.text.mavlink_frame_char_buffer)
    [Anonymous Symbol]                       0x080026a0   Section        0  mavlink_rx.o(.text.mavlink_frame_char_buffer)
    mavlink_get_channel_buffer               0x08002be1   Thumb Code    30  mavlink_rx.o(.text.mavlink_get_channel_buffer)
    [Anonymous Symbol]                       0x08002be0   Section        0  mavlink_rx.o(.text.mavlink_get_channel_buffer)
    mavlink_get_channel_status               0x08002c01   Thumb Code    30  mavlink_tx.o(.text.mavlink_get_channel_status)
    [Anonymous Symbol]                       0x08002c00   Section        0  mavlink_tx.o(.text.mavlink_get_channel_status)
    mavlink_get_channel_status               0x08002c21   Thumb Code    30  mavlink_rx.o(.text.mavlink_get_channel_status)
    [Anonymous Symbol]                       0x08002c20   Section        0  mavlink_rx.o(.text.mavlink_get_channel_status)
    mavlink_get_msg_entry                    0x08002c41   Thumb Code   168  mavlink_rx.o(.text.mavlink_get_msg_entry)
    [Anonymous Symbol]                       0x08002c40   Section        0  mavlink_rx.o(.text.mavlink_get_msg_entry)
    mavlink_msg_battery_status_decode        0x08002ce9   Thumb Code    64  logic_cyclops.o(.text.mavlink_msg_battery_status_decode)
    [Anonymous Symbol]                       0x08002ce8   Section        0  logic_cyclops.o(.text.mavlink_msg_battery_status_decode)
    mavlink_msg_command_ack_decode           0x08002d29   Thumb Code    66  logic_cyclops.o(.text.mavlink_msg_command_ack_decode)
    [Anonymous Symbol]                       0x08002d28   Section        0  logic_cyclops.o(.text.mavlink_msg_command_ack_decode)
    mavlink_msg_command_ack_decode           0x08002d6d   Thumb Code    66  logic_drone.o(.text.mavlink_msg_command_ack_decode)
    [Anonymous Symbol]                       0x08002d6c   Section        0  logic_drone.o(.text.mavlink_msg_command_ack_decode)
    mavlink_msg_command_long_pack            0x08002db1   Thumb Code   178  mavlink_tx.o(.text.mavlink_msg_command_long_pack)
    [Anonymous Symbol]                       0x08002db0   Section        0  mavlink_tx.o(.text.mavlink_msg_command_long_pack)
    mavlink_msg_debug_decode                 0x08002e65   Thumb Code    66  logic_cyclops.o(.text.mavlink_msg_debug_decode)
    [Anonymous Symbol]                       0x08002e64   Section        0  logic_cyclops.o(.text.mavlink_msg_debug_decode)
    mavlink_msg_system_time_decode           0x08002ea9   Thumb Code    66  logic_cyclops.o(.text.mavlink_msg_system_time_decode)
    [Anonymous Symbol]                       0x08002ea8   Section        0  logic_cyclops.o(.text.mavlink_msg_system_time_decode)
    mavlink_msg_to_send_buffer               0x08002eed   Thumb Code   350  mavlink_tx.o(.text.mavlink_msg_to_send_buffer)
    [Anonymous Symbol]                       0x08002eec   Section        0  mavlink_tx.o(.text.mavlink_msg_to_send_buffer)
    mavlink_parse_char                       0x0800304d   Thumb Code   150  mavlink_rx.o(.text.mavlink_parse_char)
    [Anonymous Symbol]                       0x0800304c   Section        0  mavlink_rx.o(.text.mavlink_parse_char)
    mavlink_set_proto_version                0x080030e5   Thumb Code    56  mavlink_tx.o(.text.mavlink_set_proto_version)
    [Anonymous Symbol]                       0x080030e4   Section        0  mavlink_tx.o(.text.mavlink_set_proto_version)
    mavlink_sha256_calc                      0x0800311d   Thumb Code   420  mavlink_tx.o(.text.mavlink_sha256_calc)
    [Anonymous Symbol]                       0x0800311c   Section        0  mavlink_tx.o(.text.mavlink_sha256_calc)
    mavlink_sha256_calc                      0x080032c1   Thumb Code   420  mavlink_rx.o(.text.mavlink_sha256_calc)
    [Anonymous Symbol]                       0x080032c0   Section        0  mavlink_rx.o(.text.mavlink_sha256_calc)
    mavlink_sha256_final_48                  0x08003465   Thumb Code   202  mavlink_tx.o(.text.mavlink_sha256_final_48)
    [Anonymous Symbol]                       0x08003464   Section        0  mavlink_tx.o(.text.mavlink_sha256_final_48)
    mavlink_sha256_final_48                  0x08003531   Thumb Code   202  mavlink_rx.o(.text.mavlink_sha256_final_48)
    [Anonymous Symbol]                       0x08003530   Section        0  mavlink_rx.o(.text.mavlink_sha256_final_48)
    mavlink_sha256_init                      0x080035fd   Thumb Code   114  mavlink_tx.o(.text.mavlink_sha256_init)
    [Anonymous Symbol]                       0x080035fc   Section        0  mavlink_tx.o(.text.mavlink_sha256_init)
    mavlink_sha256_init                      0x08003671   Thumb Code   114  mavlink_rx.o(.text.mavlink_sha256_init)
    [Anonymous Symbol]                       0x08003670   Section        0  mavlink_rx.o(.text.mavlink_sha256_init)
    mavlink_sha256_update                    0x080036e5   Thumb Code   246  mavlink_tx.o(.text.mavlink_sha256_update)
    [Anonymous Symbol]                       0x080036e4   Section        0  mavlink_tx.o(.text.mavlink_sha256_update)
    mavlink_sha256_update                    0x080037dd   Thumb Code   246  mavlink_rx.o(.text.mavlink_sha256_update)
    [Anonymous Symbol]                       0x080037dc   Section        0  mavlink_rx.o(.text.mavlink_sha256_update)
    mavlink_sign_packet                      0x080038d5   Thumb Code   194  mavlink_tx.o(.text.mavlink_sign_packet)
    [Anonymous Symbol]                       0x080038d4   Section        0  mavlink_tx.o(.text.mavlink_sign_packet)
    mavlink_signature_check                  0x08003999   Thumb Code   616  mavlink_rx.o(.text.mavlink_signature_check)
    [Anonymous Symbol]                       0x08003998   Section        0  mavlink_rx.o(.text.mavlink_signature_check)
    mavlink_start_checksum                   0x08003c01   Thumb Code    32  mavlink_rx.o(.text.mavlink_start_checksum)
    [Anonymous Symbol]                       0x08003c00   Section        0  mavlink_rx.o(.text.mavlink_start_checksum)
    mavlink_update_checksum                  0x08003c21   Thumb Code    40  mavlink_rx.o(.text.mavlink_update_checksum)
    [Anonymous Symbol]                       0x08003c20   Section        0  mavlink_rx.o(.text.mavlink_update_checksum)
    x$fpl$fcmp                               0x08003c48   Section       84  fcmp.o(x$fpl$fcmp)
    x$fpl$fcmpinf                            0x08003c9c   Section       24  fcmpi.o(x$fpl$fcmpinf)
    x$fpl$feqf                               0x08003cb4   Section      104  feqf.o(x$fpl$feqf)
    x$fpl$ffix                               0x08003d1c   Section       54  ffix.o(x$fpl$ffix)
    x$fpl$fgeqf                              0x08003d54   Section      104  fgeqf.o(x$fpl$fgeqf)
    x$fpl$fleqf                              0x08003dbc   Section      104  fleqf.o(x$fpl$fleqf)
    x$fpl$fnaninf                            0x08003e24   Section      140  fnaninf.o(x$fpl$fnaninf)
    mavlink_get_msg_entry.mavlink_message_crcs 0x08003eb0   Data        2808  mavlink_rx.o(.rodata.mavlink_get_msg_entry.mavlink_message_crcs)
    [Anonymous Symbol]                       0x08003eb0   Section        0  mavlink_rx.o(.rodata.mavlink_get_msg_entry.mavlink_message_crcs)
    x$fpl$usenofp                            0x08003eb0   Section        0  usenofp.o(x$fpl$usenofp)
    mavlink_sha256_constant_256              0x080049a8   Data         256  mavlink_tx.o(.rodata.mavlink_sha256_constant_256)
    [Anonymous Symbol]                       0x080049a8   Section        0  mavlink_tx.o(.rodata.mavlink_sha256_constant_256)
    mavlink_sha256_constant_256              0x08004aa8   Data         256  mavlink_rx.o(.rodata.mavlink_sha256_constant_256)
    [Anonymous Symbol]                       0x08004aa8   Section        0  mavlink_rx.o(.rodata.mavlink_sha256_constant_256)
    .bss                                     0x20000008   Section       96  libspace.o(.bss)
    Tick                                     0x20000068   Data           4  timer.o(.bss.Tick)
    [Anonymous Symbol]                       0x20000068   Section        0  timer.o(.bss.Tick)
    buf                                      0x2000006c   Data         280  mavlink_rx.o(.bss.buf)
    [Anonymous Symbol]                       0x2000006c   Section        0  mavlink_rx.o(.bss.buf)
    buf                                      0x20000184   Data         262  cyclops_rx.o(.bss.buf)
    [Anonymous Symbol]                       0x20000184   Section        0  cyclops_rx.o(.bss.buf)
    cyclops_connected                        0x2000028a   Data           1  main.o(.bss.cyclops_connected)
    [Anonymous Symbol]                       0x2000028a   Section        0  main.o(.bss.cyclops_connected)
    drone_state                              0x20000b6e   Data           1  logic_drone.o(.bss.drone_state)
    [Anonymous Symbol]                       0x20000b6e   Section        0  logic_drone.o(.bss.drone_state)
    expected                                 0x20000b70   Data           2  mavlink_rx.o(.bss.expected)
    [Anonymous Symbol]                       0x20000b70   Section        0  mavlink_rx.o(.bss.expected)
    expected                                 0x20000b72   Data           2  cyclops_rx.o(.bss.expected)
    [Anonymous Symbol]                       0x20000b72   Section        0  cyclops_rx.o(.bss.expected)
    lastLaunch                               0x20000b74   Data           1  logic_drone.o(.bss.lastLaunch)
    [Anonymous Symbol]                       0x20000b74   Section        0  logic_drone.o(.bss.lastLaunch)
    mavlink_get_channel_buffer.m_mavlink_buffer 0x20000b76   Data        1164  mavlink_rx.o(.bss.mavlink_get_channel_buffer.m_mavlink_buffer)
    [Anonymous Symbol]                       0x20000b76   Section        0  mavlink_rx.o(.bss.mavlink_get_channel_buffer.m_mavlink_buffer)
    mavlink_get_channel_status.m_mavlink_status 0x20001004   Data          96  mavlink_tx.o(.bss.mavlink_get_channel_status.m_mavlink_status)
    [Anonymous Symbol]                       0x20001004   Section        0  mavlink_tx.o(.bss.mavlink_get_channel_status.m_mavlink_status)
    mavlink_get_channel_status.m_mavlink_status 0x20001064   Data          96  mavlink_rx.o(.bss.mavlink_get_channel_status.m_mavlink_status)
    [Anonymous Symbol]                       0x20001064   Section        0  mavlink_rx.o(.bss.mavlink_get_channel_status.m_mavlink_status)
    pos                                      0x200019a6   Data           2  mavlink_rx.o(.bss.pos)
    [Anonymous Symbol]                       0x200019a6   Section        0  mavlink_rx.o(.bss.pos)
    pos                                      0x200019a8   Data           2  cyclops_rx.o(.bss.pos)
    [Anonymous Symbol]                       0x200019a8   Section        0  cyclops_rx.o(.bss.pos)
    stateTime                                0x200019ac   Data           4  logic_drone.o(.bss.stateTime)
    [Anonymous Symbol]                       0x200019ac   Section        0  logic_drone.o(.bss.stateTime)
    Heap_Mem                                 0x200019b0   Data         512  startup_stm32f10x_md.o(HEAP)
    HEAP                                     0x200019b0   Section      512  startup_stm32f10x_md.o(HEAP)
    Stack_Mem                                0x20001bb0   Data        1024  startup_stm32f10x_md.o(STACK)
    STACK                                    0x20001bb0   Section     1024  startup_stm32f10x_md.o(STACK)
    __initial_sp                             0x20001fb0   Data           0  startup_stm32f10x_md.o(STACK)

    Global Symbols

    Symbol Name                              Value     Ov Type        Size  Object(Section)

    BuildAttributes$$THM_ISAv4$P$D$K$B$S$PE$A:L22UL41UL21$X:L11$S22US41US21$IEEE1$IW$~IW$USESV6$~STKCKD$USESV7$~SHL$OSPACE$ROPI$EBA8$UX$STANDARDLIB$REQ8$PRES8$EABIv2 0x00000000   Number         0  anon$$obj.o ABSOLUTE
    __fp_init_empty                          0x00000000   Number         0  fpinit_empty.o ABSOLUTE
    __ARM_exceptions_init                     - Undefined Weak Reference
    __alloca_initialize                       - Undefined Weak Reference
    __arm_preinit_                            - Undefined Weak Reference
    __arm_relocate_pie_                       - Undefined Weak Reference
    __cpp_initialize__aeabi_                  - Undefined Weak Reference
    __cxa_finalize                            - Undefined Weak Reference
    __rt_locale                               - Undefined Weak Reference
    __sigvec_lookup                           - Undefined Weak Reference
    _atexit_init                              - Undefined Weak Reference
    _call_atexit_fns                          - Undefined Weak Reference
    _clock_init                               - Undefined Weak Reference
    _fp_trap_init                             - Undefined Weak Reference
    _fp_trap_shutdown                         - Undefined Weak Reference
    _get_lc_collate                           - Undefined Weak Reference
    _get_lc_ctype                             - Undefined Weak Reference
    _get_lc_monetary                          - Undefined Weak Reference
    _get_lc_numeric                           - Undefined Weak Reference
    _get_lc_time                              - Undefined Weak Reference
    _getenv_init                              - Undefined Weak Reference
    _handle_redirection                       - Undefined Weak Reference
    _init_alloc                               - Undefined Weak Reference
    _init_user_alloc                          - Undefined Weak Reference
    _initio                                   - Undefined Weak Reference
    _rand_init                                - Undefined Weak Reference
    _signal_finish                            - Undefined Weak Reference
    _signal_init                              - Undefined Weak Reference
    _terminate_alloc                          - Undefined Weak Reference
    _terminate_user_alloc                     - Undefined Weak Reference
    _terminateio                              - Undefined Weak Reference
    __Vectors_Size                           0x000000ec   Number         0  startup_stm32f10x_md.o ABSOLUTE
    __Vectors                                0x08000000   Data           4  startup_stm32f10x_md.o(RESET)
    __Vectors_End                            0x080000ec   Data           0  startup_stm32f10x_md.o(RESET)
    __main                                   0x080000ed   Thumb Code     8  __main.o(!!!main)
    __scatterload                            0x080000f5   Thumb Code     0  __scatter.o(!!!scatter)
    __scatterload_rt2                        0x080000f5   Thumb Code    44  __scatter.o(!!!scatter)
    __scatterload_rt2_thumb_only             0x080000f5   Thumb Code     0  __scatter.o(!!!scatter)
    __scatterload_null                       0x08000103   Thumb Code     0  __scatter.o(!!!scatter)
    __scatterload_copy                       0x08000129   Thumb Code    26  __scatter_copy.o(!!handler_copy)
    __scatterload_zeroinit                   0x08000145   Thumb Code    28  __scatter_zi.o(!!handler_zi)
    __rt_lib_init                            0x08000161   Thumb Code     0  libinit.o(.ARM.Collect$$libinit$$00000000)
    __rt_lib_init_alloca_1                   0x08000163   Thumb Code     0  libinit2.o(.ARM.Collect$$libinit$$00000030)
    __rt_lib_init_argv_1                     0x08000163   Thumb Code     0  libinit2.o(.ARM.Collect$$libinit$$0000002E)
    __rt_lib_init_atexit_1                   0x08000163   Thumb Code     0  libinit2.o(.ARM.Collect$$libinit$$0000001D)
    __rt_lib_init_clock_1                    0x08000163   Thumb Code     0  libinit2.o(.ARM.Collect$$libinit$$00000023)
    __rt_lib_init_cpp_1                      0x08000163   Thumb Code     0  libinit2.o(.ARM.Collect$$libinit$$00000034)
    __rt_lib_init_exceptions_1               0x08000163   Thumb Code     0  libinit2.o(.ARM.Collect$$libinit$$00000032)
    __rt_lib_init_fp_1                       0x08000163   Thumb Code     0  libinit2.o(.ARM.Collect$$libinit$$00000002)
    __rt_lib_init_fp_trap_1                  0x08000163   Thumb Code     0  libinit2.o(.ARM.Collect$$libinit$$00000021)
    __rt_lib_init_getenv_1                   0x08000163   Thumb Code     0  libinit2.o(.ARM.Collect$$libinit$$00000025)
    __rt_lib_init_heap_1                     0x08000163   Thumb Code     0  libinit2.o(.ARM.Collect$$libinit$$0000000C)
    __rt_lib_init_lc_collate_1               0x08000163   Thumb Code     0  libinit2.o(.ARM.Collect$$libinit$$00000013)
    __rt_lib_init_lc_ctype_1                 0x08000163   Thumb Code     0  libinit2.o(.ARM.Collect$$libinit$$00000015)
    __rt_lib_init_lc_monetary_1              0x08000163   Thumb Code     0  libinit2.o(.ARM.Collect$$libinit$$00000017)
    __rt_lib_init_lc_numeric_1               0x08000163   Thumb Code     0  libinit2.o(.ARM.Collect$$libinit$$00000019)
    __rt_lib_init_lc_time_1                  0x08000163   Thumb Code     0  libinit2.o(.ARM.Collect$$libinit$$0000001B)
    __rt_lib_init_preinit_1                  0x08000163   Thumb Code     0  libinit2.o(.ARM.Collect$$libinit$$00000006)
    __rt_lib_init_rand_1                     0x08000163   Thumb Code     0  libinit2.o(.ARM.Collect$$libinit$$00000010)
    __rt_lib_init_relocate_pie_1             0x08000163   Thumb Code     0  libinit2.o(.ARM.Collect$$libinit$$00000004)
    __rt_lib_init_return                     0x08000163   Thumb Code     0  libinit2.o(.ARM.Collect$$libinit$$00000035)
    __rt_lib_init_signal_1                   0x08000163   Thumb Code     0  libinit2.o(.ARM.Collect$$libinit$$0000001F)
    __rt_lib_init_stdio_1                    0x08000163   Thumb Code     0  libinit2.o(.ARM.Collect$$libinit$$00000027)
    __rt_lib_init_user_alloc_1               0x08000163   Thumb Code     0  libinit2.o(.ARM.Collect$$libinit$$0000000E)
    __rt_lib_shutdown                        0x08000165   Thumb Code     0  libshutdown.o(.ARM.Collect$$libshutdown$$00000000)
    __rt_lib_shutdown_cpp_1                  0x08000167   Thumb Code     0  libshutdown2.o(.ARM.Collect$$libshutdown$$00000002)
    __rt_lib_shutdown_fp_trap_1              0x08000167   Thumb Code     0  libshutdown2.o(.ARM.Collect$$libshutdown$$00000007)
    __rt_lib_shutdown_heap_1                 0x08000167   Thumb Code     0  libshutdown2.o(.ARM.Collect$$libshutdown$$0000000F)
    __rt_lib_shutdown_return                 0x08000167   Thumb Code     0  libshutdown2.o(.ARM.Collect$$libshutdown$$00000010)
    __rt_lib_shutdown_signal_1               0x08000167   Thumb Code     0  libshutdown2.o(.ARM.Collect$$libshutdown$$0000000A)
    __rt_lib_shutdown_stdio_1                0x08000167   Thumb Code     0  libshutdown2.o(.ARM.Collect$$libshutdown$$00000004)
    __rt_lib_shutdown_user_alloc_1           0x08000167   Thumb Code     0  libshutdown2.o(.ARM.Collect$$libshutdown$$0000000C)
    __rt_entry                               0x08000169   Thumb Code     0  __rtentry.o(.ARM.Collect$$rtentry$$00000000)
    __rt_entry_presh_1                       0x08000169   Thumb Code     0  __rtentry2.o(.ARM.Collect$$rtentry$$00000002)
    __rt_entry_sh                            0x08000169   Thumb Code     0  __rtentry4.o(.ARM.Collect$$rtentry$$00000004)
    __rt_entry_li                            0x0800016f   Thumb Code     0  __rtentry2.o(.ARM.Collect$$rtentry$$0000000A)
    __rt_entry_postsh_1                      0x0800016f   Thumb Code     0  __rtentry2.o(.ARM.Collect$$rtentry$$00000009)
    __rt_entry_main                          0x08000173   Thumb Code     0  __rtentry2.o(.ARM.Collect$$rtentry$$0000000D)
    __rt_entry_postli_1                      0x08000173   Thumb Code     0  __rtentry2.o(.ARM.Collect$$rtentry$$0000000C)
    __rt_exit                                0x0800017b   Thumb Code     0  rtexit.o(.ARM.Collect$$rtexit$$00000000)
    __rt_exit_ls                             0x0800017d   Thumb Code     0  rtexit2.o(.ARM.Collect$$rtexit$$00000003)
    __rt_exit_prels_1                        0x0800017d   Thumb Code     0  rtexit2.o(.ARM.Collect$$rtexit$$00000002)
    __rt_exit_exit                           0x08000181   Thumb Code     0  rtexit2.o(.ARM.Collect$$rtexit$$00000004)
    Reset_Handler                            0x08000189   Thumb Code     8  startup_stm32f10x_md.o(.text)
    NMI_Handler                              0x08000191   Thumb Code     2  startup_stm32f10x_md.o(.text)
    HardFault_Handler                        0x08000193   Thumb Code     2  startup_stm32f10x_md.o(.text)
    MemManage_Handler                        0x08000195   Thumb Code     2  startup_stm32f10x_md.o(.text)
    BusFault_Handler                         0x08000197   Thumb Code     2  startup_stm32f10x_md.o(.text)
    UsageFault_Handler                       0x08000199   Thumb Code     2  startup_stm32f10x_md.o(.text)
    SVC_Handler                              0x0800019b   Thumb Code     2  startup_stm32f10x_md.o(.text)
    DebugMon_Handler                         0x0800019d   Thumb Code     2  startup_stm32f10x_md.o(.text)
    PendSV_Handler                           0x0800019f   Thumb Code     2  startup_stm32f10x_md.o(.text)
    ADC1_2_IRQHandler                        0x080001a3   Thumb Code     0  startup_stm32f10x_md.o(.text)
    CAN1_RX1_IRQHandler                      0x080001a3   Thumb Code     0  startup_stm32f10x_md.o(.text)
    CAN1_SCE_IRQHandler                      0x080001a3   Thumb Code     0  startup_stm32f10x_md.o(.text)
    DMA1_Channel1_IRQHandler                 0x080001a3   Thumb Code     0  startup_stm32f10x_md.o(.text)
    DMA1_Channel2_IRQHandler                 0x080001a3   Thumb Code     0  startup_stm32f10x_md.o(.text)
    DMA1_Channel3_IRQHandler                 0x080001a3   Thumb Code     0  startup_stm32f10x_md.o(.text)
    DMA1_Channel4_IRQHandler                 0x080001a3   Thumb Code     0  startup_stm32f10x_md.o(.text)
    DMA1_Channel5_IRQHandler                 0x080001a3   Thumb Code     0  startup_stm32f10x_md.o(.text)
    DMA1_Channel6_IRQHandler                 0x080001a3   Thumb Code     0  startup_stm32f10x_md.o(.text)
    DMA1_Channel7_IRQHandler                 0x080001a3   Thumb Code     0  startup_stm32f10x_md.o(.text)
    EXTI0_IRQHandler                         0x080001a3   Thumb Code     0  startup_stm32f10x_md.o(.text)
    EXTI15_10_IRQHandler                     0x080001a3   Thumb Code     0  startup_stm32f10x_md.o(.text)
    EXTI1_IRQHandler                         0x080001a3   Thumb Code     0  startup_stm32f10x_md.o(.text)
    EXTI2_IRQHandler                         0x080001a3   Thumb Code     0  startup_stm32f10x_md.o(.text)
    EXTI3_IRQHandler                         0x080001a3   Thumb Code     0  startup_stm32f10x_md.o(.text)
    EXTI4_IRQHandler                         0x080001a3   Thumb Code     0  startup_stm32f10x_md.o(.text)
    EXTI9_5_IRQHandler                       0x080001a3   Thumb Code     0  startup_stm32f10x_md.o(.text)
    FLASH_IRQHandler                         0x080001a3   Thumb Code     0  startup_stm32f10x_md.o(.text)
    I2C1_ER_IRQHandler                       0x080001a3   Thumb Code     0  startup_stm32f10x_md.o(.text)
    I2C1_EV_IRQHandler                       0x080001a3   Thumb Code     0  startup_stm32f10x_md.o(.text)
    I2C2_ER_IRQHandler                       0x080001a3   Thumb Code     0  startup_stm32f10x_md.o(.text)
    I2C2_EV_IRQHandler                       0x080001a3   Thumb Code     0  startup_stm32f10x_md.o(.text)
    PVD_IRQHandler                           0x080001a3   Thumb Code     0  startup_stm32f10x_md.o(.text)
    RCC_IRQHandler                           0x080001a3   Thumb Code     0  startup_stm32f10x_md.o(.text)
    RTCAlarm_IRQHandler                      0x080001a3   Thumb Code     0  startup_stm32f10x_md.o(.text)
    RTC_IRQHandler                           0x080001a3   Thumb Code     0  startup_stm32f10x_md.o(.text)
    SPI1_IRQHandler                          0x080001a3   Thumb Code     0  startup_stm32f10x_md.o(.text)
    SPI2_IRQHandler                          0x080001a3   Thumb Code     0  startup_stm32f10x_md.o(.text)
    TAMPER_IRQHandler                        0x080001a3   Thumb Code     0  startup_stm32f10x_md.o(.text)
    TIM1_BRK_IRQHandler                      0x080001a3   Thumb Code     0  startup_stm32f10x_md.o(.text)
    TIM1_CC_IRQHandler                       0x080001a3   Thumb Code     0  startup_stm32f10x_md.o(.text)
    TIM1_TRG_COM_IRQHandler                  0x080001a3   Thumb Code     0  startup_stm32f10x_md.o(.text)
    TIM1_UP_IRQHandler                       0x080001a3   Thumb Code     0  startup_stm32f10x_md.o(.text)
    TIM2_IRQHandler                          0x080001a3   Thumb Code     0  startup_stm32f10x_md.o(.text)
    TIM4_IRQHandler                          0x080001a3   Thumb Code     0  startup_stm32f10x_md.o(.text)
    USART3_IRQHandler                        0x080001a3   Thumb Code     0  startup_stm32f10x_md.o(.text)
    USBWakeUp_IRQHandler                     0x080001a3   Thumb Code     0  startup_stm32f10x_md.o(.text)
    USB_HP_CAN1_TX_IRQHandler                0x080001a3   Thumb Code     0  startup_stm32f10x_md.o(.text)
    USB_LP_CAN1_RX0_IRQHandler               0x080001a3   Thumb Code     0  startup_stm32f10x_md.o(.text)
    WWDG_IRQHandler                          0x080001a3   Thumb Code     0  startup_stm32f10x_md.o(.text)
    __user_initial_stackheap                 0x080001a5   Thumb Code     0  startup_stm32f10x_md.o(.text)
    memcmp                                   0x080001c9   Thumb Code    88  memcmp.o(.text)
    __aeabi_memcpy                           0x08000221   Thumb Code     0  rt_memcpy_v6.o(.text)
    __rt_memcpy                              0x08000221   Thumb Code   138  rt_memcpy_v6.o(.text)
    _memcpy_lastbytes                        0x08000287   Thumb Code     0  rt_memcpy_v6.o(.text)
    __aeabi_memclr                           0x080002ab   Thumb Code     0  rt_memclr.o(.text)
    __rt_memclr                              0x080002ab   Thumb Code     0  rt_memclr.o(.text)
    _memset                                  0x080002af   Thumb Code    64  rt_memclr.o(.text)
    __use_two_region_memory                  0x080002ef   Thumb Code     2  heapauxi.o(.text)
    __rt_heap_escrow$2region                 0x080002f1   Thumb Code     2  heapauxi.o(.text)
    __rt_heap_expand$2region                 0x080002f3   Thumb Code     2  heapauxi.o(.text)
    __aeabi_memcpy4                          0x080002f5   Thumb Code     0  rt_memcpy_w.o(.text)
    __aeabi_memcpy8                          0x080002f5   Thumb Code     0  rt_memcpy_w.o(.text)
    __rt_memcpy_w                            0x080002f5   Thumb Code   100  rt_memcpy_w.o(.text)
    _memcpy_lastbytes_aligned                0x0800033d   Thumb Code     0  rt_memcpy_w.o(.text)
    __aeabi_memclr4                          0x08000359   Thumb Code     0  rt_memclr_w.o(.text)
    __aeabi_memclr8                          0x08000359   Thumb Code     0  rt_memclr_w.o(.text)
    __rt_memclr_w                            0x08000359   Thumb Code     0  rt_memclr_w.o(.text)
    _memset_w                                0x0800035d   Thumb Code    74  rt_memclr_w.o(.text)
    __user_setup_stackheap                   0x080003a7   Thumb Code    74  sys_stackheap_outer.o(.text)
    exit                                     0x080003f1   Thumb Code    18  exit.o(.text)
    __user_libspace                          0x08000405   Thumb Code     8  libspace.o(.text)
    __user_perproc_libspace                  0x08000405   Thumb Code     0  libspace.o(.text)
    __user_perthread_libspace                0x08000405   Thumb Code     0  libspace.o(.text)
    _sys_exit                                0x0800040d   Thumb Code     8  sys_exit.o(.text)
    __I$use$semihosting                      0x08000419   Thumb Code     0  use_no_semi.o(.text)
    __use_no_semihosting_swi                 0x08000419   Thumb Code     2  use_no_semi.o(.text)
    __semihosting_library_function           0x0800041b   Thumb Code     0  indicate_semi.o(.text)
    Convert_msg_to_mavlink                   0x0800041d   Thumb Code   128  mavlink_rx.o(.text.Convert_msg_to_mavlink)
    CyclopsTx_BuildPacket                    0x08000509   Thumb Code   196  cyclops_tx.o(.text.CyclopsTx_BuildPacket)
    Cyclops_RxByte                           0x080005cd   Thumb Code   346  cyclops_rx.o(.text.Cyclops_RxByte)
    Cyclops_SendResponse                     0x08000729   Thumb Code    76  cyclops_tx.o(.text.Cyclops_SendResponse)
    DelayMs                                  0x08000775   Thumb Code    48  timer.o(.text.DelayMs)
    DroneResponseWaitCycle                   0x080007a5   Thumb Code   146  logic_cyclops.o(.text.DroneResponseWaitCycle)
    End_Read                                 0x08000839   Thumb Code    16  gpio.o(.text.End_Read)
    GPIO_Init                                0x08000849   Thumb Code   210  gpio.o(.text.GPIO_Init)
    GetTick                                  0x0800091d   Thumb Code    12  timer.o(.text.GetTick)
    Launch_Read                              0x08000929   Thumb Code    16  gpio.o(.text.Launch_Read)
    LogicCyclops_ProcessMessage              0x08000939   Thumb Code  1808  logic_cyclops.o(.text.LogicCyclops_ProcessMessage)
    LogicDrone_DroneResponseWaitCycle        0x08001049   Thumb Code   146  logic_drone.o(.text.LogicDrone_DroneResponseWaitCycle)
    LogicDrone_Init                          0x080010dd   Thumb Code    62  logic_drone.o(.text.LogicDrone_Init)
    LogicDrone_Process                       0x0800111d   Thumb Code   478  logic_drone.o(.text.LogicDrone_Process)
    LogicDrone_SetDroneState                 0x080012fd   Thumb Code    24  logic_drone.o(.text.LogicDrone_SetDroneState)
    MavlinkTx_HwReset                        0x0800136d   Thumb Code    12  mavlink_tx.o(.text.MavlinkTx_HwReset)
    MavlinkTx_Init                           0x08001379   Thumb Code    12  mavlink_tx.o(.text.MavlinkTx_Init)
    MavlinkTx_SendCancel                     0x08001385   Thumb Code    12  mavlink_tx.o(.text.MavlinkTx_SendCancel)
    MavlinkTx_SendFly                        0x080013e5   Thumb Code    12  mavlink_tx.o(.text.MavlinkTx_SendFly)
    MavlinkTx_SendGetDetections              0x080013f1   Thumb Code    12  mavlink_tx.o(.text.MavlinkTx_SendGetDetections)
    MavlinkTx_SendInit                       0x080013fd   Thumb Code    12  mavlink_tx.o(.text.MavlinkTx_SendInit)
    MavlinkTx_SendPrepare                    0x08001409   Thumb Code    12  mavlink_tx.o(.text.MavlinkTx_SendPrepare)
    MavlinkTx_SwReset                        0x08001415   Thumb Code    12  mavlink_tx.o(.text.MavlinkTx_SwReset)
    Mavlink_RxByte                           0x08001421   Thumb Code   292  mavlink_rx.o(.text.Mavlink_RxByte)
    MessageQueue_Clear                       0x08001545   Thumb Code    30  message_queue.o(.text.MessageQueue_Clear)
    MessageQueue_PeekLast                    0x08001565   Thumb Code   130  message_queue.o(.text.MessageQueue_PeekLast)
    MessageQueue_Pop                         0x080015e9   Thumb Code   110  message_queue.o(.text.MessageQueue_Pop)
    MessageQueue_Push                        0x08001659   Thumb Code   104  message_queue.o(.text.MessageQueue_Push)
    Optocouplers_Enable                      0x080016ed   Thumb Code    22  gpio.o(.text.Optocouplers_Enable)
    PWM_Init                                 0x08001705   Thumb Code   190  pwm.o(.text.PWM_Init)
    PWM_InitServo                            0x080017c5   Thumb Code    22  pwm.o(.text.PWM_InitServo)
    PWM_SetUs                                0x080017dd   Thumb Code    22  pwm.o(.text.PWM_SetUs)
    RCC_Init                                 0x080018f5   Thumb Code   352  rcc.o(.text.RCC_Init)
    Safety_Read                              0x08001a85   Thumb Code    16  gpio.o(.text.Safety_Read)
    Servo_Hold                               0x08001a95   Thumb Code    20  pwm.o(.text.Servo_Hold)
    Servo_Release                            0x08001aa9   Thumb Code    20  pwm.o(.text.Servo_Release)
    StatusLedTimer_Init                      0x08001be9   Thumb Code   114  timer.o(.text.StatusLedTimer_Init)
    StatusLed_Toggle                         0x08001c5d   Thumb Code    18  gpio.o(.text.StatusLed_Toggle)
    SysTick_Handler                          0x08001cc5   Thumb Code    16  timer.o(.text.SysTick_Handler)
    SystemInit                               0x08001cd5   Thumb Code   102  system_stm32f10x.o(.text.SystemInit)
    TIM3_IRQHandler                          0x08001d3d   Thumb Code    42  timer.o(.text.TIM3_IRQHandler)
    Timeout                                  0x08001d69   Thumb Code    34  timer.o(.text.Timeout)
    Timer_Init                               0x08001d8d   Thumb Code    32  timer.o(.text.Timer_Init)
    USART1_IRQHandler                        0x08001dad   Thumb Code    52  main.o(.text.USART1_IRQHandler)
    USART1_SendArray                         0x08001de1   Thumb Code    62  usart.o(.text.USART1_SendArray)
    USART1_SendByte                          0x08001e21   Thumb Code    46  usart.o(.text.USART1_SendByte)
    USART2_IRQHandler                        0x08001e51   Thumb Code    40  main.o(.text.USART2_IRQHandler)
    USART2_SendArray                         0x08001e79   Thumb Code    62  usart.o(.text.USART2_SendArray)
    USART2_SendByte                          0x08001eb9   Thumb Code    46  usart.o(.text.USART2_SendByte)
    USART_Init                               0x08001ee9   Thumb Code   270  usart.o(.text.USART_Init)
    main                                     0x080022f1   Thumb Code   136  main.o(.text.main)
    __aeabi_fcmpeq                           0x08003c49   Thumb Code     0  fcmp.o(x$fpl$fcmp)
    _feq                                     0x08003c49   Thumb Code    14  fcmp.o(x$fpl$fcmp)
    _fneq                                    0x08003c57   Thumb Code    14  fcmp.o(x$fpl$fcmp)
    __aeabi_fcmpgt                           0x08003c65   Thumb Code     0  fcmp.o(x$fpl$fcmp)
    _fgr                                     0x08003c65   Thumb Code    14  fcmp.o(x$fpl$fcmp)
    __aeabi_fcmpge                           0x08003c73   Thumb Code     0  fcmp.o(x$fpl$fcmp)
    _fgeq                                    0x08003c73   Thumb Code    14  fcmp.o(x$fpl$fcmp)
    __aeabi_fcmple                           0x08003c81   Thumb Code     0  fcmp.o(x$fpl$fcmp)
    _fleq                                    0x08003c81   Thumb Code    14  fcmp.o(x$fpl$fcmp)
    __aeabi_fcmplt                           0x08003c8f   Thumb Code     0  fcmp.o(x$fpl$fcmp)
    _fls                                     0x08003c8f   Thumb Code    14  fcmp.o(x$fpl$fcmp)
    __fpl_fcmp_Inf                           0x08003c9d   Thumb Code    24  fcmpi.o(x$fpl$fcmpinf)
    __aeabi_cfcmpeq                          0x08003cb5   Thumb Code     0  feqf.o(x$fpl$feqf)
    _fcmpeq                                  0x08003cb5   Thumb Code   104  feqf.o(x$fpl$feqf)
    __aeabi_f2iz                             0x08003d1d   Thumb Code     0  ffix.o(x$fpl$ffix)
    _ffix                                    0x08003d1d   Thumb Code    54  ffix.o(x$fpl$ffix)
    _fcmpge                                  0x08003d55   Thumb Code   104  fgeqf.o(x$fpl$fgeqf)
    __aeabi_cfcmple                          0x08003dbd   Thumb Code     0  fleqf.o(x$fpl$fleqf)
    _fcmple                                  0x08003dbd   Thumb Code   104  fleqf.o(x$fpl$fleqf)
    __fpl_fcmple_InfNaN                      0x08003e0f   Thumb Code     0  fleqf.o(x$fpl$fleqf)
    __fpl_fnaninf                            0x08003e25   Thumb Code   140  fnaninf.o(x$fpl$fnaninf)
    __I$use$fp                               0x08003eb0   Number         0  usenofp.o(x$fpl$usenofp)
    Region$$Table$$Base                      0x08004ba8   Number         0  anon$$obj.o(Region$$Table)
    Region$$Table$$Limit                     0x08004bc8   Number         0  anon$$obj.o(Region$$Table)
    ServoPWM                                 0x20000000   Data           4  pwm.o(.data.ServoPWM)
    SystemCoreClock                          0x20000004   Data           4  system_stm32f10x.o(.data.SystemCoreClock)
    __libspace_start                         0x20000008   Data          96  libspace.o(.bss)
    __temporary_stack_top$libspace           0x20000068   Data           0  libspace.o(.bss)
    cyclops_message_queue                    0x2000028c   Data        2274  message_queue.o(.bss.cyclops_message_queue)
    logic_drone_state                        0x20000b75   Data           1  logic_drone.o(.bss.logic_drone_state)
    mavlink_message_queue                    0x200010c4   Data        2274  message_queue.o(.bss.mavlink_message_queue)



==============================================================================

Memory Map of the image

  Image Entry point : 0x08000189

  Load Region LR_1 (Base: 0x08000000, Size: 0x00004bd0, Max: 0xffffffff, ABSOLUTE)

    Execution Region ER_RO (Exec base: 0x08000000, Load base: 0x08000000, Size: 0x00004bc8, Max: 0xffffffff, ABSOLUTE)

    Exec Addr    Load Addr    Size         Type   Attr      Idx    E Section Name        Object

    0x08000000   0x08000000   0x000000ec   Data   RO          327    RESET               startup_stm32f10x_md.o
    0x080000ec   0x080000ec   0x00000008   Code   RO          361  * !!!main             c_w.l(__main.o)
    0x080000f4   0x080000f4   0x00000034   Code   RO          547    !!!scatter          c_w.l(__scatter.o)
    0x08000128   0x08000128   0x0000001a   Code   RO          549    !!handler_copy      c_w.l(__scatter_copy.o)
    0x08000142   0x08000142   0x00000002   PAD
    0x08000144   0x08000144   0x0000001c   Code   RO          551    !!handler_zi        c_w.l(__scatter_zi.o)
    0x08000160   0x08000160   0x00000002   Code   RO          409    .ARM.Collect$$libinit$$00000000  c_w.l(libinit.o)
    0x08000162   0x08000162   0x00000000   Code   RO          416    .ARM.Collect$$libinit$$00000002  c_w.l(libinit2.o)
    0x08000162   0x08000162   0x00000000   Code   RO          418    .ARM.Collect$$libinit$$00000004  c_w.l(libinit2.o)
    0x08000162   0x08000162   0x00000000   Code   RO          420    .ARM.Collect$$libinit$$00000006  c_w.l(libinit2.o)
    0x08000162   0x08000162   0x00000000   Code   RO          423    .ARM.Collect$$libinit$$0000000C  c_w.l(libinit2.o)
    0x08000162   0x08000162   0x00000000   Code   RO          425    .ARM.Collect$$libinit$$0000000E  c_w.l(libinit2.o)
    0x08000162   0x08000162   0x00000000   Code   RO          427    .ARM.Collect$$libinit$$00000010  c_w.l(libinit2.o)
    0x08000162   0x08000162   0x00000000   Code   RO          430    .ARM.Collect$$libinit$$00000013  c_w.l(libinit2.o)
    0x08000162   0x08000162   0x00000000   Code   RO          432    .ARM.Collect$$libinit$$00000015  c_w.l(libinit2.o)
    0x08000162   0x08000162   0x00000000   Code   RO          434    .ARM.Collect$$libinit$$00000017  c_w.l(libinit2.o)
    0x08000162   0x08000162   0x00000000   Code   RO          436    .ARM.Collect$$libinit$$00000019  c_w.l(libinit2.o)
    0x08000162   0x08000162   0x00000000   Code   RO          438    .ARM.Collect$$libinit$$0000001B  c_w.l(libinit2.o)
    0x08000162   0x08000162   0x00000000   Code   RO          440    .ARM.Collect$$libinit$$0000001D  c_w.l(libinit2.o)
    0x08000162   0x08000162   0x00000000   Code   RO          442    .ARM.Collect$$libinit$$0000001F  c_w.l(libinit2.o)
    0x08000162   0x08000162   0x00000000   Code   RO          444    .ARM.Collect$$libinit$$00000021  c_w.l(libinit2.o)
    0x08000162   0x08000162   0x00000000   Code   RO          446    .ARM.Collect$$libinit$$00000023  c_w.l(libinit2.o)
    0x08000162   0x08000162   0x00000000   Code   RO          448    .ARM.Collect$$libinit$$00000025  c_w.l(libinit2.o)
    0x08000162   0x08000162   0x00000000   Code   RO          450    .ARM.Collect$$libinit$$00000027  c_w.l(libinit2.o)
    0x08000162   0x08000162   0x00000000   Code   RO          454    .ARM.Collect$$libinit$$0000002E  c_w.l(libinit2.o)
    0x08000162   0x08000162   0x00000000   Code   RO          456    .ARM.Collect$$libinit$$00000030  c_w.l(libinit2.o)
    0x08000162   0x08000162   0x00000000   Code   RO          458    .ARM.Collect$$libinit$$00000032  c_w.l(libinit2.o)
    0x08000162   0x08000162   0x00000000   Code   RO          460    .ARM.Collect$$libinit$$00000034  c_w.l(libinit2.o)
    0x08000162   0x08000162   0x00000002   Code   RO          461    .ARM.Collect$$libinit$$00000035  c_w.l(libinit2.o)
    0x08000164   0x08000164   0x00000002   Code   RO          483    .ARM.Collect$$libshutdown$$00000000  c_w.l(libshutdown.o)
    0x08000166   0x08000166   0x00000000   Code   RO          498    .ARM.Collect$$libshutdown$$00000002  c_w.l(libshutdown2.o)
    0x08000166   0x08000166   0x00000000   Code   RO          500    .ARM.Collect$$libshutdown$$00000004  c_w.l(libshutdown2.o)
    0x08000166   0x08000166   0x00000000   Code   RO          503    .ARM.Collect$$libshutdown$$00000007  c_w.l(libshutdown2.o)
    0x08000166   0x08000166   0x00000000   Code   RO          506    .ARM.Collect$$libshutdown$$0000000A  c_w.l(libshutdown2.o)
    0x08000166   0x08000166   0x00000000   Code   RO          508    .ARM.Collect$$libshutdown$$0000000C  c_w.l(libshutdown2.o)
    0x08000166   0x08000166   0x00000000   Code   RO          511    .ARM.Collect$$libshutdown$$0000000F  c_w.l(libshutdown2.o)
    0x08000166   0x08000166   0x00000002   Code   RO          512    .ARM.Collect$$libshutdown$$00000010  c_w.l(libshutdown2.o)
    0x08000168   0x08000168   0x00000000   Code   RO          369    .ARM.Collect$$rtentry$$00000000  c_w.l(__rtentry.o)
    0x08000168   0x08000168   0x00000000   Code   RO          384    .ARM.Collect$$rtentry$$00000002  c_w.l(__rtentry2.o)
    0x08000168   0x08000168   0x00000006   Code   RO          396    .ARM.Collect$$rtentry$$00000004  c_w.l(__rtentry4.o)
    0x0800016e   0x0800016e   0x00000000   Code   RO          386    .ARM.Collect$$rtentry$$00000009  c_w.l(__rtentry2.o)
    0x0800016e   0x0800016e   0x00000004   Code   RO          387    .ARM.Collect$$rtentry$$0000000A  c_w.l(__rtentry2.o)
    0x08000172   0x08000172   0x00000000   Code   RO          389    .ARM.Collect$$rtentry$$0000000C  c_w.l(__rtentry2.o)
    0x08000172   0x08000172   0x00000008   Code   RO          390    .ARM.Collect$$rtentry$$0000000D  c_w.l(__rtentry2.o)
    0x0800017a   0x0800017a   0x00000002   Code   RO          413    .ARM.Collect$$rtexit$$00000000  c_w.l(rtexit.o)
    0x0800017c   0x0800017c   0x00000000   Code   RO          463    .ARM.Collect$$rtexit$$00000002  c_w.l(rtexit2.o)
    0x0800017c   0x0800017c   0x00000004   Code   RO          464    .ARM.Collect$$rtexit$$00000003  c_w.l(rtexit2.o)
    0x08000180   0x08000180   0x00000006   Code   RO          465    .ARM.Collect$$rtexit$$00000004  c_w.l(rtexit2.o)
    0x08000186   0x08000186   0x00000002   PAD
    0x08000188   0x08000188   0x00000040   Code   RO          328  * .text               startup_stm32f10x_md.o
    0x080001c8   0x080001c8   0x00000058   Code   RO          353    .text               c_w.l(memcmp.o)
    0x08000220   0x08000220   0x0000008a   Code   RO          355    .text               c_w.l(rt_memcpy_v6.o)
    0x080002aa   0x080002aa   0x00000044   Code   RO          357    .text               c_w.l(rt_memclr.o)
    0x080002ee   0x080002ee   0x00000006   Code   RO          359    .text               c_w.l(heapauxi.o)
    0x080002f4   0x080002f4   0x00000064   Code   RO          370    .text               c_w.l(rt_memcpy_w.o)
    0x08000358   0x08000358   0x0000004e   Code   RO          372    .text               c_w.l(rt_memclr_w.o)
    0x080003a6   0x080003a6   0x0000004a   Code   RO          400    .text               c_w.l(sys_stackheap_outer.o)
    0x080003f0   0x080003f0   0x00000012   Code   RO          402    .text               c_w.l(exit.o)
    0x08000402   0x08000402   0x00000002   PAD
    0x08000404   0x08000404   0x00000008   Code   RO          410    .text               c_w.l(libspace.o)
    0x0800040c   0x0800040c   0x0000000c   Code   RO          473    .text               c_w.l(sys_exit.o)
    0x08000418   0x08000418   0x00000002   Code   RO          488    .text               c_w.l(use_no_semi.o)
    0x0800041a   0x0800041a   0x00000000   Code   RO          490    .text               c_w.l(indicate_semi.o)
    0x0800041a   0x0800041a   0x00000002   PAD
    0x0800041c   0x0800041c   0x00000080   Code   RO          182    .text.Convert_msg_to_mavlink  mavlink_rx.o
    0x0800049c   0x0800049c   0x0000006a   Code   RO          309    .text.CopyMessage   message_queue.o
    0x08000506   0x08000506   0x00000002   PAD
    0x08000508   0x08000508   0x000000c4   Code   RO          228    .text.CyclopsTx_BuildPacket  cyclops_tx.o
    0x080005cc   0x080005cc   0x0000015a   Code   RO          241    .text.Cyclops_RxByte  cyclops_rx.o
    0x08000726   0x08000726   0x00000002   PAD
    0x08000728   0x08000728   0x0000004c   Code   RO          232    .text.Cyclops_SendResponse  cyclops_tx.o
    0x08000774   0x08000774   0x00000030   Code   RO           78    .text.DelayMs       timer.o
    0x080007a4   0x080007a4   0x00000092   Code   RO          259    .text.DroneResponseWaitCycle  logic_cyclops.o
    0x08000836   0x08000836   0x00000002   PAD
    0x08000838   0x08000838   0x00000010   Code   RO           33    .text.End_Read      gpio.o
    0x08000848   0x08000848   0x000000d2   Code   RO           27    .text.GPIO_Init     gpio.o
    0x0800091a   0x0800091a   0x00000002   PAD
    0x0800091c   0x0800091c   0x0000000c   Code   RO           76    .text.GetTick       timer.o
    0x08000928   0x08000928   0x00000010   Code   RO           29    .text.Launch_Read   gpio.o
    0x08000938   0x08000938   0x00000710   Code   RO          261    .text.LogicCyclops_ProcessMessage  logic_cyclops.o
    0x08001048   0x08001048   0x00000092   Code   RO          282    .text.LogicDrone_DroneResponseWaitCycle  logic_drone.o
    0x080010da   0x080010da   0x00000002   PAD
    0x080010dc   0x080010dc   0x0000003e   Code   RO          278    .text.LogicDrone_Init  logic_drone.o
    0x0800111a   0x0800111a   0x00000002   PAD
    0x0800111c   0x0800111c   0x000001de   Code   RO          284    .text.LogicDrone_Process  logic_drone.o
    0x080012fa   0x080012fa   0x00000002   PAD
    0x080012fc   0x080012fc   0x00000018   Code   RO          286    .text.LogicDrone_SetDroneState  logic_drone.o
    0x08001314   0x08001314   0x00000028   Code   RO          280    .text.LogicDrone_SetState  logic_drone.o
    0x0800133c   0x0800133c   0x00000030   Code   RO            4    .text.Main_ReadMessages  main.o
    0x0800136c   0x0800136c   0x0000000c   Code   RO          119    .text.MavlinkTx_HwReset  mavlink_tx.o
    0x08001378   0x08001378   0x0000000c   Code   RO          111    .text.MavlinkTx_Init  mavlink_tx.o
    0x08001384   0x08001384   0x0000000c   Code   RO          123    .text.MavlinkTx_SendCancel  mavlink_tx.o
    0x08001390   0x08001390   0x00000052   Code   RO          117    .text.MavlinkTx_SendCommand  mavlink_tx.o
    0x080013e2   0x080013e2   0x00000002   PAD
    0x080013e4   0x080013e4   0x0000000c   Code   RO          125    .text.MavlinkTx_SendFly  mavlink_tx.o
    0x080013f0   0x080013f0   0x0000000c   Code   RO          127    .text.MavlinkTx_SendGetDetections  mavlink_tx.o
    0x080013fc   0x080013fc   0x0000000c   Code   RO          129    .text.MavlinkTx_SendInit  mavlink_tx.o
    0x08001408   0x08001408   0x0000000c   Code   RO          121    .text.MavlinkTx_SendPrepare  mavlink_tx.o
    0x08001414   0x08001414   0x0000000c   Code   RO          115    .text.MavlinkTx_SwReset  mavlink_tx.o
    0x08001420   0x08001420   0x00000124   Code   RO          174    .text.Mavlink_RxByte  mavlink_rx.o
    0x08001544   0x08001544   0x0000001e   Code   RO          315    .text.MessageQueue_Clear  message_queue.o
    0x08001562   0x08001562   0x00000002   PAD
    0x08001564   0x08001564   0x00000082   Code   RO          313    .text.MessageQueue_PeekLast  message_queue.o
    0x080015e6   0x080015e6   0x00000002   PAD
    0x080015e8   0x080015e8   0x0000006e   Code   RO          311    .text.MessageQueue_Pop  message_queue.o
    0x08001656   0x08001656   0x00000002   PAD
    0x08001658   0x08001658   0x00000068   Code   RO          305    .text.MessageQueue_Push  message_queue.o
    0x080016c0   0x080016c0   0x0000002a   Code   RO          307    .text.NextIndex     message_queue.o
    0x080016ea   0x080016ea   0x00000002   PAD
    0x080016ec   0x080016ec   0x00000016   Code   RO           35    .text.Optocouplers_Enable  gpio.o
    0x08001702   0x08001702   0x00000002   PAD
    0x08001704   0x08001704   0x000000be   Code   RO           46    .text.PWM_Init      pwm.o
    0x080017c2   0x080017c2   0x00000002   PAD
    0x080017c4   0x080017c4   0x00000016   Code   RO           50    .text.PWM_InitServo  pwm.o
    0x080017da   0x080017da   0x00000002   PAD
    0x080017dc   0x080017dc   0x00000016   Code   RO           48    .text.PWM_SetUs     pwm.o
    0x080017f2   0x080017f2   0x00000002   PAD
    0x080017f4   0x080017f4   0x00000100   Code   RO          247    .text.PacketIsValid  cyclops_rx.o
    0x080018f4   0x080018f4   0x00000160   Code   RO           19    .text.RCC_Init      rcc.o
    0x08001a54   0x08001a54   0x00000018   Code   RO          178    .text.ResetParser   mavlink_rx.o
    0x08001a6c   0x08001a6c   0x00000018   Code   RO          245    .text.ResetParser   cyclops_rx.o
    0x08001a84   0x08001a84   0x00000010   Code   RO           31    .text.Safety_Read   gpio.o
    0x08001a94   0x08001a94   0x00000014   Code   RO           54    .text.Servo_Hold    pwm.o
    0x08001aa8   0x08001aa8   0x00000014   Code   RO           52    .text.Servo_Release  pwm.o
    0x08001abc   0x08001abc   0x00000008   Code   RO          337    .text.SetSysClock   system_stm32f10x.o
    0x08001ac4   0x08001ac4   0x00000122   Code   RO          341    .text.SetSysClockTo72  system_stm32f10x.o
    0x08001be6   0x08001be6   0x00000002   PAD
    0x08001be8   0x08001be8   0x00000072   Code   RO           68    .text.StatusLedTimer_Init  timer.o
    0x08001c5a   0x08001c5a   0x00000002   PAD
    0x08001c5c   0x08001c5c   0x00000012   Code   RO           37    .text.StatusLed_Toggle  gpio.o
    0x08001c6e   0x08001c6e   0x00000002   PAD
    0x08001c70   0x08001c70   0x00000052   Code   RO           66    .text.SysTick_Config  timer.o
    0x08001cc2   0x08001cc2   0x00000002   PAD
    0x08001cc4   0x08001cc4   0x00000010   Code   RO           72    .text.SysTick_Handler  timer.o
    0x08001cd4   0x08001cd4   0x00000066   Code   RO          335    .text.SystemInit    system_stm32f10x.o
    0x08001d3a   0x08001d3a   0x00000002   PAD
    0x08001d3c   0x08001d3c   0x0000002a   Code   RO           74    .text.TIM3_IRQHandler  timer.o
    0x08001d66   0x08001d66   0x00000002   PAD
    0x08001d68   0x08001d68   0x00000022   Code   RO           80    .text.Timeout       timer.o
    0x08001d8a   0x08001d8a   0x00000002   PAD
    0x08001d8c   0x08001d8c   0x00000020   Code   RO           64    .text.Timer_Init    timer.o
    0x08001dac   0x08001dac   0x00000034   Code   RO            6    .text.USART1_IRQHandler  main.o
    0x08001de0   0x08001de0   0x0000003e   Code   RO          102    .text.USART1_SendArray  usart.o
    0x08001e1e   0x08001e1e   0x00000002   PAD
    0x08001e20   0x08001e20   0x0000002e   Code   RO          100    .text.USART1_SendByte  usart.o
    0x08001e4e   0x08001e4e   0x00000002   PAD
    0x08001e50   0x08001e50   0x00000028   Code   RO            8    .text.USART2_IRQHandler  main.o
    0x08001e78   0x08001e78   0x0000003e   Code   RO           98    .text.USART2_SendArray  usart.o
    0x08001eb6   0x08001eb6   0x00000002   PAD
    0x08001eb8   0x08001eb8   0x0000002e   Code   RO           96    .text.USART2_SendByte  usart.o
    0x08001ee6   0x08001ee6   0x00000002   PAD
    0x08001ee8   0x08001ee8   0x0000010e   Code   RO           92    .text.USART_Init    usart.o
    0x08001ff6   0x08001ff6   0x00000002   PAD
    0x08001ff8   0x08001ff8   0x0000004c   Code   RO          180    .text.UpdateExpectedSize  mavlink_rx.o
    0x08002044   0x08002044   0x00000052   Code   RO          230    .text.XorData       cyclops_tx.o
    0x08002096   0x08002096   0x00000002   PAD
    0x08002098   0x08002098   0x00000052   Code   RO          243    .text.XorData       cyclops_rx.o
    0x080020ea   0x080020ea   0x00000002   PAD
    0x080020ec   0x080020ec   0x00000030   Code   RO           70    .text.__NVIC_EnableIRQ  timer.o
    0x0800211c   0x0800211c   0x00000030   Code   RO           94    .text.__NVIC_EnableIRQ  usart.o
    0x0800214c   0x0800214c   0x00000042   Code   RO           82    .text.__NVIC_SetPriority  timer.o
    0x0800218e   0x0800218e   0x00000002   PAD
    0x08002190   0x08002190   0x00000010   Code   RO          190    .text._mav_parse_error  mavlink_rx.o
    0x080021a0   0x080021a0   0x0000004a   Code   RO          143    .text._mav_trim_payload  mavlink_tx.o
    0x080021ea   0x080021ea   0x00000002   PAD
    0x080021ec   0x080021ec   0x0000003c   Code   RO          149    .text.crc_accumulate  mavlink_tx.o
    0x08002228   0x08002228   0x0000003c   Code   RO          202    .text.crc_accumulate  mavlink_rx.o
    0x08002264   0x08002264   0x00000034   Code   RO          147    .text.crc_accumulate_buffer  mavlink_tx.o
    0x08002298   0x08002298   0x00000038   Code   RO          145    .text.crc_calculate  mavlink_tx.o
    0x080022d0   0x080022d0   0x00000010   Code   RO          153    .text.crc_init      mavlink_tx.o
    0x080022e0   0x080022e0   0x00000010   Code   RO          212    .text.crc_init      mavlink_rx.o
    0x080022f0   0x080022f0   0x00000088   Code   RO            2    .text.main          main.o
    0x08002378   0x08002378   0x00000052   Code   RO          137    .text.mavlink_finalize_message  mavlink_tx.o
    0x080023ca   0x080023ca   0x00000002   PAD
    0x080023cc   0x080023cc   0x0000022e   Code   RO          141    .text.mavlink_finalize_message_buffer  mavlink_tx.o
    0x080025fa   0x080025fa   0x00000002   PAD
    0x080025fc   0x080025fc   0x00000062   Code   RO          139    .text.mavlink_finalize_message_chan  mavlink_tx.o
    0x0800265e   0x0800265e   0x00000002   PAD
    0x08002660   0x08002660   0x0000003e   Code   RO          184    .text.mavlink_frame_char  mavlink_rx.o
    0x0800269e   0x0800269e   0x00000002   PAD
    0x080026a0   0x080026a0   0x00000540   Code   RO          194    .text.mavlink_frame_char_buffer  mavlink_rx.o
    0x08002be0   0x08002be0   0x0000001e   Code   RO          186    .text.mavlink_get_channel_buffer  mavlink_rx.o
    0x08002bfe   0x08002bfe   0x00000002   PAD
    0x08002c00   0x08002c00   0x0000001e   Code   RO          131    .text.mavlink_get_channel_status  mavlink_tx.o
    0x08002c1e   0x08002c1e   0x00000002   PAD
    0x08002c20   0x08002c20   0x0000001e   Code   RO          188    .text.mavlink_get_channel_status  mavlink_rx.o
    0x08002c3e   0x08002c3e   0x00000002   PAD
    0x08002c40   0x08002c40   0x000000a8   Code   RO          198    .text.mavlink_get_msg_entry  mavlink_rx.o
    0x08002ce8   0x08002ce8   0x00000040   Code   RO          265    .text.mavlink_msg_battery_status_decode  logic_cyclops.o
    0x08002d28   0x08002d28   0x00000042   Code   RO          263    .text.mavlink_msg_command_ack_decode  logic_cyclops.o
    0x08002d6a   0x08002d6a   0x00000002   PAD
    0x08002d6c   0x08002d6c   0x00000042   Code   RO          288    .text.mavlink_msg_command_ack_decode  logic_drone.o
    0x08002dae   0x08002dae   0x00000002   PAD
    0x08002db0   0x08002db0   0x000000b2   Code   RO          133    .text.mavlink_msg_command_long_pack  mavlink_tx.o
    0x08002e62   0x08002e62   0x00000002   PAD
    0x08002e64   0x08002e64   0x00000042   Code   RO          267    .text.mavlink_msg_debug_decode  logic_cyclops.o
    0x08002ea6   0x08002ea6   0x00000002   PAD
    0x08002ea8   0x08002ea8   0x00000042   Code   RO          269    .text.mavlink_msg_system_time_decode  logic_cyclops.o
    0x08002eea   0x08002eea   0x00000002   PAD
    0x08002eec   0x08002eec   0x0000015e   Code   RO          135    .text.mavlink_msg_to_send_buffer  mavlink_tx.o
    0x0800304a   0x0800304a   0x00000002   PAD
    0x0800304c   0x0800304c   0x00000096   Code   RO          176    .text.mavlink_parse_char  mavlink_rx.o
    0x080030e2   0x080030e2   0x00000002   PAD
    0x080030e4   0x080030e4   0x00000038   Code   RO          113    .text.mavlink_set_proto_version  mavlink_tx.o
    0x0800311c   0x0800311c   0x000001a4   Code   RO          161    .text.mavlink_sha256_calc  mavlink_tx.o
    0x080032c0   0x080032c0   0x000001a4   Code   RO          210    .text.mavlink_sha256_calc  mavlink_rx.o
    0x08003464   0x08003464   0x000000ca   Code   RO          159    .text.mavlink_sha256_final_48  mavlink_tx.o
    0x0800352e   0x0800352e   0x00000002   PAD
    0x08003530   0x08003530   0x000000ca   Code   RO          208    .text.mavlink_sha256_final_48  mavlink_rx.o
    0x080035fa   0x080035fa   0x00000002   PAD
    0x080035fc   0x080035fc   0x00000072   Code   RO          155    .text.mavlink_sha256_init  mavlink_tx.o
    0x0800366e   0x0800366e   0x00000002   PAD
    0x08003670   0x08003670   0x00000072   Code   RO          204    .text.mavlink_sha256_init  mavlink_rx.o
    0x080036e2   0x080036e2   0x00000002   PAD
    0x080036e4   0x080036e4   0x000000f6   Code   RO          157    .text.mavlink_sha256_update  mavlink_tx.o
    0x080037da   0x080037da   0x00000002   PAD
    0x080037dc   0x080037dc   0x000000f6   Code   RO          206    .text.mavlink_sha256_update  mavlink_rx.o
    0x080038d2   0x080038d2   0x00000002   PAD
    0x080038d4   0x080038d4   0x000000c2   Code   RO          151    .text.mavlink_sign_packet  mavlink_tx.o
    0x08003996   0x08003996   0x00000002   PAD
    0x08003998   0x08003998   0x00000268   Code   RO          200    .text.mavlink_signature_check  mavlink_rx.o
    0x08003c00   0x08003c00   0x00000020   Code   RO          192    .text.mavlink_start_checksum  mavlink_rx.o
    0x08003c20   0x08003c20   0x00000028   Code   RO          196    .text.mavlink_update_checksum  mavlink_rx.o
    0x08003c48   0x08003c48   0x00000054   Code   RO          363    x$fpl$fcmp          fz_ws.l(fcmp.o)
    0x08003c9c   0x08003c9c   0x00000018   Code   RO          398    x$fpl$fcmpinf       fz_ws.l(fcmpi.o)
    0x08003cb4   0x08003cb4   0x00000068   Code   RO          374    x$fpl$feqf          fz_ws.l(feqf.o)
    0x08003d1c   0x08003d1c   0x00000036   Code   RO          365    x$fpl$ffix          fz_ws.l(ffix.o)
    0x08003d52   0x08003d52   0x00000002   PAD
    0x08003d54   0x08003d54   0x00000068   Code   RO          376    x$fpl$fgeqf         fz_ws.l(fgeqf.o)
    0x08003dbc   0x08003dbc   0x00000068   Code   RO          378    x$fpl$fleqf         fz_ws.l(fleqf.o)
    0x08003e24   0x08003e24   0x0000008c   Code   RO          380    x$fpl$fnaninf       fz_ws.l(fnaninf.o)
    0x08003eb0   0x08003eb0   0x00000000   Code   RO          382    x$fpl$usenofp       fz_ws.l(usenofp.o)
    0x08003eb0   0x08003eb0   0x00000af8   Data   RO          217    .rodata.mavlink_get_msg_entry.mavlink_message_crcs  mavlink_rx.o
    0x080049a8   0x080049a8   0x00000100   Data   RO          164    .rodata.mavlink_sha256_constant_256  mavlink_tx.o
    0x08004aa8   0x08004aa8   0x00000100   Data   RO          218    .rodata.mavlink_sha256_constant_256  mavlink_rx.o
    0x08004ba8   0x08004ba8   0x00000020   Data   RO          546    Region$$Table       anon$$obj.o


    Execution Region ER_RW (Exec base: 0x20000000, Load base: 0x08004bc8, Size: 0x00000008, Max: 0xffffffff, ABSOLUTE)

    Exec Addr    Load Addr    Size         Type   Attr      Idx    E Section Name        Object

    0x20000000   0x08004bc8   0x00000004   Data   RW           56    .data.ServoPWM      pwm.o
    0x20000004   0x08004bcc   0x00000004   Data   RW          343    .data.SystemCoreClock  system_stm32f10x.o


    Execution Region ER_ZI (Exec base: 0x20000008, Load base: 0x08004bd0, Size: 0x00001fa8, Max: 0xffffffff, ABSOLUTE)

    Exec Addr    Load Addr    Size         Type   Attr      Idx    E Section Name        Object

    0x20000008        -       0x00000060   Zero   RW          411    .bss                c_w.l(libspace.o)
    0x20000068        -       0x00000004   Zero   RW           84    .bss.Tick           timer.o
    0x2000006c        -       0x00000118   Zero   RW          215    .bss.buf            mavlink_rx.o
    0x20000184        -       0x00000106   Zero   RW          250    .bss.buf            cyclops_rx.o
    0x2000028a        -       0x00000001   Zero   RW           10    .bss.cyclops_connected  main.o
    0x2000028b   0x08004bd0   0x00000001   PAD
    0x2000028c        -       0x000008e2   Zero   RW          317    .bss.cyclops_message_queue  message_queue.o
    0x20000b6e        -       0x00000001   Zero   RW          294    .bss.drone_state    logic_drone.o
    0x20000b6f   0x08004bd0   0x00000001   PAD
    0x20000b70        -       0x00000002   Zero   RW          216    .bss.expected       mavlink_rx.o
    0x20000b72        -       0x00000002   Zero   RW          251    .bss.expected       cyclops_rx.o
    0x20000b74        -       0x00000001   Zero   RW          295    .bss.lastLaunch     logic_drone.o
    0x20000b75        -       0x00000001   Zero   RW          297    .bss.logic_drone_state  logic_drone.o
    0x20000b76        -       0x0000048c   Zero   RW          219    .bss.mavlink_get_channel_buffer.m_mavlink_buffer  mavlink_rx.o
    0x20001002   0x08004bd0   0x00000002   PAD
    0x20001004        -       0x00000060   Zero   RW          163    .bss.mavlink_get_channel_status.m_mavlink_status  mavlink_tx.o
    0x20001064        -       0x00000060   Zero   RW          220    .bss.mavlink_get_channel_status.m_mavlink_status  mavlink_rx.o
    0x200010c4        -       0x000008e2   Zero   RW          318    .bss.mavlink_message_queue  message_queue.o
    0x200019a6        -       0x00000002   Zero   RW          214    .bss.pos            mavlink_rx.o
    0x200019a8        -       0x00000002   Zero   RW          249    .bss.pos            cyclops_rx.o
    0x200019aa   0x08004bd0   0x00000002   PAD
    0x200019ac        -       0x00000004   Zero   RW          296    .bss.stateTime      logic_drone.o
    0x200019b0        -       0x00000200   Zero   RW          326    HEAP                startup_stm32f10x_md.o
    0x20001bb0        -       0x00000400   Zero   RW          325    STACK               startup_stm32f10x_md.o


==============================================================================

Image component sizes


      Code (inc. data)   RO Data    RW Data    ZI Data      Debug   Object Name

       708          0          0          0        266       1613   cyclops_rx.o
       354          0          0          0          0       1465   cyclops_tx.o
       298          0          0          0          0       1531   gpio.o
      2216         14          0          0          0       5979   logic_cyclops.o
       816          0          0          0          7       4040   logic_drone.o
       276          0          0          0          1       1872   main.o
      4066         34       3064          0       1544      12243   mavlink_rx.o
      2964          0        256          0         96      11236   mavlink_tx.o
       522          0          0          0       4548       2682   message_queue.o
       274          0          0          4          0       2669   pwm.o
       352          0          0          0          0       1069   rcc.o
        64         26        236          0       1536        832   startup_stm32f10x_md.o
       400          0          0          4          0       2805   system_stm32f10x.o
       494          0          0          0          4       5309   timer.o
       534          0          0          0          0       3849   usart.o

    ----------------------------------------------------------------------
     14444         74       3588          8       8008      59194   Object Totals
         0          0         32          0          0          0   (incl. Generated)
       106          0          0          0          6          0   (incl. Padding)

    ----------------------------------------------------------------------

      Code (inc. data)   RO Data    RW Data    ZI Data      Debug   Library Member Name

         8          0          0          0          0         68   __main.o
         0          0          0          0          0          0   __rtentry.o
        12          0          0          0          0          0   __rtentry2.o
         6          0          0          0          0          0   __rtentry4.o
        52          8          0          0          0          0   __scatter.o
        26          0          0          0          0          0   __scatter_copy.o
        28          0          0          0          0          0   __scatter_zi.o
        18          0          0          0          0         80   exit.o
         6          0          0          0          0        152   heapauxi.o
         0          0          0          0          0          0   indicate_semi.o
         2          0          0          0          0          0   libinit.o
         2          0          0          0          0          0   libinit2.o
         2          0          0          0          0          0   libshutdown.o
         2          0          0          0          0          0   libshutdown2.o
         8          4          0          0         96         68   libspace.o
        88          0          0          0          0         76   memcmp.o
        68          0          0          0          0         68   rt_memclr.o
        78          0          0          0          0         80   rt_memclr_w.o
       138          0          0          0          0         68   rt_memcpy_v6.o
       100          0          0          0          0         80   rt_memcpy_w.o
         2          0          0          0          0          0   rtexit.o
        10          0          0          0          0          0   rtexit2.o
        12          4          0          0          0         68   sys_exit.o
        74          0          0          0          0         80   sys_stackheap_outer.o
         2          0          0          0          0         68   use_no_semi.o
        84          0          0          0          0        196   fcmp.o
        24          0          0          0          0         68   fcmpi.o
       104          4          0          0          0         84   feqf.o
        54          4          0          0          0         84   ffix.o
       104          4          0          0          0         84   fgeqf.o
       104          4          0          0          0         84   fleqf.o
       140          4          0          0          0         84   fnaninf.o
         0          0          0          0          0          0   usenofp.o

    ----------------------------------------------------------------------
      1368         36          0          0         96       1640   Library Totals
        10          0          0          0          0          0   (incl. Padding)

    ----------------------------------------------------------------------

      Code (inc. data)   RO Data    RW Data    ZI Data      Debug   Library Name

       744         16          0          0         96        956   c_w.l
       614         20          0          0          0        684   fz_ws.l

    ----------------------------------------------------------------------
      1368         36          0          0         96       1640   Library Totals

    ----------------------------------------------------------------------

==============================================================================


      Code (inc. data)   RO Data    RW Data    ZI Data      Debug   

     15812        110       3588          8       8104      59842   Grand Totals
     15812        110       3588          8       8104      59842   ELF Image Totals
     15812        110       3588          8          0          0   ROM Totals

==============================================================================

    Total RO  Size (Code + RO Data)                19400 (  18.95kB)
    Total RW  Size (RW Data + ZI Data)              8112 (   7.92kB)
    Total ROM Size (Code + RO Data + RW Data)      19408 (  18.95kB)

==============================================================================

