<!doctype html public "-//w3c//dtd html 4.0 transitional//en">
<html><head>
<title>Static Call Graph - [.\Objects\Drone-gun.axf]</title></head>
<body><HR>
<H1>Static Call Graph for image .\Objects\Drone-gun.axf</H1><HR>
<BR><P>#&#060CALLGRAPH&#062# ARM Linker, 6220000: Last Updated: Sat Jun 20 01:39:59 2026
<BR><P>
<H3>Maximum Stack Usage =       3844 bytes + Unknown(Functions without stacksize, Cycles, Untraceable Function Pointers)</H3><H3>
Call chain for Maximum Stack Depth:</H3>
__rt_entry_main &rArr; main &rArr; Main_ReadMessages &rArr; LogicCyclops_ProcessMessage &rArr; MavlinkTx_SendInit &rArr; MavlinkTx_SendCommand &rArr; mavlink_msg_command_long_pack &rArr; mavlink_finalize_message &rArr; mavlink_finalize_message_chan &rArr; mavlink_finalize_message_buffer &rArr; mavlink_sign_packet &rArr; mavlink_sha256_final_48 &rArr; mavlink_sha256_update &rArr; mavlink_sha256_calc
<P>
<H3>
Functions with no stack information
</H3><UL>
 <LI><a href="#[37]">__user_initial_stackheap</a>
</UL>
</UL>
<P>
<H3>
Mutually Recursive functions
</H3> <LI><a href="#[1]">NMI_Handler</a>&nbsp;&nbsp;&nbsp;&rArr;&nbsp;&nbsp;&nbsp;<a href="#[1]">NMI_Handler</a><BR>
 <LI><a href="#[2]">HardFault_Handler</a>&nbsp;&nbsp;&nbsp;&rArr;&nbsp;&nbsp;&nbsp;<a href="#[2]">HardFault_Handler</a><BR>
 <LI><a href="#[3]">MemManage_Handler</a>&nbsp;&nbsp;&nbsp;&rArr;&nbsp;&nbsp;&nbsp;<a href="#[3]">MemManage_Handler</a><BR>
 <LI><a href="#[4]">BusFault_Handler</a>&nbsp;&nbsp;&nbsp;&rArr;&nbsp;&nbsp;&nbsp;<a href="#[4]">BusFault_Handler</a><BR>
 <LI><a href="#[5]">UsageFault_Handler</a>&nbsp;&nbsp;&nbsp;&rArr;&nbsp;&nbsp;&nbsp;<a href="#[5]">UsageFault_Handler</a><BR>
 <LI><a href="#[6]">SVC_Handler</a>&nbsp;&nbsp;&nbsp;&rArr;&nbsp;&nbsp;&nbsp;<a href="#[6]">SVC_Handler</a><BR>
 <LI><a href="#[7]">DebugMon_Handler</a>&nbsp;&nbsp;&nbsp;&rArr;&nbsp;&nbsp;&nbsp;<a href="#[7]">DebugMon_Handler</a><BR>
 <LI><a href="#[8]">PendSV_Handler</a>&nbsp;&nbsp;&nbsp;&rArr;&nbsp;&nbsp;&nbsp;<a href="#[8]">PendSV_Handler</a><BR>
 <LI><a href="#[1c]">ADC1_2_IRQHandler</a>&nbsp;&nbsp;&nbsp;&rArr;&nbsp;&nbsp;&nbsp;<a href="#[1c]">ADC1_2_IRQHandler</a><BR>
</UL>
<P>
<H3>
Function Pointers
</H3><UL>
 <LI><a href="#[1c]">ADC1_2_IRQHandler</a> from startup_stm32f10x_md.o(.text) referenced from startup_stm32f10x_md.o(RESET)
 <LI><a href="#[4]">BusFault_Handler</a> from startup_stm32f10x_md.o(.text) referenced from startup_stm32f10x_md.o(RESET)
 <LI><a href="#[1f]">CAN1_RX1_IRQHandler</a> from startup_stm32f10x_md.o(.text) referenced from startup_stm32f10x_md.o(RESET)
 <LI><a href="#[20]">CAN1_SCE_IRQHandler</a> from startup_stm32f10x_md.o(.text) referenced from startup_stm32f10x_md.o(RESET)
 <LI><a href="#[15]">DMA1_Channel1_IRQHandler</a> from startup_stm32f10x_md.o(.text) referenced from startup_stm32f10x_md.o(RESET)
 <LI><a href="#[16]">DMA1_Channel2_IRQHandler</a> from startup_stm32f10x_md.o(.text) referenced from startup_stm32f10x_md.o(RESET)
 <LI><a href="#[17]">DMA1_Channel3_IRQHandler</a> from startup_stm32f10x_md.o(.text) referenced from startup_stm32f10x_md.o(RESET)
 <LI><a href="#[18]">DMA1_Channel4_IRQHandler</a> from startup_stm32f10x_md.o(.text) referenced from startup_stm32f10x_md.o(RESET)
 <LI><a href="#[19]">DMA1_Channel5_IRQHandler</a> from startup_stm32f10x_md.o(.text) referenced from startup_stm32f10x_md.o(RESET)
 <LI><a href="#[1a]">DMA1_Channel6_IRQHandler</a> from startup_stm32f10x_md.o(.text) referenced from startup_stm32f10x_md.o(RESET)
 <LI><a href="#[1b]">DMA1_Channel7_IRQHandler</a> from startup_stm32f10x_md.o(.text) referenced from startup_stm32f10x_md.o(RESET)
 <LI><a href="#[7]">DebugMon_Handler</a> from startup_stm32f10x_md.o(.text) referenced from startup_stm32f10x_md.o(RESET)
 <LI><a href="#[10]">EXTI0_IRQHandler</a> from startup_stm32f10x_md.o(.text) referenced from startup_stm32f10x_md.o(RESET)
 <LI><a href="#[32]">EXTI15_10_IRQHandler</a> from startup_stm32f10x_md.o(.text) referenced from startup_stm32f10x_md.o(RESET)
 <LI><a href="#[11]">EXTI1_IRQHandler</a> from startup_stm32f10x_md.o(.text) referenced from startup_stm32f10x_md.o(RESET)
 <LI><a href="#[12]">EXTI2_IRQHandler</a> from startup_stm32f10x_md.o(.text) referenced from startup_stm32f10x_md.o(RESET)
 <LI><a href="#[13]">EXTI3_IRQHandler</a> from startup_stm32f10x_md.o(.text) referenced from startup_stm32f10x_md.o(RESET)
 <LI><a href="#[14]">EXTI4_IRQHandler</a> from startup_stm32f10x_md.o(.text) referenced from startup_stm32f10x_md.o(RESET)
 <LI><a href="#[21]">EXTI9_5_IRQHandler</a> from startup_stm32f10x_md.o(.text) referenced from startup_stm32f10x_md.o(RESET)
 <LI><a href="#[e]">FLASH_IRQHandler</a> from startup_stm32f10x_md.o(.text) referenced from startup_stm32f10x_md.o(RESET)
 <LI><a href="#[2]">HardFault_Handler</a> from startup_stm32f10x_md.o(.text) referenced from startup_stm32f10x_md.o(RESET)
 <LI><a href="#[2a]">I2C1_ER_IRQHandler</a> from startup_stm32f10x_md.o(.text) referenced from startup_stm32f10x_md.o(RESET)
 <LI><a href="#[29]">I2C1_EV_IRQHandler</a> from startup_stm32f10x_md.o(.text) referenced from startup_stm32f10x_md.o(RESET)
 <LI><a href="#[2c]">I2C2_ER_IRQHandler</a> from startup_stm32f10x_md.o(.text) referenced from startup_stm32f10x_md.o(RESET)
 <LI><a href="#[2b]">I2C2_EV_IRQHandler</a> from startup_stm32f10x_md.o(.text) referenced from startup_stm32f10x_md.o(RESET)
 <LI><a href="#[3]">MemManage_Handler</a> from startup_stm32f10x_md.o(.text) referenced from startup_stm32f10x_md.o(RESET)
 <LI><a href="#[1]">NMI_Handler</a> from startup_stm32f10x_md.o(.text) referenced from startup_stm32f10x_md.o(RESET)
 <LI><a href="#[b]">PVD_IRQHandler</a> from startup_stm32f10x_md.o(.text) referenced from startup_stm32f10x_md.o(RESET)
 <LI><a href="#[8]">PendSV_Handler</a> from startup_stm32f10x_md.o(.text) referenced from startup_stm32f10x_md.o(RESET)
 <LI><a href="#[f]">RCC_IRQHandler</a> from startup_stm32f10x_md.o(.text) referenced from startup_stm32f10x_md.o(RESET)
 <LI><a href="#[33]">RTCAlarm_IRQHandler</a> from startup_stm32f10x_md.o(.text) referenced from startup_stm32f10x_md.o(RESET)
 <LI><a href="#[d]">RTC_IRQHandler</a> from startup_stm32f10x_md.o(.text) referenced from startup_stm32f10x_md.o(RESET)
 <LI><a href="#[0]">Reset_Handler</a> from startup_stm32f10x_md.o(.text) referenced from startup_stm32f10x_md.o(RESET)
 <LI><a href="#[2d]">SPI1_IRQHandler</a> from startup_stm32f10x_md.o(.text) referenced from startup_stm32f10x_md.o(RESET)
 <LI><a href="#[2e]">SPI2_IRQHandler</a> from startup_stm32f10x_md.o(.text) referenced from startup_stm32f10x_md.o(RESET)
 <LI><a href="#[6]">SVC_Handler</a> from startup_stm32f10x_md.o(.text) referenced from startup_stm32f10x_md.o(RESET)
 <LI><a href="#[9]">SysTick_Handler</a> from timer.o(.text.SysTick_Handler) referenced from startup_stm32f10x_md.o(RESET)
 <LI><a href="#[35]">SystemInit</a> from system_stm32f10x.o(.text.SystemInit) referenced from startup_stm32f10x_md.o(.text)
 <LI><a href="#[c]">TAMPER_IRQHandler</a> from startup_stm32f10x_md.o(.text) referenced from startup_stm32f10x_md.o(RESET)
 <LI><a href="#[22]">TIM1_BRK_IRQHandler</a> from startup_stm32f10x_md.o(.text) referenced from startup_stm32f10x_md.o(RESET)
 <LI><a href="#[25]">TIM1_CC_IRQHandler</a> from startup_stm32f10x_md.o(.text) referenced from startup_stm32f10x_md.o(RESET)
 <LI><a href="#[24]">TIM1_TRG_COM_IRQHandler</a> from startup_stm32f10x_md.o(.text) referenced from startup_stm32f10x_md.o(RESET)
 <LI><a href="#[23]">TIM1_UP_IRQHandler</a> from startup_stm32f10x_md.o(.text) referenced from startup_stm32f10x_md.o(RESET)
 <LI><a href="#[26]">TIM2_IRQHandler</a> from startup_stm32f10x_md.o(.text) referenced from startup_stm32f10x_md.o(RESET)
 <LI><a href="#[27]">TIM3_IRQHandler</a> from timer.o(.text.TIM3_IRQHandler) referenced from startup_stm32f10x_md.o(RESET)
 <LI><a href="#[28]">TIM4_IRQHandler</a> from startup_stm32f10x_md.o(.text) referenced from startup_stm32f10x_md.o(RESET)
 <LI><a href="#[2f]">USART1_IRQHandler</a> from main.o(.text.USART1_IRQHandler) referenced from startup_stm32f10x_md.o(RESET)
 <LI><a href="#[30]">USART2_IRQHandler</a> from main.o(.text.USART2_IRQHandler) referenced from startup_stm32f10x_md.o(RESET)
 <LI><a href="#[31]">USART3_IRQHandler</a> from startup_stm32f10x_md.o(.text) referenced from startup_stm32f10x_md.o(RESET)
 <LI><a href="#[34]">USBWakeUp_IRQHandler</a> from startup_stm32f10x_md.o(.text) referenced from startup_stm32f10x_md.o(RESET)
 <LI><a href="#[1d]">USB_HP_CAN1_TX_IRQHandler</a> from startup_stm32f10x_md.o(.text) referenced from startup_stm32f10x_md.o(RESET)
 <LI><a href="#[1e]">USB_LP_CAN1_RX0_IRQHandler</a> from startup_stm32f10x_md.o(.text) referenced from startup_stm32f10x_md.o(RESET)
 <LI><a href="#[5]">UsageFault_Handler</a> from startup_stm32f10x_md.o(.text) referenced from startup_stm32f10x_md.o(RESET)
 <LI><a href="#[a]">WWDG_IRQHandler</a> from startup_stm32f10x_md.o(.text) referenced from startup_stm32f10x_md.o(RESET)
 <LI><a href="#[36]">__main</a> from __main.o(!!!main) referenced from startup_stm32f10x_md.o(.text)
</UL>
<P>
<H3>
Global Symbols
</H3>
<P><STRONG><a name="[36]"></a>__main</STRONG> (Thumb, 8 bytes, Stack size 0 bytes, __main.o(!!!main))
<BR><BR>[Calls]<UL><LI><a href="#[38]">&gt;&gt;</a>&nbsp;&nbsp;&nbsp;__scatterload
<LI><a href="#[39]">&gt;&gt;</a>&nbsp;&nbsp;&nbsp;__rt_entry
</UL>
<BR>[Address Reference Count : 1]<UL><LI> startup_stm32f10x_md.o(.text)
</UL>
<P><STRONG><a name="[38]"></a>__scatterload</STRONG> (Thumb, 0 bytes, Stack size unknown bytes, __scatter.o(!!!scatter))
<BR><BR>[Called By]<UL><LI><a href="#[36]">&gt;&gt;</a>&nbsp;&nbsp;&nbsp;__main
</UL>

<P><STRONG><a name="[3a]"></a>__scatterload_rt2</STRONG> (Thumb, 84 bytes, Stack size unknown bytes, __scatter.o(!!!scatter), UNUSED)
<BR><BR>[Calls]<UL><LI><a href="#[39]">&gt;&gt;</a>&nbsp;&nbsp;&nbsp;__rt_entry
</UL>

<P><STRONG><a name="[c0]"></a>__scatterload_rt2_thumb_only</STRONG> (Thumb, 0 bytes, Stack size unknown bytes, __scatter.o(!!!scatter), UNUSED)

<P><STRONG><a name="[c1]"></a>__scatterload_loop</STRONG> (Thumb, 0 bytes, Stack size unknown bytes, __scatter.o(!!!scatter), UNUSED)

<P><STRONG><a name="[3b]"></a>__scatterload_copy</STRONG> (Thumb, 26 bytes, Stack size unknown bytes, __scatter_copy.o(!!handler_copy), UNUSED)
<BR><BR>[Calls]<UL><LI><a href="#[3b]">&gt;&gt;</a>&nbsp;&nbsp;&nbsp;__scatterload_copy
</UL>
<BR>[Called By]<UL><LI><a href="#[3b]">&gt;&gt;</a>&nbsp;&nbsp;&nbsp;__scatterload_copy
</UL>

<P><STRONG><a name="[c2]"></a>__scatterload_null</STRONG> (Thumb, 2 bytes, Stack size unknown bytes, __scatter.o(!!handler_null), UNUSED)

<P><STRONG><a name="[c3]"></a>__scatterload_zeroinit</STRONG> (Thumb, 28 bytes, Stack size unknown bytes, __scatter_zi.o(!!handler_zi), UNUSED)

<P><STRONG><a name="[3f]"></a>__rt_lib_init</STRONG> (Thumb, 0 bytes, Stack size unknown bytes, libinit.o(.ARM.Collect$$libinit$$00000000))
<BR><BR>[Called By]<UL><LI><a href="#[3e]">&gt;&gt;</a>&nbsp;&nbsp;&nbsp;__rt_entry_li
</UL>

<P><STRONG><a name="[c4]"></a>__rt_lib_init_alloca_1</STRONG> (Thumb, 0 bytes, Stack size unknown bytes, libinit2.o(.ARM.Collect$$libinit$$00000030))

<P><STRONG><a name="[c5]"></a>__rt_lib_init_argv_1</STRONG> (Thumb, 0 bytes, Stack size unknown bytes, libinit2.o(.ARM.Collect$$libinit$$0000002E))

<P><STRONG><a name="[c6]"></a>__rt_lib_init_atexit_1</STRONG> (Thumb, 0 bytes, Stack size unknown bytes, libinit2.o(.ARM.Collect$$libinit$$0000001D))

<P><STRONG><a name="[c7]"></a>__rt_lib_init_clock_1</STRONG> (Thumb, 0 bytes, Stack size unknown bytes, libinit2.o(.ARM.Collect$$libinit$$00000023))

<P><STRONG><a name="[c8]"></a>__rt_lib_init_cpp_1</STRONG> (Thumb, 0 bytes, Stack size unknown bytes, libinit2.o(.ARM.Collect$$libinit$$00000034))

<P><STRONG><a name="[c9]"></a>__rt_lib_init_exceptions_1</STRONG> (Thumb, 0 bytes, Stack size unknown bytes, libinit2.o(.ARM.Collect$$libinit$$00000032))

<P><STRONG><a name="[ca]"></a>__rt_lib_init_fp_1</STRONG> (Thumb, 0 bytes, Stack size unknown bytes, libinit2.o(.ARM.Collect$$libinit$$00000002))

<P><STRONG><a name="[cb]"></a>__rt_lib_init_fp_trap_1</STRONG> (Thumb, 0 bytes, Stack size unknown bytes, libinit2.o(.ARM.Collect$$libinit$$00000021))

<P><STRONG><a name="[cc]"></a>__rt_lib_init_getenv_1</STRONG> (Thumb, 0 bytes, Stack size unknown bytes, libinit2.o(.ARM.Collect$$libinit$$00000025))

<P><STRONG><a name="[cd]"></a>__rt_lib_init_heap_1</STRONG> (Thumb, 0 bytes, Stack size unknown bytes, libinit2.o(.ARM.Collect$$libinit$$0000000C))

<P><STRONG><a name="[ce]"></a>__rt_lib_init_lc_collate_1</STRONG> (Thumb, 0 bytes, Stack size unknown bytes, libinit2.o(.ARM.Collect$$libinit$$00000013))

<P><STRONG><a name="[cf]"></a>__rt_lib_init_lc_ctype_1</STRONG> (Thumb, 0 bytes, Stack size unknown bytes, libinit2.o(.ARM.Collect$$libinit$$00000015))

<P><STRONG><a name="[d0]"></a>__rt_lib_init_lc_monetary_1</STRONG> (Thumb, 0 bytes, Stack size unknown bytes, libinit2.o(.ARM.Collect$$libinit$$00000017))

<P><STRONG><a name="[d1]"></a>__rt_lib_init_lc_numeric_1</STRONG> (Thumb, 0 bytes, Stack size unknown bytes, libinit2.o(.ARM.Collect$$libinit$$00000019))

<P><STRONG><a name="[d2]"></a>__rt_lib_init_lc_time_1</STRONG> (Thumb, 0 bytes, Stack size unknown bytes, libinit2.o(.ARM.Collect$$libinit$$0000001B))

<P><STRONG><a name="[d3]"></a>__rt_lib_init_preinit_1</STRONG> (Thumb, 0 bytes, Stack size unknown bytes, libinit2.o(.ARM.Collect$$libinit$$00000006))

<P><STRONG><a name="[d4]"></a>__rt_lib_init_rand_1</STRONG> (Thumb, 0 bytes, Stack size unknown bytes, libinit2.o(.ARM.Collect$$libinit$$00000010))

<P><STRONG><a name="[d5]"></a>__rt_lib_init_relocate_pie_1</STRONG> (Thumb, 0 bytes, Stack size unknown bytes, libinit2.o(.ARM.Collect$$libinit$$00000004))

<P><STRONG><a name="[d6]"></a>__rt_lib_init_return</STRONG> (Thumb, 0 bytes, Stack size unknown bytes, libinit2.o(.ARM.Collect$$libinit$$00000035))

<P><STRONG><a name="[d7]"></a>__rt_lib_init_signal_1</STRONG> (Thumb, 0 bytes, Stack size unknown bytes, libinit2.o(.ARM.Collect$$libinit$$0000001F))

<P><STRONG><a name="[d8]"></a>__rt_lib_init_stdio_1</STRONG> (Thumb, 0 bytes, Stack size unknown bytes, libinit2.o(.ARM.Collect$$libinit$$00000027))

<P><STRONG><a name="[d9]"></a>__rt_lib_init_user_alloc_1</STRONG> (Thumb, 0 bytes, Stack size unknown bytes, libinit2.o(.ARM.Collect$$libinit$$0000000E))

<P><STRONG><a name="[44]"></a>__rt_lib_shutdown</STRONG> (Thumb, 0 bytes, Stack size unknown bytes, libshutdown.o(.ARM.Collect$$libshutdown$$00000000))
<BR><BR>[Called By]<UL><LI><a href="#[43]">&gt;&gt;</a>&nbsp;&nbsp;&nbsp;__rt_exit_ls
</UL>

<P><STRONG><a name="[da]"></a>__rt_lib_shutdown_cpp_1</STRONG> (Thumb, 0 bytes, Stack size unknown bytes, libshutdown2.o(.ARM.Collect$$libshutdown$$00000002))

<P><STRONG><a name="[db]"></a>__rt_lib_shutdown_fp_trap_1</STRONG> (Thumb, 0 bytes, Stack size unknown bytes, libshutdown2.o(.ARM.Collect$$libshutdown$$00000007))

<P><STRONG><a name="[dc]"></a>__rt_lib_shutdown_heap_1</STRONG> (Thumb, 0 bytes, Stack size unknown bytes, libshutdown2.o(.ARM.Collect$$libshutdown$$0000000F))

<P><STRONG><a name="[dd]"></a>__rt_lib_shutdown_return</STRONG> (Thumb, 0 bytes, Stack size unknown bytes, libshutdown2.o(.ARM.Collect$$libshutdown$$00000010))

<P><STRONG><a name="[de]"></a>__rt_lib_shutdown_signal_1</STRONG> (Thumb, 0 bytes, Stack size unknown bytes, libshutdown2.o(.ARM.Collect$$libshutdown$$0000000A))

<P><STRONG><a name="[df]"></a>__rt_lib_shutdown_stdio_1</STRONG> (Thumb, 0 bytes, Stack size unknown bytes, libshutdown2.o(.ARM.Collect$$libshutdown$$00000004))

<P><STRONG><a name="[e0]"></a>__rt_lib_shutdown_user_alloc_1</STRONG> (Thumb, 0 bytes, Stack size unknown bytes, libshutdown2.o(.ARM.Collect$$libshutdown$$0000000C))

<P><STRONG><a name="[39]"></a>__rt_entry</STRONG> (Thumb, 0 bytes, Stack size unknown bytes, __rtentry.o(.ARM.Collect$$rtentry$$00000000))
<BR><BR>[Called By]<UL><LI><a href="#[3a]">&gt;&gt;</a>&nbsp;&nbsp;&nbsp;__scatterload_rt2
<LI><a href="#[36]">&gt;&gt;</a>&nbsp;&nbsp;&nbsp;__main
</UL>

<P><STRONG><a name="[e1]"></a>__rt_entry_presh_1</STRONG> (Thumb, 0 bytes, Stack size unknown bytes, __rtentry2.o(.ARM.Collect$$rtentry$$00000002))

<P><STRONG><a name="[3c]"></a>__rt_entry_sh</STRONG> (Thumb, 0 bytes, Stack size unknown bytes, __rtentry4.o(.ARM.Collect$$rtentry$$00000004))
<BR><BR>[Stack]<UL><LI>Max Depth = 8 + Unknown Stack Size
<LI>Call Chain = __rt_entry_sh &rArr; __user_setup_stackheap
</UL>
<BR>[Calls]<UL><LI><a href="#[3d]">&gt;&gt;</a>&nbsp;&nbsp;&nbsp;__user_setup_stackheap
</UL>

<P><STRONG><a name="[3e]"></a>__rt_entry_li</STRONG> (Thumb, 0 bytes, Stack size unknown bytes, __rtentry2.o(.ARM.Collect$$rtentry$$0000000A))
<BR><BR>[Calls]<UL><LI><a href="#[3f]">&gt;&gt;</a>&nbsp;&nbsp;&nbsp;__rt_lib_init
</UL>

<P><STRONG><a name="[e2]"></a>__rt_entry_postsh_1</STRONG> (Thumb, 0 bytes, Stack size unknown bytes, __rtentry2.o(.ARM.Collect$$rtentry$$00000009))

<P><STRONG><a name="[40]"></a>__rt_entry_main</STRONG> (Thumb, 0 bytes, Stack size unknown bytes, __rtentry2.o(.ARM.Collect$$rtentry$$0000000D))
<BR><BR>[Stack]<UL><LI>Max Depth = 3844 + Unknown Stack Size
<LI>Call Chain = __rt_entry_main &rArr; main &rArr; Main_ReadMessages &rArr; LogicCyclops_ProcessMessage &rArr; MavlinkTx_SendInit &rArr; MavlinkTx_SendCommand &rArr; mavlink_msg_command_long_pack &rArr; mavlink_finalize_message &rArr; mavlink_finalize_message_chan &rArr; mavlink_finalize_message_buffer &rArr; mavlink_sign_packet &rArr; mavlink_sha256_final_48 &rArr; mavlink_sha256_update &rArr; mavlink_sha256_calc
</UL>
<BR>[Calls]<UL><LI><a href="#[42]">&gt;&gt;</a>&nbsp;&nbsp;&nbsp;exit
<LI><a href="#[41]">&gt;&gt;</a>&nbsp;&nbsp;&nbsp;main
</UL>

<P><STRONG><a name="[e3]"></a>__rt_entry_postli_1</STRONG> (Thumb, 0 bytes, Stack size unknown bytes, __rtentry2.o(.ARM.Collect$$rtentry$$0000000C))

<P><STRONG><a name="[4c]"></a>__rt_exit</STRONG> (Thumb, 0 bytes, Stack size unknown bytes, rtexit.o(.ARM.Collect$$rtexit$$00000000))
<BR><BR>[Called By]<UL><LI><a href="#[42]">&gt;&gt;</a>&nbsp;&nbsp;&nbsp;exit
</UL>

<P><STRONG><a name="[43]"></a>__rt_exit_ls</STRONG> (Thumb, 0 bytes, Stack size unknown bytes, rtexit2.o(.ARM.Collect$$rtexit$$00000003))
<BR><BR>[Calls]<UL><LI><a href="#[44]">&gt;&gt;</a>&nbsp;&nbsp;&nbsp;__rt_lib_shutdown
</UL>

<P><STRONG><a name="[e4]"></a>__rt_exit_prels_1</STRONG> (Thumb, 0 bytes, Stack size unknown bytes, rtexit2.o(.ARM.Collect$$rtexit$$00000002))

<P><STRONG><a name="[45]"></a>__rt_exit_exit</STRONG> (Thumb, 0 bytes, Stack size unknown bytes, rtexit2.o(.ARM.Collect$$rtexit$$00000004))
<BR><BR>[Calls]<UL><LI><a href="#[46]">&gt;&gt;</a>&nbsp;&nbsp;&nbsp;_sys_exit
</UL>

<P><STRONG><a name="[0]"></a>Reset_Handler</STRONG> (Thumb, 8 bytes, Stack size 0 bytes, startup_stm32f10x_md.o(.text))
<BR>[Address Reference Count : 1]<UL><LI> startup_stm32f10x_md.o(RESET)
</UL>
<P><STRONG><a name="[1]"></a>NMI_Handler</STRONG> (Thumb, 2 bytes, Stack size 0 bytes, startup_stm32f10x_md.o(.text))
<BR><BR>[Calls]<UL><LI><a href="#[1]">&gt;&gt;</a>&nbsp;&nbsp;&nbsp;NMI_Handler
</UL>
<BR>[Called By]<UL><LI><a href="#[1]">&gt;&gt;</a>&nbsp;&nbsp;&nbsp;NMI_Handler
</UL>
<BR>[Address Reference Count : 1]<UL><LI> startup_stm32f10x_md.o(RESET)
</UL>
<P><STRONG><a name="[2]"></a>HardFault_Handler</STRONG> (Thumb, 2 bytes, Stack size 0 bytes, startup_stm32f10x_md.o(.text))
<BR><BR>[Calls]<UL><LI><a href="#[2]">&gt;&gt;</a>&nbsp;&nbsp;&nbsp;HardFault_Handler
</UL>
<BR>[Called By]<UL><LI><a href="#[2]">&gt;&gt;</a>&nbsp;&nbsp;&nbsp;HardFault_Handler
</UL>
<BR>[Address Reference Count : 1]<UL><LI> startup_stm32f10x_md.o(RESET)
</UL>
<P><STRONG><a name="[3]"></a>MemManage_Handler</STRONG> (Thumb, 2 bytes, Stack size 0 bytes, startup_stm32f10x_md.o(.text))
<BR><BR>[Calls]<UL><LI><a href="#[3]">&gt;&gt;</a>&nbsp;&nbsp;&nbsp;MemManage_Handler
</UL>
<BR>[Called By]<UL><LI><a href="#[3]">&gt;&gt;</a>&nbsp;&nbsp;&nbsp;MemManage_Handler
</UL>
<BR>[Address Reference Count : 1]<UL><LI> startup_stm32f10x_md.o(RESET)
</UL>
<P><STRONG><a name="[4]"></a>BusFault_Handler</STRONG> (Thumb, 2 bytes, Stack size 0 bytes, startup_stm32f10x_md.o(.text))
<BR><BR>[Calls]<UL><LI><a href="#[4]">&gt;&gt;</a>&nbsp;&nbsp;&nbsp;BusFault_Handler
</UL>
<BR>[Called By]<UL><LI><a href="#[4]">&gt;&gt;</a>&nbsp;&nbsp;&nbsp;BusFault_Handler
</UL>
<BR>[Address Reference Count : 1]<UL><LI> startup_stm32f10x_md.o(RESET)
</UL>
<P><STRONG><a name="[5]"></a>UsageFault_Handler</STRONG> (Thumb, 2 bytes, Stack size 0 bytes, startup_stm32f10x_md.o(.text))
<BR><BR>[Calls]<UL><LI><a href="#[5]">&gt;&gt;</a>&nbsp;&nbsp;&nbsp;UsageFault_Handler
</UL>
<BR>[Called By]<UL><LI><a href="#[5]">&gt;&gt;</a>&nbsp;&nbsp;&nbsp;UsageFault_Handler
</UL>
<BR>[Address Reference Count : 1]<UL><LI> startup_stm32f10x_md.o(RESET)
</UL>
<P><STRONG><a name="[6]"></a>SVC_Handler</STRONG> (Thumb, 2 bytes, Stack size 0 bytes, startup_stm32f10x_md.o(.text))
<BR><BR>[Calls]<UL><LI><a href="#[6]">&gt;&gt;</a>&nbsp;&nbsp;&nbsp;SVC_Handler
</UL>
<BR>[Called By]<UL><LI><a href="#[6]">&gt;&gt;</a>&nbsp;&nbsp;&nbsp;SVC_Handler
</UL>
<BR>[Address Reference Count : 1]<UL><LI> startup_stm32f10x_md.o(RESET)
</UL>
<P><STRONG><a name="[7]"></a>DebugMon_Handler</STRONG> (Thumb, 2 bytes, Stack size 0 bytes, startup_stm32f10x_md.o(.text))
<BR><BR>[Calls]<UL><LI><a href="#[7]">&gt;&gt;</a>&nbsp;&nbsp;&nbsp;DebugMon_Handler
</UL>
<BR>[Called By]<UL><LI><a href="#[7]">&gt;&gt;</a>&nbsp;&nbsp;&nbsp;DebugMon_Handler
</UL>
<BR>[Address Reference Count : 1]<UL><LI> startup_stm32f10x_md.o(RESET)
</UL>
<P><STRONG><a name="[8]"></a>PendSV_Handler</STRONG> (Thumb, 2 bytes, Stack size 0 bytes, startup_stm32f10x_md.o(.text))
<BR><BR>[Calls]<UL><LI><a href="#[8]">&gt;&gt;</a>&nbsp;&nbsp;&nbsp;PendSV_Handler
</UL>
<BR>[Called By]<UL><LI><a href="#[8]">&gt;&gt;</a>&nbsp;&nbsp;&nbsp;PendSV_Handler
</UL>
<BR>[Address Reference Count : 1]<UL><LI> startup_stm32f10x_md.o(RESET)
</UL>
<P><STRONG><a name="[1c]"></a>ADC1_2_IRQHandler</STRONG> (Thumb, 0 bytes, Stack size 0 bytes, startup_stm32f10x_md.o(.text))
<BR><BR>[Calls]<UL><LI><a href="#[1c]">&gt;&gt;</a>&nbsp;&nbsp;&nbsp;ADC1_2_IRQHandler
</UL>
<BR>[Called By]<UL><LI><a href="#[1c]">&gt;&gt;</a>&nbsp;&nbsp;&nbsp;ADC1_2_IRQHandler
</UL>
<BR>[Address Reference Count : 1]<UL><LI> startup_stm32f10x_md.o(RESET)
</UL>
<P><STRONG><a name="[1f]"></a>CAN1_RX1_IRQHandler</STRONG> (Thumb, 0 bytes, Stack size 0 bytes, startup_stm32f10x_md.o(.text))
<BR>[Address Reference Count : 1]<UL><LI> startup_stm32f10x_md.o(RESET)
</UL>
<P><STRONG><a name="[20]"></a>CAN1_SCE_IRQHandler</STRONG> (Thumb, 0 bytes, Stack size 0 bytes, startup_stm32f10x_md.o(.text))
<BR>[Address Reference Count : 1]<UL><LI> startup_stm32f10x_md.o(RESET)
</UL>
<P><STRONG><a name="[15]"></a>DMA1_Channel1_IRQHandler</STRONG> (Thumb, 0 bytes, Stack size 0 bytes, startup_stm32f10x_md.o(.text))
<BR>[Address Reference Count : 1]<UL><LI> startup_stm32f10x_md.o(RESET)
</UL>
<P><STRONG><a name="[16]"></a>DMA1_Channel2_IRQHandler</STRONG> (Thumb, 0 bytes, Stack size 0 bytes, startup_stm32f10x_md.o(.text))
<BR>[Address Reference Count : 1]<UL><LI> startup_stm32f10x_md.o(RESET)
</UL>
<P><STRONG><a name="[17]"></a>DMA1_Channel3_IRQHandler</STRONG> (Thumb, 0 bytes, Stack size 0 bytes, startup_stm32f10x_md.o(.text))
<BR>[Address Reference Count : 1]<UL><LI> startup_stm32f10x_md.o(RESET)
</UL>
<P><STRONG><a name="[18]"></a>DMA1_Channel4_IRQHandler</STRONG> (Thumb, 0 bytes, Stack size 0 bytes, startup_stm32f10x_md.o(.text))
<BR>[Address Reference Count : 1]<UL><LI> startup_stm32f10x_md.o(RESET)
</UL>
<P><STRONG><a name="[19]"></a>DMA1_Channel5_IRQHandler</STRONG> (Thumb, 0 bytes, Stack size 0 bytes, startup_stm32f10x_md.o(.text))
<BR>[Address Reference Count : 1]<UL><LI> startup_stm32f10x_md.o(RESET)
</UL>
<P><STRONG><a name="[1a]"></a>DMA1_Channel6_IRQHandler</STRONG> (Thumb, 0 bytes, Stack size 0 bytes, startup_stm32f10x_md.o(.text))
<BR>[Address Reference Count : 1]<UL><LI> startup_stm32f10x_md.o(RESET)
</UL>
<P><STRONG><a name="[1b]"></a>DMA1_Channel7_IRQHandler</STRONG> (Thumb, 0 bytes, Stack size 0 bytes, startup_stm32f10x_md.o(.text))
<BR>[Address Reference Count : 1]<UL><LI> startup_stm32f10x_md.o(RESET)
</UL>
<P><STRONG><a name="[10]"></a>EXTI0_IRQHandler</STRONG> (Thumb, 0 bytes, Stack size 0 bytes, startup_stm32f10x_md.o(.text))
<BR>[Address Reference Count : 1]<UL><LI> startup_stm32f10x_md.o(RESET)
</UL>
<P><STRONG><a name="[32]"></a>EXTI15_10_IRQHandler</STRONG> (Thumb, 0 bytes, Stack size 0 bytes, startup_stm32f10x_md.o(.text))
<BR>[Address Reference Count : 1]<UL><LI> startup_stm32f10x_md.o(RESET)
</UL>
<P><STRONG><a name="[11]"></a>EXTI1_IRQHandler</STRONG> (Thumb, 0 bytes, Stack size 0 bytes, startup_stm32f10x_md.o(.text))
<BR>[Address Reference Count : 1]<UL><LI> startup_stm32f10x_md.o(RESET)
</UL>
<P><STRONG><a name="[12]"></a>EXTI2_IRQHandler</STRONG> (Thumb, 0 bytes, Stack size 0 bytes, startup_stm32f10x_md.o(.text))
<BR>[Address Reference Count : 1]<UL><LI> startup_stm32f10x_md.o(RESET)
</UL>
<P><STRONG><a name="[13]"></a>EXTI3_IRQHandler</STRONG> (Thumb, 0 bytes, Stack size 0 bytes, startup_stm32f10x_md.o(.text))
<BR>[Address Reference Count : 1]<UL><LI> startup_stm32f10x_md.o(RESET)
</UL>
<P><STRONG><a name="[14]"></a>EXTI4_IRQHandler</STRONG> (Thumb, 0 bytes, Stack size 0 bytes, startup_stm32f10x_md.o(.text))
<BR>[Address Reference Count : 1]<UL><LI> startup_stm32f10x_md.o(RESET)
</UL>
<P><STRONG><a name="[21]"></a>EXTI9_5_IRQHandler</STRONG> (Thumb, 0 bytes, Stack size 0 bytes, startup_stm32f10x_md.o(.text))
<BR>[Address Reference Count : 1]<UL><LI> startup_stm32f10x_md.o(RESET)
</UL>
<P><STRONG><a name="[e]"></a>FLASH_IRQHandler</STRONG> (Thumb, 0 bytes, Stack size 0 bytes, startup_stm32f10x_md.o(.text))
<BR>[Address Reference Count : 1]<UL><LI> startup_stm32f10x_md.o(RESET)
</UL>
<P><STRONG><a name="[2a]"></a>I2C1_ER_IRQHandler</STRONG> (Thumb, 0 bytes, Stack size 0 bytes, startup_stm32f10x_md.o(.text))
<BR>[Address Reference Count : 1]<UL><LI> startup_stm32f10x_md.o(RESET)
</UL>
<P><STRONG><a name="[29]"></a>I2C1_EV_IRQHandler</STRONG> (Thumb, 0 bytes, Stack size 0 bytes, startup_stm32f10x_md.o(.text))
<BR>[Address Reference Count : 1]<UL><LI> startup_stm32f10x_md.o(RESET)
</UL>
<P><STRONG><a name="[2c]"></a>I2C2_ER_IRQHandler</STRONG> (Thumb, 0 bytes, Stack size 0 bytes, startup_stm32f10x_md.o(.text))
<BR>[Address Reference Count : 1]<UL><LI> startup_stm32f10x_md.o(RESET)
</UL>
<P><STRONG><a name="[2b]"></a>I2C2_EV_IRQHandler</STRONG> (Thumb, 0 bytes, Stack size 0 bytes, startup_stm32f10x_md.o(.text))
<BR>[Address Reference Count : 1]<UL><LI> startup_stm32f10x_md.o(RESET)
</UL>
<P><STRONG><a name="[b]"></a>PVD_IRQHandler</STRONG> (Thumb, 0 bytes, Stack size 0 bytes, startup_stm32f10x_md.o(.text))
<BR>[Address Reference Count : 1]<UL><LI> startup_stm32f10x_md.o(RESET)
</UL>
<P><STRONG><a name="[f]"></a>RCC_IRQHandler</STRONG> (Thumb, 0 bytes, Stack size 0 bytes, startup_stm32f10x_md.o(.text))
<BR>[Address Reference Count : 1]<UL><LI> startup_stm32f10x_md.o(RESET)
</UL>
<P><STRONG><a name="[33]"></a>RTCAlarm_IRQHandler</STRONG> (Thumb, 0 bytes, Stack size 0 bytes, startup_stm32f10x_md.o(.text))
<BR>[Address Reference Count : 1]<UL><LI> startup_stm32f10x_md.o(RESET)
</UL>
<P><STRONG><a name="[d]"></a>RTC_IRQHandler</STRONG> (Thumb, 0 bytes, Stack size 0 bytes, startup_stm32f10x_md.o(.text))
<BR>[Address Reference Count : 1]<UL><LI> startup_stm32f10x_md.o(RESET)
</UL>
<P><STRONG><a name="[2d]"></a>SPI1_IRQHandler</STRONG> (Thumb, 0 bytes, Stack size 0 bytes, startup_stm32f10x_md.o(.text))
<BR>[Address Reference Count : 1]<UL><LI> startup_stm32f10x_md.o(RESET)
</UL>
<P><STRONG><a name="[2e]"></a>SPI2_IRQHandler</STRONG> (Thumb, 0 bytes, Stack size 0 bytes, startup_stm32f10x_md.o(.text))
<BR>[Address Reference Count : 1]<UL><LI> startup_stm32f10x_md.o(RESET)
</UL>
<P><STRONG><a name="[c]"></a>TAMPER_IRQHandler</STRONG> (Thumb, 0 bytes, Stack size 0 bytes, startup_stm32f10x_md.o(.text))
<BR>[Address Reference Count : 1]<UL><LI> startup_stm32f10x_md.o(RESET)
</UL>
<P><STRONG><a name="[22]"></a>TIM1_BRK_IRQHandler</STRONG> (Thumb, 0 bytes, Stack size 0 bytes, startup_stm32f10x_md.o(.text))
<BR>[Address Reference Count : 1]<UL><LI> startup_stm32f10x_md.o(RESET)
</UL>
<P><STRONG><a name="[25]"></a>TIM1_CC_IRQHandler</STRONG> (Thumb, 0 bytes, Stack size 0 bytes, startup_stm32f10x_md.o(.text))
<BR>[Address Reference Count : 1]<UL><LI> startup_stm32f10x_md.o(RESET)
</UL>
<P><STRONG><a name="[24]"></a>TIM1_TRG_COM_IRQHandler</STRONG> (Thumb, 0 bytes, Stack size 0 bytes, startup_stm32f10x_md.o(.text))
<BR>[Address Reference Count : 1]<UL><LI> startup_stm32f10x_md.o(RESET)
</UL>
<P><STRONG><a name="[23]"></a>TIM1_UP_IRQHandler</STRONG> (Thumb, 0 bytes, Stack size 0 bytes, startup_stm32f10x_md.o(.text))
<BR>[Address Reference Count : 1]<UL><LI> startup_stm32f10x_md.o(RESET)
</UL>
<P><STRONG><a name="[26]"></a>TIM2_IRQHandler</STRONG> (Thumb, 0 bytes, Stack size 0 bytes, startup_stm32f10x_md.o(.text))
<BR>[Address Reference Count : 1]<UL><LI> startup_stm32f10x_md.o(RESET)
</UL>
<P><STRONG><a name="[28]"></a>TIM4_IRQHandler</STRONG> (Thumb, 0 bytes, Stack size 0 bytes, startup_stm32f10x_md.o(.text))
<BR>[Address Reference Count : 1]<UL><LI> startup_stm32f10x_md.o(RESET)
</UL>
<P><STRONG><a name="[31]"></a>USART3_IRQHandler</STRONG> (Thumb, 0 bytes, Stack size 0 bytes, startup_stm32f10x_md.o(.text))
<BR>[Address Reference Count : 1]<UL><LI> startup_stm32f10x_md.o(RESET)
</UL>
<P><STRONG><a name="[34]"></a>USBWakeUp_IRQHandler</STRONG> (Thumb, 0 bytes, Stack size 0 bytes, startup_stm32f10x_md.o(.text))
<BR>[Address Reference Count : 1]<UL><LI> startup_stm32f10x_md.o(RESET)
</UL>
<P><STRONG><a name="[1d]"></a>USB_HP_CAN1_TX_IRQHandler</STRONG> (Thumb, 0 bytes, Stack size 0 bytes, startup_stm32f10x_md.o(.text))
<BR>[Address Reference Count : 1]<UL><LI> startup_stm32f10x_md.o(RESET)
</UL>
<P><STRONG><a name="[1e]"></a>USB_LP_CAN1_RX0_IRQHandler</STRONG> (Thumb, 0 bytes, Stack size 0 bytes, startup_stm32f10x_md.o(.text))
<BR>[Address Reference Count : 1]<UL><LI> startup_stm32f10x_md.o(RESET)
</UL>
<P><STRONG><a name="[a]"></a>WWDG_IRQHandler</STRONG> (Thumb, 0 bytes, Stack size 0 bytes, startup_stm32f10x_md.o(.text))
<BR>[Address Reference Count : 1]<UL><LI> startup_stm32f10x_md.o(RESET)
</UL>
<P><STRONG><a name="[37]"></a>__user_initial_stackheap</STRONG> (Thumb, 0 bytes, Stack size unknown bytes, startup_stm32f10x_md.o(.text))
<BR><BR>[Called By]<UL><LI><a href="#[3d]">&gt;&gt;</a>&nbsp;&nbsp;&nbsp;__user_setup_stackheap
</UL>

<P><STRONG><a name="[b1]"></a>memcmp</STRONG> (Thumb, 88 bytes, Stack size 8 bytes, memcmp.o(.text))
<BR><BR>[Stack]<UL><LI>Max Depth = 8<LI>Call Chain = memcmp
</UL>
<BR>[Called By]<UL><LI><a href="#[a8]">&gt;&gt;</a>&nbsp;&nbsp;&nbsp;mavlink_signature_check
</UL>

<P><STRONG><a name="[80]"></a>__aeabi_memcpy</STRONG> (Thumb, 0 bytes, Stack size 0 bytes, rt_memcpy_v6.o(.text))
<BR><BR>[Called By]<UL><LI><a href="#[5c]">&gt;&gt;</a>&nbsp;&nbsp;&nbsp;MessageQueue_ClearBySource
<LI><a href="#[5a]">&gt;&gt;</a>&nbsp;&nbsp;&nbsp;MessageQueue_PeekLast
<LI><a href="#[6b]">&gt;&gt;</a>&nbsp;&nbsp;&nbsp;mavlink_msg_system_time_decode
<LI><a href="#[66]">&gt;&gt;</a>&nbsp;&nbsp;&nbsp;mavlink_msg_debug_decode
<LI><a href="#[64]">&gt;&gt;</a>&nbsp;&nbsp;&nbsp;mavlink_msg_battery_status_decode
<LI><a href="#[ac]">&gt;&gt;</a>&nbsp;&nbsp;&nbsp;mavlink_sha256_update
<LI><a href="#[a2]">&gt;&gt;</a>&nbsp;&nbsp;&nbsp;mavlink_frame_char_buffer
<LI><a href="#[aa]">&gt;&gt;</a>&nbsp;&nbsp;&nbsp;mavlink_sha256_update
<LI><a href="#[7b]">&gt;&gt;</a>&nbsp;&nbsp;&nbsp;mavlink_msg_to_send_buffer
<LI><a href="#[7a]">&gt;&gt;</a>&nbsp;&nbsp;&nbsp;mavlink_msg_command_long_pack
<LI><a href="#[76]">&gt;&gt;</a>&nbsp;&nbsp;&nbsp;MessageQueue_Pop
</UL>

<P><STRONG><a name="[47]"></a>__rt_memcpy</STRONG> (Thumb, 138 bytes, Stack size 0 bytes, rt_memcpy_v6.o(.text), UNUSED)
<BR><BR>[Calls]<UL><LI><a href="#[48]">&gt;&gt;</a>&nbsp;&nbsp;&nbsp;__aeabi_memcpy4
</UL>

<P><STRONG><a name="[e5]"></a>_memcpy_lastbytes</STRONG> (Thumb, 0 bytes, Stack size unknown bytes, rt_memcpy_v6.o(.text), UNUSED)

<P><STRONG><a name="[a7]"></a>__aeabi_memclr</STRONG> (Thumb, 0 bytes, Stack size unknown bytes, rt_memclr.o(.text))
<BR><BR>[Called By]<UL><LI><a href="#[64]">&gt;&gt;</a>&nbsp;&nbsp;&nbsp;mavlink_msg_battery_status_decode
<LI><a href="#[ab]">&gt;&gt;</a>&nbsp;&nbsp;&nbsp;mavlink_sha256_final_48
<LI><a href="#[a2]">&gt;&gt;</a>&nbsp;&nbsp;&nbsp;mavlink_frame_char_buffer
<LI><a href="#[a9]">&gt;&gt;</a>&nbsp;&nbsp;&nbsp;mavlink_sha256_final_48
</UL>

<P><STRONG><a name="[e6]"></a>__rt_memclr</STRONG> (Thumb, 0 bytes, Stack size unknown bytes, rt_memclr.o(.text), UNUSED)

<P><STRONG><a name="[49]"></a>_memset</STRONG> (Thumb, 64 bytes, Stack size 0 bytes, rt_memclr.o(.text), UNUSED)
<BR><BR>[Calls]<UL><LI><a href="#[4a]">&gt;&gt;</a>&nbsp;&nbsp;&nbsp;_memset_w
</UL>

<P><STRONG><a name="[e7]"></a>__use_two_region_memory</STRONG> (Thumb, 2 bytes, Stack size 0 bytes, heapauxi.o(.text), UNUSED)

<P><STRONG><a name="[e8]"></a>__rt_heap_escrow$2region</STRONG> (Thumb, 2 bytes, Stack size 0 bytes, heapauxi.o(.text), UNUSED)

<P><STRONG><a name="[e9]"></a>__rt_heap_expand$2region</STRONG> (Thumb, 2 bytes, Stack size 0 bytes, heapauxi.o(.text), UNUSED)

<P><STRONG><a name="[48]"></a>__aeabi_memcpy4</STRONG> (Thumb, 0 bytes, Stack size 8 bytes, rt_memcpy_w.o(.text), UNUSED)
<BR><BR>[Called By]<UL><LI><a href="#[47]">&gt;&gt;</a>&nbsp;&nbsp;&nbsp;__rt_memcpy
</UL>

<P><STRONG><a name="[ea]"></a>__aeabi_memcpy8</STRONG> (Thumb, 0 bytes, Stack size 8 bytes, rt_memcpy_w.o(.text), UNUSED)

<P><STRONG><a name="[eb]"></a>__rt_memcpy_w</STRONG> (Thumb, 100 bytes, Stack size 8 bytes, rt_memcpy_w.o(.text), UNUSED)

<P><STRONG><a name="[ec]"></a>_memcpy_lastbytes_aligned</STRONG> (Thumb, 0 bytes, Stack size unknown bytes, rt_memcpy_w.o(.text), UNUSED)

<P><STRONG><a name="[ed]"></a>__aeabi_memclr4</STRONG> (Thumb, 0 bytes, Stack size unknown bytes, rt_memclr_w.o(.text), UNUSED)

<P><STRONG><a name="[ee]"></a>__aeabi_memclr8</STRONG> (Thumb, 0 bytes, Stack size unknown bytes, rt_memclr_w.o(.text), UNUSED)

<P><STRONG><a name="[ef]"></a>__rt_memclr_w</STRONG> (Thumb, 0 bytes, Stack size unknown bytes, rt_memclr_w.o(.text), UNUSED)

<P><STRONG><a name="[4a]"></a>_memset_w</STRONG> (Thumb, 74 bytes, Stack size 4 bytes, rt_memclr_w.o(.text), UNUSED)
<BR><BR>[Called By]<UL><LI><a href="#[49]">&gt;&gt;</a>&nbsp;&nbsp;&nbsp;_memset
</UL>

<P><STRONG><a name="[3d]"></a>__user_setup_stackheap</STRONG> (Thumb, 74 bytes, Stack size 8 bytes, sys_stackheap_outer.o(.text))
<BR><BR>[Stack]<UL><LI>Max Depth = 8 + Unknown Stack Size
<LI>Call Chain = __user_setup_stackheap
</UL>
<BR>[Calls]<UL><LI><a href="#[4b]">&gt;&gt;</a>&nbsp;&nbsp;&nbsp;__user_perproc_libspace
<LI><a href="#[37]">&gt;&gt;</a>&nbsp;&nbsp;&nbsp;__user_initial_stackheap
</UL>
<BR>[Called By]<UL><LI><a href="#[3c]">&gt;&gt;</a>&nbsp;&nbsp;&nbsp;__rt_entry_sh
</UL>

<P><STRONG><a name="[42]"></a>exit</STRONG> (Thumb, 18 bytes, Stack size 8 bytes, exit.o(.text))
<BR><BR>[Stack]<UL><LI>Max Depth = 8 + Unknown Stack Size
<LI>Call Chain = exit
</UL>
<BR>[Calls]<UL><LI><a href="#[4c]">&gt;&gt;</a>&nbsp;&nbsp;&nbsp;__rt_exit
</UL>
<BR>[Called By]<UL><LI><a href="#[40]">&gt;&gt;</a>&nbsp;&nbsp;&nbsp;__rt_entry_main
</UL>

<P><STRONG><a name="[f0]"></a>__user_libspace</STRONG> (Thumb, 8 bytes, Stack size 0 bytes, libspace.o(.text), UNUSED)

<P><STRONG><a name="[4b]"></a>__user_perproc_libspace</STRONG> (Thumb, 0 bytes, Stack size 0 bytes, libspace.o(.text))
<BR><BR>[Called By]<UL><LI><a href="#[3d]">&gt;&gt;</a>&nbsp;&nbsp;&nbsp;__user_setup_stackheap
</UL>

<P><STRONG><a name="[f1]"></a>__user_perthread_libspace</STRONG> (Thumb, 0 bytes, Stack size 0 bytes, libspace.o(.text), UNUSED)

<P><STRONG><a name="[46]"></a>_sys_exit</STRONG> (Thumb, 8 bytes, Stack size 0 bytes, sys_exit.o(.text))
<BR><BR>[Called By]<UL><LI><a href="#[45]">&gt;&gt;</a>&nbsp;&nbsp;&nbsp;__rt_exit_exit
</UL>

<P><STRONG><a name="[f2]"></a>__I$use$semihosting</STRONG> (Thumb, 0 bytes, Stack size 0 bytes, use_no_semi.o(.text), UNUSED)

<P><STRONG><a name="[f3]"></a>__use_no_semihosting_swi</STRONG> (Thumb, 2 bytes, Stack size 0 bytes, use_no_semi.o(.text), UNUSED)

<P><STRONG><a name="[f4]"></a>__semihosting_library_function</STRONG> (Thumb, 0 bytes, Stack size unknown bytes, indicate_semi.o(.text), UNUSED)

<P><STRONG><a name="[4d]"></a>Convert_msg_to_mavlink</STRONG> (Thumb, 128 bytes, Stack size 48 bytes, mavlink_rx.o(.text.Convert_msg_to_mavlink))
<BR><BR>[Stack]<UL><LI>Max Depth = 876 + Unknown Stack Size
<LI>Call Chain = Convert_msg_to_mavlink &rArr; mavlink_parse_char &rArr; mavlink_frame_char &rArr; mavlink_frame_char_buffer &rArr; mavlink_signature_check &rArr; mavlink_sha256_final_48 &rArr; mavlink_sha256_update &rArr; mavlink_sha256_calc
</UL>
<BR>[Calls]<UL><LI><a href="#[4e]">&gt;&gt;</a>&nbsp;&nbsp;&nbsp;mavlink_parse_char
</UL>
<BR>[Called By]<UL><LI><a href="#[58]">&gt;&gt;</a>&nbsp;&nbsp;&nbsp;DroneResponseWaitCycle
<LI><a href="#[5b]">&gt;&gt;</a>&nbsp;&nbsp;&nbsp;LogicCyclops_ProcessMessage
</UL>

<P><STRONG><a name="[4f]"></a>CyclopsTx_BuildPacket</STRONG> (Thumb, 196 bytes, Stack size 24 bytes, cyclops_tx.o(.text.CyclopsTx_BuildPacket))
<BR><BR>[Stack]<UL><LI>Max Depth = 36<LI>Call Chain = CyclopsTx_BuildPacket &rArr; XorData
</UL>
<BR>[Calls]<UL><LI><a href="#[50]">&gt;&gt;</a>&nbsp;&nbsp;&nbsp;XorData
</UL>
<BR>[Called By]<UL><LI><a href="#[56]">&gt;&gt;</a>&nbsp;&nbsp;&nbsp;Cyclops_SendResponse
</UL>

<P><STRONG><a name="[51]"></a>Cyclops_RxByte</STRONG> (Thumb, 338 bytes, Stack size 16 bytes, cyclops_rx.o(.text.Cyclops_RxByte))
<BR><BR>[Stack]<UL><LI>Max Depth = 64<LI>Call Chain = Cyclops_RxByte &rArr; MessageQueue_Push &rArr; CopyMessage
</UL>
<BR>[Calls]<UL><LI><a href="#[54]">&gt;&gt;</a>&nbsp;&nbsp;&nbsp;PacketIsValid
<LI><a href="#[53]">&gt;&gt;</a>&nbsp;&nbsp;&nbsp;ResetParser
<LI><a href="#[52]">&gt;&gt;</a>&nbsp;&nbsp;&nbsp;XorData
<LI><a href="#[55]">&gt;&gt;</a>&nbsp;&nbsp;&nbsp;MessageQueue_Push
</UL>
<BR>[Called By]<UL><LI><a href="#[2f]">&gt;&gt;</a>&nbsp;&nbsp;&nbsp;USART1_IRQHandler
</UL>

<P><STRONG><a name="[56]"></a>Cyclops_SendResponse</STRONG> (Thumb, 76 bytes, Stack size 312 bytes, cyclops_tx.o(.text.Cyclops_SendResponse))
<BR><BR>[Stack]<UL><LI>Max Depth = 348<LI>Call Chain = Cyclops_SendResponse &rArr; CyclopsTx_BuildPacket &rArr; XorData
</UL>
<BR>[Calls]<UL><LI><a href="#[4f]">&gt;&gt;</a>&nbsp;&nbsp;&nbsp;CyclopsTx_BuildPacket
<LI><a href="#[57]">&gt;&gt;</a>&nbsp;&nbsp;&nbsp;USART1_SendArray
</UL>
<BR>[Called By]<UL><LI><a href="#[5b]">&gt;&gt;</a>&nbsp;&nbsp;&nbsp;LogicCyclops_ProcessMessage
</UL>

<P><STRONG><a name="[62]"></a>DelayMs</STRONG> (Thumb, 48 bytes, Stack size 12 bytes, timer.o(.text.DelayMs))
<BR><BR>[Stack]<UL><LI>Max Depth = 12<LI>Call Chain = DelayMs
</UL>
<BR>[Called By]<UL><LI><a href="#[5b]">&gt;&gt;</a>&nbsp;&nbsp;&nbsp;LogicCyclops_ProcessMessage
<LI><a href="#[71]">&gt;&gt;</a>&nbsp;&nbsp;&nbsp;LogicDrone_Process
<LI><a href="#[41]">&gt;&gt;</a>&nbsp;&nbsp;&nbsp;main
</UL>

<P><STRONG><a name="[58]"></a>DroneResponseWaitCycle</STRONG> (Thumb, 144 bytes, Stack size 592 bytes, logic_cyclops.o(.text.DroneResponseWaitCycle))
<BR><BR>[Stack]<UL><LI>Max Depth = 1468 + Unknown Stack Size
<LI>Call Chain = DroneResponseWaitCycle &rArr; Convert_msg_to_mavlink &rArr; mavlink_parse_char &rArr; mavlink_frame_char &rArr; mavlink_frame_char_buffer &rArr; mavlink_signature_check &rArr; mavlink_sha256_final_48 &rArr; mavlink_sha256_update &rArr; mavlink_sha256_calc
</UL>
<BR>[Calls]<UL><LI><a href="#[5a]">&gt;&gt;</a>&nbsp;&nbsp;&nbsp;MessageQueue_PeekLast
<LI><a href="#[4d]">&gt;&gt;</a>&nbsp;&nbsp;&nbsp;Convert_msg_to_mavlink
<LI><a href="#[59]">&gt;&gt;</a>&nbsp;&nbsp;&nbsp;GetTick
</UL>
<BR>[Called By]<UL><LI><a href="#[5b]">&gt;&gt;</a>&nbsp;&nbsp;&nbsp;LogicCyclops_ProcessMessage
</UL>

<P><STRONG><a name="[6e]"></a>End_Read</STRONG> (Thumb, 16 bytes, Stack size 0 bytes, gpio.o(.text.End_Read))
<BR><BR>[Called By]<UL><LI><a href="#[71]">&gt;&gt;</a>&nbsp;&nbsp;&nbsp;LogicDrone_Process
<LI><a href="#[6c]">&gt;&gt;</a>&nbsp;&nbsp;&nbsp;LogicDrone_Init
<LI><a href="#[41]">&gt;&gt;</a>&nbsp;&nbsp;&nbsp;main
</UL>

<P><STRONG><a name="[97]"></a>GPIO_Init</STRONG> (Thumb, 210 bytes, Stack size 0 bytes, gpio.o(.text.GPIO_Init))
<BR><BR>[Called By]<UL><LI><a href="#[41]">&gt;&gt;</a>&nbsp;&nbsp;&nbsp;main
</UL>

<P><STRONG><a name="[59]"></a>GetTick</STRONG> (Thumb, 12 bytes, Stack size 0 bytes, timer.o(.text.GetTick))
<BR><BR>[Called By]<UL><LI><a href="#[70]">&gt;&gt;</a>&nbsp;&nbsp;&nbsp;LogicDrone_SetState
<LI><a href="#[58]">&gt;&gt;</a>&nbsp;&nbsp;&nbsp;DroneResponseWaitCycle
</UL>

<P><STRONG><a name="[6d]"></a>Launch_Read</STRONG> (Thumb, 16 bytes, Stack size 0 bytes, gpio.o(.text.Launch_Read))
<BR><BR>[Called By]<UL><LI><a href="#[71]">&gt;&gt;</a>&nbsp;&nbsp;&nbsp;LogicDrone_Process
<LI><a href="#[6c]">&gt;&gt;</a>&nbsp;&nbsp;&nbsp;LogicDrone_Init
</UL>

<P><STRONG><a name="[5b]"></a>LogicCyclops_ProcessMessage</STRONG> (Thumb, 1550 bytes, Stack size 1968 bytes, logic_cyclops.o(.text.LogicCyclops_ProcessMessage))
<BR><BR>[Stack]<UL><LI>Max Depth = 3532 + Unknown Stack Size
<LI>Call Chain = LogicCyclops_ProcessMessage &rArr; MavlinkTx_SendInit &rArr; MavlinkTx_SendCommand &rArr; mavlink_msg_command_long_pack &rArr; mavlink_finalize_message &rArr; mavlink_finalize_message_chan &rArr; mavlink_finalize_message_buffer &rArr; mavlink_sign_packet &rArr; mavlink_sha256_final_48 &rArr; mavlink_sha256_update &rArr; mavlink_sha256_calc
</UL>
<BR>[Calls]<UL><LI><a href="#[69]">&gt;&gt;</a>&nbsp;&nbsp;&nbsp;__aeabi_f2iz
<LI><a href="#[68]">&gt;&gt;</a>&nbsp;&nbsp;&nbsp;__aeabi_fcmple
<LI><a href="#[67]">&gt;&gt;</a>&nbsp;&nbsp;&nbsp;__aeabi_fcmpge
<LI><a href="#[5c]">&gt;&gt;</a>&nbsp;&nbsp;&nbsp;MessageQueue_ClearBySource
<LI><a href="#[5a]">&gt;&gt;</a>&nbsp;&nbsp;&nbsp;MessageQueue_PeekLast
<LI><a href="#[58]">&gt;&gt;</a>&nbsp;&nbsp;&nbsp;DroneResponseWaitCycle
<LI><a href="#[6b]">&gt;&gt;</a>&nbsp;&nbsp;&nbsp;mavlink_msg_system_time_decode
<LI><a href="#[66]">&gt;&gt;</a>&nbsp;&nbsp;&nbsp;mavlink_msg_debug_decode
<LI><a href="#[64]">&gt;&gt;</a>&nbsp;&nbsp;&nbsp;mavlink_msg_battery_status_decode
<LI><a href="#[56]">&gt;&gt;</a>&nbsp;&nbsp;&nbsp;Cyclops_SendResponse
<LI><a href="#[4d]">&gt;&gt;</a>&nbsp;&nbsp;&nbsp;Convert_msg_to_mavlink
<LI><a href="#[6a]">&gt;&gt;</a>&nbsp;&nbsp;&nbsp;MavlinkTx_SendInit
<LI><a href="#[65]">&gt;&gt;</a>&nbsp;&nbsp;&nbsp;MavlinkTx_SendGetDetections
<LI><a href="#[63]">&gt;&gt;</a>&nbsp;&nbsp;&nbsp;MavlinkTx_SendFly
<LI><a href="#[60]">&gt;&gt;</a>&nbsp;&nbsp;&nbsp;MavlinkTx_SendCancel
<LI><a href="#[5f]">&gt;&gt;</a>&nbsp;&nbsp;&nbsp;MavlinkTx_SendPrepare
<LI><a href="#[5d]">&gt;&gt;</a>&nbsp;&nbsp;&nbsp;MavlinkTx_HwReset
<LI><a href="#[5e]">&gt;&gt;</a>&nbsp;&nbsp;&nbsp;MavlinkTx_SwReset
<LI><a href="#[62]">&gt;&gt;</a>&nbsp;&nbsp;&nbsp;DelayMs
<LI><a href="#[61]">&gt;&gt;</a>&nbsp;&nbsp;&nbsp;Servo_Release
</UL>
<BR>[Called By]<UL><LI><a href="#[75]">&gt;&gt;</a>&nbsp;&nbsp;&nbsp;Main_ReadMessages
</UL>

<P><STRONG><a name="[6c]"></a>LogicDrone_Init</STRONG> (Thumb, 62 bytes, Stack size 8 bytes, logic_drone.o(.text.LogicDrone_Init))
<BR><BR>[Stack]<UL><LI>Max Depth = 24<LI>Call Chain = LogicDrone_Init &rArr; LogicDrone_SetState
</UL>
<BR>[Calls]<UL><LI><a href="#[70]">&gt;&gt;</a>&nbsp;&nbsp;&nbsp;LogicDrone_SetState
<LI><a href="#[6d]">&gt;&gt;</a>&nbsp;&nbsp;&nbsp;Launch_Read
<LI><a href="#[6f]">&gt;&gt;</a>&nbsp;&nbsp;&nbsp;Servo_Hold
<LI><a href="#[6e]">&gt;&gt;</a>&nbsp;&nbsp;&nbsp;End_Read
<LI><a href="#[61]">&gt;&gt;</a>&nbsp;&nbsp;&nbsp;Servo_Release
</UL>
<BR>[Called By]<UL><LI><a href="#[41]">&gt;&gt;</a>&nbsp;&nbsp;&nbsp;main
</UL>

<P><STRONG><a name="[71]"></a>LogicDrone_Process</STRONG> (Thumb, 342 bytes, Stack size 24 bytes, logic_drone.o(.text.LogicDrone_Process))
<BR><BR>[Stack]<UL><LI>Max Depth = 1588 + Unknown Stack Size
<LI>Call Chain = LogicDrone_Process &rArr; MavlinkTx_SendFly &rArr; MavlinkTx_SendCommand &rArr; mavlink_msg_command_long_pack &rArr; mavlink_finalize_message &rArr; mavlink_finalize_message_chan &rArr; mavlink_finalize_message_buffer &rArr; mavlink_sign_packet &rArr; mavlink_sha256_final_48 &rArr; mavlink_sha256_update &rArr; mavlink_sha256_calc
</UL>
<BR>[Calls]<UL><LI><a href="#[74]">&gt;&gt;</a>&nbsp;&nbsp;&nbsp;LogicDrone_SetDroneState
<LI><a href="#[70]">&gt;&gt;</a>&nbsp;&nbsp;&nbsp;LogicDrone_SetState
<LI><a href="#[63]">&gt;&gt;</a>&nbsp;&nbsp;&nbsp;MavlinkTx_SendFly
<LI><a href="#[60]">&gt;&gt;</a>&nbsp;&nbsp;&nbsp;MavlinkTx_SendCancel
<LI><a href="#[5f]">&gt;&gt;</a>&nbsp;&nbsp;&nbsp;MavlinkTx_SendPrepare
<LI><a href="#[73]">&gt;&gt;</a>&nbsp;&nbsp;&nbsp;Timeout
<LI><a href="#[72]">&gt;&gt;</a>&nbsp;&nbsp;&nbsp;Safety_Read
<LI><a href="#[6d]">&gt;&gt;</a>&nbsp;&nbsp;&nbsp;Launch_Read
<LI><a href="#[6f]">&gt;&gt;</a>&nbsp;&nbsp;&nbsp;Servo_Hold
<LI><a href="#[62]">&gt;&gt;</a>&nbsp;&nbsp;&nbsp;DelayMs
<LI><a href="#[6e]">&gt;&gt;</a>&nbsp;&nbsp;&nbsp;End_Read
<LI><a href="#[61]">&gt;&gt;</a>&nbsp;&nbsp;&nbsp;Servo_Release
</UL>
<BR>[Called By]<UL><LI><a href="#[41]">&gt;&gt;</a>&nbsp;&nbsp;&nbsp;main
</UL>

<P><STRONG><a name="[74]"></a>LogicDrone_SetDroneState</STRONG> (Thumb, 24 bytes, Stack size 4 bytes, logic_drone.o(.text.LogicDrone_SetDroneState))
<BR><BR>[Stack]<UL><LI>Max Depth = 4<LI>Call Chain = LogicDrone_SetDroneState
</UL>
<BR>[Called By]<UL><LI><a href="#[71]">&gt;&gt;</a>&nbsp;&nbsp;&nbsp;LogicDrone_Process
</UL>

<P><STRONG><a name="[5d]"></a>MavlinkTx_HwReset</STRONG> (Thumb, 12 bytes, Stack size 8 bytes, mavlink_tx.o(.text.MavlinkTx_HwReset))
<BR><BR>[Stack]<UL><LI>Max Depth = 1564 + Unknown Stack Size
<LI>Call Chain = MavlinkTx_HwReset &rArr; MavlinkTx_SendCommand &rArr; mavlink_msg_command_long_pack &rArr; mavlink_finalize_message &rArr; mavlink_finalize_message_chan &rArr; mavlink_finalize_message_buffer &rArr; mavlink_sign_packet &rArr; mavlink_sha256_final_48 &rArr; mavlink_sha256_update &rArr; mavlink_sha256_calc
</UL>
<BR>[Calls]<UL><LI><a href="#[77]">&gt;&gt;</a>&nbsp;&nbsp;&nbsp;MavlinkTx_SendCommand
</UL>
<BR>[Called By]<UL><LI><a href="#[5b]">&gt;&gt;</a>&nbsp;&nbsp;&nbsp;LogicCyclops_ProcessMessage
</UL>

<P><STRONG><a name="[78]"></a>MavlinkTx_Init</STRONG> (Thumb, 12 bytes, Stack size 8 bytes, mavlink_tx.o(.text.MavlinkTx_Init))
<BR><BR>[Stack]<UL><LI>Max Depth = 36<LI>Call Chain = MavlinkTx_Init &rArr; mavlink_set_proto_version &rArr; mavlink_get_channel_status
</UL>
<BR>[Calls]<UL><LI><a href="#[79]">&gt;&gt;</a>&nbsp;&nbsp;&nbsp;mavlink_set_proto_version
</UL>
<BR>[Called By]<UL><LI><a href="#[41]">&gt;&gt;</a>&nbsp;&nbsp;&nbsp;main
</UL>

<P><STRONG><a name="[60]"></a>MavlinkTx_SendCancel</STRONG> (Thumb, 12 bytes, Stack size 8 bytes, mavlink_tx.o(.text.MavlinkTx_SendCancel))
<BR><BR>[Stack]<UL><LI>Max Depth = 1564 + Unknown Stack Size
<LI>Call Chain = MavlinkTx_SendCancel &rArr; MavlinkTx_SendCommand &rArr; mavlink_msg_command_long_pack &rArr; mavlink_finalize_message &rArr; mavlink_finalize_message_chan &rArr; mavlink_finalize_message_buffer &rArr; mavlink_sign_packet &rArr; mavlink_sha256_final_48 &rArr; mavlink_sha256_update &rArr; mavlink_sha256_calc
</UL>
<BR>[Calls]<UL><LI><a href="#[77]">&gt;&gt;</a>&nbsp;&nbsp;&nbsp;MavlinkTx_SendCommand
</UL>
<BR>[Called By]<UL><LI><a href="#[5b]">&gt;&gt;</a>&nbsp;&nbsp;&nbsp;LogicCyclops_ProcessMessage
<LI><a href="#[71]">&gt;&gt;</a>&nbsp;&nbsp;&nbsp;LogicDrone_Process
</UL>

<P><STRONG><a name="[63]"></a>MavlinkTx_SendFly</STRONG> (Thumb, 12 bytes, Stack size 8 bytes, mavlink_tx.o(.text.MavlinkTx_SendFly))
<BR><BR>[Stack]<UL><LI>Max Depth = 1564 + Unknown Stack Size
<LI>Call Chain = MavlinkTx_SendFly &rArr; MavlinkTx_SendCommand &rArr; mavlink_msg_command_long_pack &rArr; mavlink_finalize_message &rArr; mavlink_finalize_message_chan &rArr; mavlink_finalize_message_buffer &rArr; mavlink_sign_packet &rArr; mavlink_sha256_final_48 &rArr; mavlink_sha256_update &rArr; mavlink_sha256_calc
</UL>
<BR>[Calls]<UL><LI><a href="#[77]">&gt;&gt;</a>&nbsp;&nbsp;&nbsp;MavlinkTx_SendCommand
</UL>
<BR>[Called By]<UL><LI><a href="#[5b]">&gt;&gt;</a>&nbsp;&nbsp;&nbsp;LogicCyclops_ProcessMessage
<LI><a href="#[71]">&gt;&gt;</a>&nbsp;&nbsp;&nbsp;LogicDrone_Process
</UL>

<P><STRONG><a name="[65]"></a>MavlinkTx_SendGetDetections</STRONG> (Thumb, 12 bytes, Stack size 8 bytes, mavlink_tx.o(.text.MavlinkTx_SendGetDetections))
<BR><BR>[Stack]<UL><LI>Max Depth = 1564 + Unknown Stack Size
<LI>Call Chain = MavlinkTx_SendGetDetections &rArr; MavlinkTx_SendCommand &rArr; mavlink_msg_command_long_pack &rArr; mavlink_finalize_message &rArr; mavlink_finalize_message_chan &rArr; mavlink_finalize_message_buffer &rArr; mavlink_sign_packet &rArr; mavlink_sha256_final_48 &rArr; mavlink_sha256_update &rArr; mavlink_sha256_calc
</UL>
<BR>[Calls]<UL><LI><a href="#[77]">&gt;&gt;</a>&nbsp;&nbsp;&nbsp;MavlinkTx_SendCommand
</UL>
<BR>[Called By]<UL><LI><a href="#[5b]">&gt;&gt;</a>&nbsp;&nbsp;&nbsp;LogicCyclops_ProcessMessage
</UL>

<P><STRONG><a name="[6a]"></a>MavlinkTx_SendInit</STRONG> (Thumb, 12 bytes, Stack size 8 bytes, mavlink_tx.o(.text.MavlinkTx_SendInit))
<BR><BR>[Stack]<UL><LI>Max Depth = 1564 + Unknown Stack Size
<LI>Call Chain = MavlinkTx_SendInit &rArr; MavlinkTx_SendCommand &rArr; mavlink_msg_command_long_pack &rArr; mavlink_finalize_message &rArr; mavlink_finalize_message_chan &rArr; mavlink_finalize_message_buffer &rArr; mavlink_sign_packet &rArr; mavlink_sha256_final_48 &rArr; mavlink_sha256_update &rArr; mavlink_sha256_calc
</UL>
<BR>[Calls]<UL><LI><a href="#[77]">&gt;&gt;</a>&nbsp;&nbsp;&nbsp;MavlinkTx_SendCommand
</UL>
<BR>[Called By]<UL><LI><a href="#[5b]">&gt;&gt;</a>&nbsp;&nbsp;&nbsp;LogicCyclops_ProcessMessage
</UL>

<P><STRONG><a name="[5f]"></a>MavlinkTx_SendPrepare</STRONG> (Thumb, 12 bytes, Stack size 8 bytes, mavlink_tx.o(.text.MavlinkTx_SendPrepare))
<BR><BR>[Stack]<UL><LI>Max Depth = 1564 + Unknown Stack Size
<LI>Call Chain = MavlinkTx_SendPrepare &rArr; MavlinkTx_SendCommand &rArr; mavlink_msg_command_long_pack &rArr; mavlink_finalize_message &rArr; mavlink_finalize_message_chan &rArr; mavlink_finalize_message_buffer &rArr; mavlink_sign_packet &rArr; mavlink_sha256_final_48 &rArr; mavlink_sha256_update &rArr; mavlink_sha256_calc
</UL>
<BR>[Calls]<UL><LI><a href="#[77]">&gt;&gt;</a>&nbsp;&nbsp;&nbsp;MavlinkTx_SendCommand
</UL>
<BR>[Called By]<UL><LI><a href="#[5b]">&gt;&gt;</a>&nbsp;&nbsp;&nbsp;LogicCyclops_ProcessMessage
<LI><a href="#[71]">&gt;&gt;</a>&nbsp;&nbsp;&nbsp;LogicDrone_Process
</UL>

<P><STRONG><a name="[5e]"></a>MavlinkTx_SwReset</STRONG> (Thumb, 12 bytes, Stack size 8 bytes, mavlink_tx.o(.text.MavlinkTx_SwReset))
<BR><BR>[Stack]<UL><LI>Max Depth = 1564 + Unknown Stack Size
<LI>Call Chain = MavlinkTx_SwReset &rArr; MavlinkTx_SendCommand &rArr; mavlink_msg_command_long_pack &rArr; mavlink_finalize_message &rArr; mavlink_finalize_message_chan &rArr; mavlink_finalize_message_buffer &rArr; mavlink_sign_packet &rArr; mavlink_sha256_final_48 &rArr; mavlink_sha256_update &rArr; mavlink_sha256_calc
</UL>
<BR>[Calls]<UL><LI><a href="#[77]">&gt;&gt;</a>&nbsp;&nbsp;&nbsp;MavlinkTx_SendCommand
</UL>
<BR>[Called By]<UL><LI><a href="#[5b]">&gt;&gt;</a>&nbsp;&nbsp;&nbsp;LogicCyclops_ProcessMessage
</UL>

<P><STRONG><a name="[7d]"></a>Mavlink_RxByte</STRONG> (Thumb, 284 bytes, Stack size 328 bytes, mavlink_rx.o(.text.Mavlink_RxByte))
<BR><BR>[Stack]<UL><LI>Max Depth = 1156 + Unknown Stack Size
<LI>Call Chain = Mavlink_RxByte &rArr; mavlink_parse_char &rArr; mavlink_frame_char &rArr; mavlink_frame_char_buffer &rArr; mavlink_signature_check &rArr; mavlink_sha256_final_48 &rArr; mavlink_sha256_update &rArr; mavlink_sha256_calc
</UL>
<BR>[Calls]<UL><LI><a href="#[55]">&gt;&gt;</a>&nbsp;&nbsp;&nbsp;MessageQueue_Push
<LI><a href="#[7f]">&gt;&gt;</a>&nbsp;&nbsp;&nbsp;UpdateExpectedSize
<LI><a href="#[7e]">&gt;&gt;</a>&nbsp;&nbsp;&nbsp;ResetParser
<LI><a href="#[4e]">&gt;&gt;</a>&nbsp;&nbsp;&nbsp;mavlink_parse_char
</UL>
<BR>[Called By]<UL><LI><a href="#[30]">&gt;&gt;</a>&nbsp;&nbsp;&nbsp;USART2_IRQHandler
</UL>

<P><STRONG><a name="[5c]"></a>MessageQueue_ClearBySource</STRONG> (Thumb, 178 bytes, Stack size 16 bytes, message_queue.o(.text.MessageQueue_ClearBySource))
<BR><BR>[Stack]<UL><LI>Max Depth = 20<LI>Call Chain = MessageQueue_ClearBySource &rArr; NextIndex
</UL>
<BR>[Calls]<UL><LI><a href="#[80]">&gt;&gt;</a>&nbsp;&nbsp;&nbsp;__aeabi_memcpy
<LI><a href="#[81]">&gt;&gt;</a>&nbsp;&nbsp;&nbsp;NextIndex
</UL>
<BR>[Called By]<UL><LI><a href="#[5b]">&gt;&gt;</a>&nbsp;&nbsp;&nbsp;LogicCyclops_ProcessMessage
</UL>

<P><STRONG><a name="[5a]"></a>MessageQueue_PeekLast</STRONG> (Thumb, 126 bytes, Stack size 24 bytes, message_queue.o(.text.MessageQueue_PeekLast))
<BR><BR>[Stack]<UL><LI>Max Depth = 24<LI>Call Chain = MessageQueue_PeekLast
</UL>
<BR>[Calls]<UL><LI><a href="#[80]">&gt;&gt;</a>&nbsp;&nbsp;&nbsp;__aeabi_memcpy
</UL>
<BR>[Called By]<UL><LI><a href="#[58]">&gt;&gt;</a>&nbsp;&nbsp;&nbsp;DroneResponseWaitCycle
<LI><a href="#[5b]">&gt;&gt;</a>&nbsp;&nbsp;&nbsp;LogicCyclops_ProcessMessage
</UL>

<P><STRONG><a name="[76]"></a>MessageQueue_Pop</STRONG> (Thumb, 104 bytes, Stack size 24 bytes, message_queue.o(.text.MessageQueue_Pop))
<BR><BR>[Stack]<UL><LI>Max Depth = 28<LI>Call Chain = MessageQueue_Pop &rArr; NextIndex
</UL>
<BR>[Calls]<UL><LI><a href="#[80]">&gt;&gt;</a>&nbsp;&nbsp;&nbsp;__aeabi_memcpy
<LI><a href="#[81]">&gt;&gt;</a>&nbsp;&nbsp;&nbsp;NextIndex
</UL>
<BR>[Called By]<UL><LI><a href="#[75]">&gt;&gt;</a>&nbsp;&nbsp;&nbsp;Main_ReadMessages
</UL>

<P><STRONG><a name="[55]"></a>MessageQueue_Push</STRONG> (Thumb, 122 bytes, Stack size 32 bytes, message_queue.o(.text.MessageQueue_Push))
<BR><BR>[Stack]<UL><LI>Max Depth = 48<LI>Call Chain = MessageQueue_Push &rArr; CopyMessage
</UL>
<BR>[Calls]<UL><LI><a href="#[82]">&gt;&gt;</a>&nbsp;&nbsp;&nbsp;CopyMessage
<LI><a href="#[81]">&gt;&gt;</a>&nbsp;&nbsp;&nbsp;NextIndex
</UL>
<BR>[Called By]<UL><LI><a href="#[7d]">&gt;&gt;</a>&nbsp;&nbsp;&nbsp;Mavlink_RxByte
<LI><a href="#[51]">&gt;&gt;</a>&nbsp;&nbsp;&nbsp;Cyclops_RxByte
</UL>

<P><STRONG><a name="[98]"></a>Optocouplers_Enable</STRONG> (Thumb, 22 bytes, Stack size 0 bytes, gpio.o(.text.Optocouplers_Enable))
<BR><BR>[Called By]<UL><LI><a href="#[41]">&gt;&gt;</a>&nbsp;&nbsp;&nbsp;main
</UL>

<P><STRONG><a name="[84]"></a>PWM_Init</STRONG> (Thumb, 190 bytes, Stack size 8 bytes, pwm.o(.text.PWM_Init))
<BR><BR>[Stack]<UL><LI>Max Depth = 8<LI>Call Chain = PWM_Init
</UL>
<BR>[Called By]<UL><LI><a href="#[83]">&gt;&gt;</a>&nbsp;&nbsp;&nbsp;PWM_InitServo
</UL>

<P><STRONG><a name="[83]"></a>PWM_InitServo</STRONG> (Thumb, 22 bytes, Stack size 8 bytes, pwm.o(.text.PWM_InitServo))
<BR><BR>[Stack]<UL><LI>Max Depth = 24<LI>Call Chain = PWM_InitServo &rArr; Servo_Release &rArr; PWM_SetUs
</UL>
<BR>[Calls]<UL><LI><a href="#[84]">&gt;&gt;</a>&nbsp;&nbsp;&nbsp;PWM_Init
<LI><a href="#[61]">&gt;&gt;</a>&nbsp;&nbsp;&nbsp;Servo_Release
</UL>
<BR>[Called By]<UL><LI><a href="#[41]">&gt;&gt;</a>&nbsp;&nbsp;&nbsp;main
</UL>

<P><STRONG><a name="[85]"></a>PWM_SetUs</STRONG> (Thumb, 22 bytes, Stack size 8 bytes, pwm.o(.text.PWM_SetUs))
<BR><BR>[Stack]<UL><LI>Max Depth = 8<LI>Call Chain = PWM_SetUs
</UL>
<BR>[Called By]<UL><LI><a href="#[6f]">&gt;&gt;</a>&nbsp;&nbsp;&nbsp;Servo_Hold
<LI><a href="#[61]">&gt;&gt;</a>&nbsp;&nbsp;&nbsp;Servo_Release
</UL>

<P><STRONG><a name="[96]"></a>RCC_Init</STRONG> (Thumb, 352 bytes, Stack size 16 bytes, rcc.o(.text.RCC_Init))
<BR><BR>[Stack]<UL><LI>Max Depth = 16<LI>Call Chain = RCC_Init
</UL>
<BR>[Called By]<UL><LI><a href="#[41]">&gt;&gt;</a>&nbsp;&nbsp;&nbsp;main
</UL>

<P><STRONG><a name="[72]"></a>Safety_Read</STRONG> (Thumb, 16 bytes, Stack size 0 bytes, gpio.o(.text.Safety_Read))
<BR><BR>[Called By]<UL><LI><a href="#[71]">&gt;&gt;</a>&nbsp;&nbsp;&nbsp;LogicDrone_Process
</UL>

<P><STRONG><a name="[6f]"></a>Servo_Hold</STRONG> (Thumb, 20 bytes, Stack size 8 bytes, pwm.o(.text.Servo_Hold))
<BR><BR>[Stack]<UL><LI>Max Depth = 16<LI>Call Chain = Servo_Hold &rArr; PWM_SetUs
</UL>
<BR>[Calls]<UL><LI><a href="#[85]">&gt;&gt;</a>&nbsp;&nbsp;&nbsp;PWM_SetUs
</UL>
<BR>[Called By]<UL><LI><a href="#[71]">&gt;&gt;</a>&nbsp;&nbsp;&nbsp;LogicDrone_Process
<LI><a href="#[6c]">&gt;&gt;</a>&nbsp;&nbsp;&nbsp;LogicDrone_Init
<LI><a href="#[41]">&gt;&gt;</a>&nbsp;&nbsp;&nbsp;main
</UL>

<P><STRONG><a name="[61]"></a>Servo_Release</STRONG> (Thumb, 20 bytes, Stack size 8 bytes, pwm.o(.text.Servo_Release))
<BR><BR>[Stack]<UL><LI>Max Depth = 16<LI>Call Chain = Servo_Release &rArr; PWM_SetUs
</UL>
<BR>[Calls]<UL><LI><a href="#[85]">&gt;&gt;</a>&nbsp;&nbsp;&nbsp;PWM_SetUs
</UL>
<BR>[Called By]<UL><LI><a href="#[5b]">&gt;&gt;</a>&nbsp;&nbsp;&nbsp;LogicCyclops_ProcessMessage
<LI><a href="#[71]">&gt;&gt;</a>&nbsp;&nbsp;&nbsp;LogicDrone_Process
<LI><a href="#[6c]">&gt;&gt;</a>&nbsp;&nbsp;&nbsp;LogicDrone_Init
<LI><a href="#[83]">&gt;&gt;</a>&nbsp;&nbsp;&nbsp;PWM_InitServo
<LI><a href="#[41]">&gt;&gt;</a>&nbsp;&nbsp;&nbsp;main
</UL>

<P><STRONG><a name="[88]"></a>StatusLedTimer_Init</STRONG> (Thumb, 114 bytes, Stack size 8 bytes, timer.o(.text.StatusLedTimer_Init))
<BR><BR>[Stack]<UL><LI>Max Depth = 12<LI>Call Chain = StatusLedTimer_Init &rArr; __NVIC_EnableIRQ
</UL>
<BR>[Calls]<UL><LI><a href="#[89]">&gt;&gt;</a>&nbsp;&nbsp;&nbsp;__NVIC_EnableIRQ
</UL>
<BR>[Called By]<UL><LI><a href="#[41]">&gt;&gt;</a>&nbsp;&nbsp;&nbsp;main
</UL>

<P><STRONG><a name="[8c]"></a>StatusLed_Toggle</STRONG> (Thumb, 18 bytes, Stack size 0 bytes, gpio.o(.text.StatusLed_Toggle))
<BR><BR>[Called By]<UL><LI><a href="#[27]">&gt;&gt;</a>&nbsp;&nbsp;&nbsp;TIM3_IRQHandler
</UL>

<P><STRONG><a name="[9]"></a>SysTick_Handler</STRONG> (Thumb, 16 bytes, Stack size 0 bytes, timer.o(.text.SysTick_Handler))
<BR>[Address Reference Count : 1]<UL><LI> startup_stm32f10x_md.o(RESET)
</UL>
<P><STRONG><a name="[35]"></a>SystemInit</STRONG> (Thumb, 102 bytes, Stack size 8 bytes, system_stm32f10x.o(.text.SystemInit))
<BR><BR>[Stack]<UL><LI>Max Depth = 32<LI>Call Chain = SystemInit &rArr; SetSysClock &rArr; SetSysClockTo72
</UL>
<BR>[Calls]<UL><LI><a href="#[86]">&gt;&gt;</a>&nbsp;&nbsp;&nbsp;SetSysClock
</UL>
<BR>[Address Reference Count : 1]<UL><LI> startup_stm32f10x_md.o(.text)
</UL>
<P><STRONG><a name="[27]"></a>TIM3_IRQHandler</STRONG> (Thumb, 42 bytes, Stack size 8 bytes, timer.o(.text.TIM3_IRQHandler))
<BR><BR>[Stack]<UL><LI>Max Depth = 8<LI>Call Chain = TIM3_IRQHandler
</UL>
<BR>[Calls]<UL><LI><a href="#[8c]">&gt;&gt;</a>&nbsp;&nbsp;&nbsp;StatusLed_Toggle
</UL>
<BR>[Address Reference Count : 1]<UL><LI> startup_stm32f10x_md.o(RESET)
</UL>
<P><STRONG><a name="[73]"></a>Timeout</STRONG> (Thumb, 34 bytes, Stack size 8 bytes, timer.o(.text.Timeout))
<BR><BR>[Stack]<UL><LI>Max Depth = 8<LI>Call Chain = Timeout
</UL>
<BR>[Called By]<UL><LI><a href="#[71]">&gt;&gt;</a>&nbsp;&nbsp;&nbsp;LogicDrone_Process
</UL>

<P><STRONG><a name="[8d]"></a>Timer_Init</STRONG> (Thumb, 32 bytes, Stack size 8 bytes, timer.o(.text.Timer_Init))
<BR><BR>[Stack]<UL><LI>Max Depth = 32<LI>Call Chain = Timer_Init &rArr; SysTick_Config &rArr; __NVIC_SetPriority
</UL>
<BR>[Calls]<UL><LI><a href="#[8a]">&gt;&gt;</a>&nbsp;&nbsp;&nbsp;SysTick_Config
</UL>
<BR>[Called By]<UL><LI><a href="#[41]">&gt;&gt;</a>&nbsp;&nbsp;&nbsp;main
</UL>

<P><STRONG><a name="[2f]"></a>USART1_IRQHandler</STRONG> (Thumb, 52 bytes, Stack size 8 bytes, main.o(.text.USART1_IRQHandler))
<BR><BR>[Stack]<UL><LI>Max Depth = 72<LI>Call Chain = USART1_IRQHandler &rArr; Cyclops_RxByte &rArr; MessageQueue_Push &rArr; CopyMessage
</UL>
<BR>[Calls]<UL><LI><a href="#[51]">&gt;&gt;</a>&nbsp;&nbsp;&nbsp;Cyclops_RxByte
</UL>
<BR>[Address Reference Count : 1]<UL><LI> startup_stm32f10x_md.o(RESET)
</UL>
<P><STRONG><a name="[57]"></a>USART1_SendArray</STRONG> (Thumb, 62 bytes, Stack size 16 bytes, usart.o(.text.USART1_SendArray))
<BR><BR>[Stack]<UL><LI>Max Depth = 20<LI>Call Chain = USART1_SendArray &rArr; USART1_SendByte
</UL>
<BR>[Calls]<UL><LI><a href="#[8e]">&gt;&gt;</a>&nbsp;&nbsp;&nbsp;USART1_SendByte
</UL>
<BR>[Called By]<UL><LI><a href="#[56]">&gt;&gt;</a>&nbsp;&nbsp;&nbsp;Cyclops_SendResponse
</UL>

<P><STRONG><a name="[8e]"></a>USART1_SendByte</STRONG> (Thumb, 46 bytes, Stack size 4 bytes, usart.o(.text.USART1_SendByte))
<BR><BR>[Stack]<UL><LI>Max Depth = 4<LI>Call Chain = USART1_SendByte
</UL>
<BR>[Called By]<UL><LI><a href="#[57]">&gt;&gt;</a>&nbsp;&nbsp;&nbsp;USART1_SendArray
</UL>

<P><STRONG><a name="[30]"></a>USART2_IRQHandler</STRONG> (Thumb, 40 bytes, Stack size 8 bytes, main.o(.text.USART2_IRQHandler))
<BR><BR>[Stack]<UL><LI>Max Depth = 1164 + Unknown Stack Size
<LI>Call Chain = USART2_IRQHandler &rArr; Mavlink_RxByte &rArr; mavlink_parse_char &rArr; mavlink_frame_char &rArr; mavlink_frame_char_buffer &rArr; mavlink_signature_check &rArr; mavlink_sha256_final_48 &rArr; mavlink_sha256_update &rArr; mavlink_sha256_calc
</UL>
<BR>[Calls]<UL><LI><a href="#[7d]">&gt;&gt;</a>&nbsp;&nbsp;&nbsp;Mavlink_RxByte
</UL>
<BR>[Address Reference Count : 1]<UL><LI> startup_stm32f10x_md.o(RESET)
</UL>
<P><STRONG><a name="[7c]"></a>USART2_SendArray</STRONG> (Thumb, 62 bytes, Stack size 16 bytes, usart.o(.text.USART2_SendArray))
<BR><BR>[Stack]<UL><LI>Max Depth = 20<LI>Call Chain = USART2_SendArray &rArr; USART2_SendByte
</UL>
<BR>[Calls]<UL><LI><a href="#[8f]">&gt;&gt;</a>&nbsp;&nbsp;&nbsp;USART2_SendByte
</UL>
<BR>[Called By]<UL><LI><a href="#[77]">&gt;&gt;</a>&nbsp;&nbsp;&nbsp;MavlinkTx_SendCommand
</UL>

<P><STRONG><a name="[8f]"></a>USART2_SendByte</STRONG> (Thumb, 46 bytes, Stack size 4 bytes, usart.o(.text.USART2_SendByte))
<BR><BR>[Stack]<UL><LI>Max Depth = 4<LI>Call Chain = USART2_SendByte
</UL>
<BR>[Called By]<UL><LI><a href="#[7c]">&gt;&gt;</a>&nbsp;&nbsp;&nbsp;USART2_SendArray
</UL>

<P><STRONG><a name="[90]"></a>USART_Init</STRONG> (Thumb, 270 bytes, Stack size 16 bytes, usart.o(.text.USART_Init))
<BR><BR>[Stack]<UL><LI>Max Depth = 20<LI>Call Chain = USART_Init &rArr; __NVIC_EnableIRQ
</UL>
<BR>[Calls]<UL><LI><a href="#[91]">&gt;&gt;</a>&nbsp;&nbsp;&nbsp;__NVIC_EnableIRQ
</UL>
<BR>[Called By]<UL><LI><a href="#[41]">&gt;&gt;</a>&nbsp;&nbsp;&nbsp;main
</UL>

<P><STRONG><a name="[41]"></a>main</STRONG> (Thumb, 136 bytes, Stack size 16 bytes, main.o(.text.main))
<BR><BR>[Stack]<UL><LI>Max Depth = 3844 + Unknown Stack Size
<LI>Call Chain = main &rArr; Main_ReadMessages &rArr; LogicCyclops_ProcessMessage &rArr; MavlinkTx_SendInit &rArr; MavlinkTx_SendCommand &rArr; mavlink_msg_command_long_pack &rArr; mavlink_finalize_message &rArr; mavlink_finalize_message_chan &rArr; mavlink_finalize_message_buffer &rArr; mavlink_sign_packet &rArr; mavlink_sha256_final_48 &rArr; mavlink_sha256_update &rArr; mavlink_sha256_calc
</UL>
<BR>[Calls]<UL><LI><a href="#[71]">&gt;&gt;</a>&nbsp;&nbsp;&nbsp;LogicDrone_Process
<LI><a href="#[6f]">&gt;&gt;</a>&nbsp;&nbsp;&nbsp;Servo_Hold
<LI><a href="#[62]">&gt;&gt;</a>&nbsp;&nbsp;&nbsp;DelayMs
<LI><a href="#[6e]">&gt;&gt;</a>&nbsp;&nbsp;&nbsp;End_Read
<LI><a href="#[61]">&gt;&gt;</a>&nbsp;&nbsp;&nbsp;Servo_Release
<LI><a href="#[6c]">&gt;&gt;</a>&nbsp;&nbsp;&nbsp;LogicDrone_Init
<LI><a href="#[78]">&gt;&gt;</a>&nbsp;&nbsp;&nbsp;MavlinkTx_Init
<LI><a href="#[83]">&gt;&gt;</a>&nbsp;&nbsp;&nbsp;PWM_InitServo
<LI><a href="#[90]">&gt;&gt;</a>&nbsp;&nbsp;&nbsp;USART_Init
<LI><a href="#[88]">&gt;&gt;</a>&nbsp;&nbsp;&nbsp;StatusLedTimer_Init
<LI><a href="#[8d]">&gt;&gt;</a>&nbsp;&nbsp;&nbsp;Timer_Init
<LI><a href="#[98]">&gt;&gt;</a>&nbsp;&nbsp;&nbsp;Optocouplers_Enable
<LI><a href="#[97]">&gt;&gt;</a>&nbsp;&nbsp;&nbsp;GPIO_Init
<LI><a href="#[96]">&gt;&gt;</a>&nbsp;&nbsp;&nbsp;RCC_Init
<LI><a href="#[75]">&gt;&gt;</a>&nbsp;&nbsp;&nbsp;Main_ReadMessages
</UL>
<BR>[Called By]<UL><LI><a href="#[40]">&gt;&gt;</a>&nbsp;&nbsp;&nbsp;__rt_entry_main
</UL>

<P><STRONG><a name="[f5]"></a>__aeabi_fcmpeq</STRONG> (Thumb, 0 bytes, Stack size 8 bytes, fcmp.o(x$fpl$fcmp), UNUSED)

<P><STRONG><a name="[b4]"></a>_feq</STRONG> (Thumb, 14 bytes, Stack size 8 bytes, fcmp.o(x$fpl$fcmp), UNUSED)
<BR><BR>[Calls]<UL><LI><a href="#[b5]">&gt;&gt;</a>&nbsp;&nbsp;&nbsp;_fcmpeq
</UL>

<P><STRONG><a name="[b6]"></a>_fneq</STRONG> (Thumb, 14 bytes, Stack size 8 bytes, fcmp.o(x$fpl$fcmp), UNUSED)
<BR><BR>[Calls]<UL><LI><a href="#[b5]">&gt;&gt;</a>&nbsp;&nbsp;&nbsp;_fcmpeq
</UL>

<P><STRONG><a name="[f6]"></a>__aeabi_fcmpgt</STRONG> (Thumb, 0 bytes, Stack size 8 bytes, fcmp.o(x$fpl$fcmp), UNUSED)

<P><STRONG><a name="[b7]"></a>_fgr</STRONG> (Thumb, 14 bytes, Stack size 8 bytes, fcmp.o(x$fpl$fcmp), UNUSED)
<BR><BR>[Calls]<UL><LI><a href="#[b8]">&gt;&gt;</a>&nbsp;&nbsp;&nbsp;_fcmpge
</UL>

<P><STRONG><a name="[67]"></a>__aeabi_fcmpge</STRONG> (Thumb, 0 bytes, Stack size 8 bytes, fcmp.o(x$fpl$fcmp))
<BR><BR>[Stack]<UL><LI>Max Depth = 8<LI>Call Chain = __aeabi_fcmpge
</UL>
<BR>[Called By]<UL><LI><a href="#[5b]">&gt;&gt;</a>&nbsp;&nbsp;&nbsp;LogicCyclops_ProcessMessage
</UL>

<P><STRONG><a name="[b9]"></a>_fgeq</STRONG> (Thumb, 14 bytes, Stack size 8 bytes, fcmp.o(x$fpl$fcmp), UNUSED)
<BR><BR>[Calls]<UL><LI><a href="#[b8]">&gt;&gt;</a>&nbsp;&nbsp;&nbsp;_fcmpge
</UL>

<P><STRONG><a name="[68]"></a>__aeabi_fcmple</STRONG> (Thumb, 0 bytes, Stack size 8 bytes, fcmp.o(x$fpl$fcmp))
<BR><BR>[Stack]<UL><LI>Max Depth = 8<LI>Call Chain = __aeabi_fcmple
</UL>
<BR>[Called By]<UL><LI><a href="#[5b]">&gt;&gt;</a>&nbsp;&nbsp;&nbsp;LogicCyclops_ProcessMessage
</UL>

<P><STRONG><a name="[ba]"></a>_fleq</STRONG> (Thumb, 14 bytes, Stack size 8 bytes, fcmp.o(x$fpl$fcmp), UNUSED)
<BR><BR>[Calls]<UL><LI><a href="#[bb]">&gt;&gt;</a>&nbsp;&nbsp;&nbsp;_fcmple
</UL>

<P><STRONG><a name="[f7]"></a>__aeabi_fcmplt</STRONG> (Thumb, 0 bytes, Stack size 8 bytes, fcmp.o(x$fpl$fcmp), UNUSED)

<P><STRONG><a name="[bc]"></a>_fls</STRONG> (Thumb, 14 bytes, Stack size 8 bytes, fcmp.o(x$fpl$fcmp), UNUSED)
<BR><BR>[Calls]<UL><LI><a href="#[bb]">&gt;&gt;</a>&nbsp;&nbsp;&nbsp;_fcmple
</UL>

<P><STRONG><a name="[be]"></a>__fpl_fcmp_Inf</STRONG> (Thumb, 24 bytes, Stack size 0 bytes, fcmpi.o(x$fpl$fcmpinf), UNUSED)
<BR><BR>[Called By]<UL><LI><a href="#[bb]">&gt;&gt;</a>&nbsp;&nbsp;&nbsp;_fcmple
<LI><a href="#[b8]">&gt;&gt;</a>&nbsp;&nbsp;&nbsp;_fcmpge
<LI><a href="#[b5]">&gt;&gt;</a>&nbsp;&nbsp;&nbsp;_fcmpeq
</UL>

<P><STRONG><a name="[f8]"></a>__aeabi_cfcmpeq</STRONG> (Thumb, 0 bytes, Stack size 16 bytes, feqf.o(x$fpl$feqf), UNUSED)

<P><STRONG><a name="[b5]"></a>_fcmpeq</STRONG> (Thumb, 104 bytes, Stack size 16 bytes, feqf.o(x$fpl$feqf), UNUSED)
<BR><BR>[Calls]<UL><LI><a href="#[be]">&gt;&gt;</a>&nbsp;&nbsp;&nbsp;__fpl_fcmp_Inf
<LI><a href="#[bd]">&gt;&gt;</a>&nbsp;&nbsp;&nbsp;__fpl_fnaninf
</UL>
<BR>[Called By]<UL><LI><a href="#[b6]">&gt;&gt;</a>&nbsp;&nbsp;&nbsp;_fneq
<LI><a href="#[b4]">&gt;&gt;</a>&nbsp;&nbsp;&nbsp;_feq
</UL>

<P><STRONG><a name="[69]"></a>__aeabi_f2iz</STRONG> (Thumb, 0 bytes, Stack size 16 bytes, ffix.o(x$fpl$ffix))
<BR><BR>[Stack]<UL><LI>Max Depth = 16<LI>Call Chain = __aeabi_f2iz
</UL>
<BR>[Called By]<UL><LI><a href="#[5b]">&gt;&gt;</a>&nbsp;&nbsp;&nbsp;LogicCyclops_ProcessMessage
</UL>

<P><STRONG><a name="[bf]"></a>_ffix</STRONG> (Thumb, 54 bytes, Stack size 16 bytes, ffix.o(x$fpl$ffix), UNUSED)
<BR><BR>[Calls]<UL><LI><a href="#[bd]">&gt;&gt;</a>&nbsp;&nbsp;&nbsp;__fpl_fnaninf
</UL>

<P><STRONG><a name="[b8]"></a>_fcmpge</STRONG> (Thumb, 104 bytes, Stack size 16 bytes, fgeqf.o(x$fpl$fgeqf), UNUSED)
<BR><BR>[Calls]<UL><LI><a href="#[be]">&gt;&gt;</a>&nbsp;&nbsp;&nbsp;__fpl_fcmp_Inf
<LI><a href="#[bd]">&gt;&gt;</a>&nbsp;&nbsp;&nbsp;__fpl_fnaninf
</UL>
<BR>[Called By]<UL><LI><a href="#[b9]">&gt;&gt;</a>&nbsp;&nbsp;&nbsp;_fgeq
<LI><a href="#[b7]">&gt;&gt;</a>&nbsp;&nbsp;&nbsp;_fgr
</UL>

<P><STRONG><a name="[f9]"></a>__aeabi_cfcmple</STRONG> (Thumb, 0 bytes, Stack size 16 bytes, fleqf.o(x$fpl$fleqf), UNUSED)

<P><STRONG><a name="[bb]"></a>_fcmple</STRONG> (Thumb, 104 bytes, Stack size 16 bytes, fleqf.o(x$fpl$fleqf), UNUSED)
<BR><BR>[Calls]<UL><LI><a href="#[be]">&gt;&gt;</a>&nbsp;&nbsp;&nbsp;__fpl_fcmp_Inf
<LI><a href="#[bd]">&gt;&gt;</a>&nbsp;&nbsp;&nbsp;__fpl_fnaninf
</UL>
<BR>[Called By]<UL><LI><a href="#[bc]">&gt;&gt;</a>&nbsp;&nbsp;&nbsp;_fls
<LI><a href="#[ba]">&gt;&gt;</a>&nbsp;&nbsp;&nbsp;_fleq
</UL>

<P><STRONG><a name="[fa]"></a>__fpl_fcmple_InfNaN</STRONG> (Thumb, 0 bytes, Stack size unknown bytes, fleqf.o(x$fpl$fleqf), UNUSED)

<P><STRONG><a name="[bd]"></a>__fpl_fnaninf</STRONG> (Thumb, 140 bytes, Stack size 8 bytes, fnaninf.o(x$fpl$fnaninf), UNUSED)
<BR><BR>[Called By]<UL><LI><a href="#[bb]">&gt;&gt;</a>&nbsp;&nbsp;&nbsp;_fcmple
<LI><a href="#[b8]">&gt;&gt;</a>&nbsp;&nbsp;&nbsp;_fcmpge
<LI><a href="#[b5]">&gt;&gt;</a>&nbsp;&nbsp;&nbsp;_fcmpeq
<LI><a href="#[bf]">&gt;&gt;</a>&nbsp;&nbsp;&nbsp;_ffix
</UL>
<P>
<H3>
Local Symbols
</H3>
<P><STRONG><a name="[75]"></a>Main_ReadMessages</STRONG> (Thumb, 40 bytes, Stack size 296 bytes, main.o(.text.Main_ReadMessages))
<BR><BR>[Stack]<UL><LI>Max Depth = 3828 + Unknown Stack Size
<LI>Call Chain = Main_ReadMessages &rArr; LogicCyclops_ProcessMessage &rArr; MavlinkTx_SendInit &rArr; MavlinkTx_SendCommand &rArr; mavlink_msg_command_long_pack &rArr; mavlink_finalize_message &rArr; mavlink_finalize_message_chan &rArr; mavlink_finalize_message_buffer &rArr; mavlink_sign_packet &rArr; mavlink_sha256_final_48 &rArr; mavlink_sha256_update &rArr; mavlink_sha256_calc
</UL>
<BR>[Calls]<UL><LI><a href="#[5b]">&gt;&gt;</a>&nbsp;&nbsp;&nbsp;LogicCyclops_ProcessMessage
<LI><a href="#[76]">&gt;&gt;</a>&nbsp;&nbsp;&nbsp;MessageQueue_Pop
</UL>
<BR>[Called By]<UL><LI><a href="#[41]">&gt;&gt;</a>&nbsp;&nbsp;&nbsp;main
</UL>

<P><STRONG><a name="[8a]"></a>SysTick_Config</STRONG> (Thumb, 82 bytes, Stack size 16 bytes, timer.o(.text.SysTick_Config))
<BR><BR>[Stack]<UL><LI>Max Depth = 24<LI>Call Chain = SysTick_Config &rArr; __NVIC_SetPriority
</UL>
<BR>[Calls]<UL><LI><a href="#[8b]">&gt;&gt;</a>&nbsp;&nbsp;&nbsp;__NVIC_SetPriority
</UL>
<BR>[Called By]<UL><LI><a href="#[8d]">&gt;&gt;</a>&nbsp;&nbsp;&nbsp;Timer_Init
</UL>

<P><STRONG><a name="[8b]"></a>__NVIC_SetPriority</STRONG> (Thumb, 66 bytes, Stack size 8 bytes, timer.o(.text.__NVIC_SetPriority))
<BR><BR>[Stack]<UL><LI>Max Depth = 8<LI>Call Chain = __NVIC_SetPriority
</UL>
<BR>[Called By]<UL><LI><a href="#[8a]">&gt;&gt;</a>&nbsp;&nbsp;&nbsp;SysTick_Config
</UL>

<P><STRONG><a name="[89]"></a>__NVIC_EnableIRQ</STRONG> (Thumb, 48 bytes, Stack size 4 bytes, timer.o(.text.__NVIC_EnableIRQ))
<BR><BR>[Stack]<UL><LI>Max Depth = 4<LI>Call Chain = __NVIC_EnableIRQ
</UL>
<BR>[Called By]<UL><LI><a href="#[88]">&gt;&gt;</a>&nbsp;&nbsp;&nbsp;StatusLedTimer_Init
</UL>

<P><STRONG><a name="[91]"></a>__NVIC_EnableIRQ</STRONG> (Thumb, 48 bytes, Stack size 4 bytes, usart.o(.text.__NVIC_EnableIRQ))
<BR><BR>[Stack]<UL><LI>Max Depth = 4<LI>Call Chain = __NVIC_EnableIRQ
</UL>
<BR>[Called By]<UL><LI><a href="#[90]">&gt;&gt;</a>&nbsp;&nbsp;&nbsp;USART_Init
</UL>

<P><STRONG><a name="[79]"></a>mavlink_set_proto_version</STRONG> (Thumb, 56 bytes, Stack size 24 bytes, mavlink_tx.o(.text.mavlink_set_proto_version))
<BR><BR>[Stack]<UL><LI>Max Depth = 28<LI>Call Chain = mavlink_set_proto_version &rArr; mavlink_get_channel_status
</UL>
<BR>[Calls]<UL><LI><a href="#[9e]">&gt;&gt;</a>&nbsp;&nbsp;&nbsp;mavlink_get_channel_status
</UL>
<BR>[Called By]<UL><LI><a href="#[78]">&gt;&gt;</a>&nbsp;&nbsp;&nbsp;MavlinkTx_Init
</UL>

<P><STRONG><a name="[9e]"></a>mavlink_get_channel_status</STRONG> (Thumb, 30 bytes, Stack size 4 bytes, mavlink_tx.o(.text.mavlink_get_channel_status))
<BR><BR>[Stack]<UL><LI>Max Depth = 4<LI>Call Chain = mavlink_get_channel_status
</UL>
<BR>[Called By]<UL><LI><a href="#[9a]">&gt;&gt;</a>&nbsp;&nbsp;&nbsp;mavlink_finalize_message_chan
<LI><a href="#[79]">&gt;&gt;</a>&nbsp;&nbsp;&nbsp;mavlink_set_proto_version
</UL>

<P><STRONG><a name="[77]"></a>MavlinkTx_SendCommand</STRONG> (Thumb, 86 bytes, Stack size 632 bytes, mavlink_tx.o(.text.MavlinkTx_SendCommand))
<BR><BR>[Stack]<UL><LI>Max Depth = 1556 + Unknown Stack Size
<LI>Call Chain = MavlinkTx_SendCommand &rArr; mavlink_msg_command_long_pack &rArr; mavlink_finalize_message &rArr; mavlink_finalize_message_chan &rArr; mavlink_finalize_message_buffer &rArr; mavlink_sign_packet &rArr; mavlink_sha256_final_48 &rArr; mavlink_sha256_update &rArr; mavlink_sha256_calc
</UL>
<BR>[Calls]<UL><LI><a href="#[7b]">&gt;&gt;</a>&nbsp;&nbsp;&nbsp;mavlink_msg_to_send_buffer
<LI><a href="#[7a]">&gt;&gt;</a>&nbsp;&nbsp;&nbsp;mavlink_msg_command_long_pack
<LI><a href="#[7c]">&gt;&gt;</a>&nbsp;&nbsp;&nbsp;USART2_SendArray
</UL>
<BR>[Called By]<UL><LI><a href="#[6a]">&gt;&gt;</a>&nbsp;&nbsp;&nbsp;MavlinkTx_SendInit
<LI><a href="#[65]">&gt;&gt;</a>&nbsp;&nbsp;&nbsp;MavlinkTx_SendGetDetections
<LI><a href="#[63]">&gt;&gt;</a>&nbsp;&nbsp;&nbsp;MavlinkTx_SendFly
<LI><a href="#[60]">&gt;&gt;</a>&nbsp;&nbsp;&nbsp;MavlinkTx_SendCancel
<LI><a href="#[5f]">&gt;&gt;</a>&nbsp;&nbsp;&nbsp;MavlinkTx_SendPrepare
<LI><a href="#[5d]">&gt;&gt;</a>&nbsp;&nbsp;&nbsp;MavlinkTx_HwReset
<LI><a href="#[5e]">&gt;&gt;</a>&nbsp;&nbsp;&nbsp;MavlinkTx_SwReset
</UL>

<P><STRONG><a name="[7a]"></a>mavlink_msg_command_long_pack</STRONG> (Thumb, 178 bytes, Stack size 80 bytes, mavlink_tx.o(.text.mavlink_msg_command_long_pack))
<BR><BR>[Stack]<UL><LI>Max Depth = 924 + Unknown Stack Size
<LI>Call Chain = mavlink_msg_command_long_pack &rArr; mavlink_finalize_message &rArr; mavlink_finalize_message_chan &rArr; mavlink_finalize_message_buffer &rArr; mavlink_sign_packet &rArr; mavlink_sha256_final_48 &rArr; mavlink_sha256_update &rArr; mavlink_sha256_calc
</UL>
<BR>[Calls]<UL><LI><a href="#[80]">&gt;&gt;</a>&nbsp;&nbsp;&nbsp;__aeabi_memcpy
<LI><a href="#[99]">&gt;&gt;</a>&nbsp;&nbsp;&nbsp;mavlink_finalize_message
</UL>
<BR>[Called By]<UL><LI><a href="#[77]">&gt;&gt;</a>&nbsp;&nbsp;&nbsp;MavlinkTx_SendCommand
</UL>

<P><STRONG><a name="[7b]"></a>mavlink_msg_to_send_buffer</STRONG> (Thumb, 350 bytes, Stack size 32 bytes, mavlink_tx.o(.text.mavlink_msg_to_send_buffer))
<BR><BR>[Stack]<UL><LI>Max Depth = 44<LI>Call Chain = mavlink_msg_to_send_buffer &rArr; _mav_trim_payload
</UL>
<BR>[Calls]<UL><LI><a href="#[80]">&gt;&gt;</a>&nbsp;&nbsp;&nbsp;__aeabi_memcpy
<LI><a href="#[9c]">&gt;&gt;</a>&nbsp;&nbsp;&nbsp;_mav_trim_payload
</UL>
<BR>[Called By]<UL><LI><a href="#[77]">&gt;&gt;</a>&nbsp;&nbsp;&nbsp;MavlinkTx_SendCommand
</UL>

<P><STRONG><a name="[99]"></a>mavlink_finalize_message</STRONG> (Thumb, 82 bytes, Stack size 32 bytes, mavlink_tx.o(.text.mavlink_finalize_message))
<BR><BR>[Stack]<UL><LI>Max Depth = 844 + Unknown Stack Size
<LI>Call Chain = mavlink_finalize_message &rArr; mavlink_finalize_message_chan &rArr; mavlink_finalize_message_buffer &rArr; mavlink_sign_packet &rArr; mavlink_sha256_final_48 &rArr; mavlink_sha256_update &rArr; mavlink_sha256_calc
</UL>
<BR>[Calls]<UL><LI><a href="#[9a]">&gt;&gt;</a>&nbsp;&nbsp;&nbsp;mavlink_finalize_message_chan
</UL>
<BR>[Called By]<UL><LI><a href="#[7a]">&gt;&gt;</a>&nbsp;&nbsp;&nbsp;mavlink_msg_command_long_pack
</UL>

<P><STRONG><a name="[9c]"></a>_mav_trim_payload</STRONG> (Thumb, 74 bytes, Stack size 12 bytes, mavlink_tx.o(.text._mav_trim_payload))
<BR><BR>[Stack]<UL><LI>Max Depth = 12<LI>Call Chain = _mav_trim_payload
</UL>
<BR>[Called By]<UL><LI><a href="#[9b]">&gt;&gt;</a>&nbsp;&nbsp;&nbsp;mavlink_finalize_message_buffer
<LI><a href="#[7b]">&gt;&gt;</a>&nbsp;&nbsp;&nbsp;mavlink_msg_to_send_buffer
</UL>

<P><STRONG><a name="[9a]"></a>mavlink_finalize_message_chan</STRONG> (Thumb, 98 bytes, Stack size 48 bytes, mavlink_tx.o(.text.mavlink_finalize_message_chan))
<BR><BR>[Stack]<UL><LI>Max Depth = 812 + Unknown Stack Size
<LI>Call Chain = mavlink_finalize_message_chan &rArr; mavlink_finalize_message_buffer &rArr; mavlink_sign_packet &rArr; mavlink_sha256_final_48 &rArr; mavlink_sha256_update &rArr; mavlink_sha256_calc
</UL>
<BR>[Calls]<UL><LI><a href="#[9b]">&gt;&gt;</a>&nbsp;&nbsp;&nbsp;mavlink_finalize_message_buffer
<LI><a href="#[9e]">&gt;&gt;</a>&nbsp;&nbsp;&nbsp;mavlink_get_channel_status
</UL>
<BR>[Called By]<UL><LI><a href="#[99]">&gt;&gt;</a>&nbsp;&nbsp;&nbsp;mavlink_finalize_message
</UL>

<P><STRONG><a name="[9b]"></a>mavlink_finalize_message_buffer</STRONG> (Thumb, 558 bytes, Stack size 72 bytes, mavlink_tx.o(.text.mavlink_finalize_message_buffer))
<BR><BR>[Stack]<UL><LI>Max Depth = 764 + Unknown Stack Size
<LI>Call Chain = mavlink_finalize_message_buffer &rArr; mavlink_sign_packet &rArr; mavlink_sha256_final_48 &rArr; mavlink_sha256_update &rArr; mavlink_sha256_calc
</UL>
<BR>[Calls]<UL><LI><a href="#[9d]">&gt;&gt;</a>&nbsp;&nbsp;&nbsp;mavlink_sign_packet
<LI><a href="#[93]">&gt;&gt;</a>&nbsp;&nbsp;&nbsp;crc_accumulate
<LI><a href="#[92]">&gt;&gt;</a>&nbsp;&nbsp;&nbsp;crc_accumulate_buffer
<LI><a href="#[94]">&gt;&gt;</a>&nbsp;&nbsp;&nbsp;crc_calculate
<LI><a href="#[9c]">&gt;&gt;</a>&nbsp;&nbsp;&nbsp;_mav_trim_payload
</UL>
<BR>[Called By]<UL><LI><a href="#[9a]">&gt;&gt;</a>&nbsp;&nbsp;&nbsp;mavlink_finalize_message_chan
</UL>

<P><STRONG><a name="[94]"></a>crc_calculate</STRONG> (Thumb, 56 bytes, Stack size 16 bytes, mavlink_tx.o(.text.crc_calculate))
<BR><BR>[Stack]<UL><LI>Max Depth = 28<LI>Call Chain = crc_calculate &rArr; crc_accumulate
</UL>
<BR>[Calls]<UL><LI><a href="#[95]">&gt;&gt;</a>&nbsp;&nbsp;&nbsp;crc_init
<LI><a href="#[93]">&gt;&gt;</a>&nbsp;&nbsp;&nbsp;crc_accumulate
</UL>
<BR>[Called By]<UL><LI><a href="#[9b]">&gt;&gt;</a>&nbsp;&nbsp;&nbsp;mavlink_finalize_message_buffer
</UL>

<P><STRONG><a name="[92]"></a>crc_accumulate_buffer</STRONG> (Thumb, 52 bytes, Stack size 24 bytes, mavlink_tx.o(.text.crc_accumulate_buffer))
<BR><BR>[Stack]<UL><LI>Max Depth = 36<LI>Call Chain = crc_accumulate_buffer &rArr; crc_accumulate
</UL>
<BR>[Calls]<UL><LI><a href="#[93]">&gt;&gt;</a>&nbsp;&nbsp;&nbsp;crc_accumulate
</UL>
<BR>[Called By]<UL><LI><a href="#[9b]">&gt;&gt;</a>&nbsp;&nbsp;&nbsp;mavlink_finalize_message_buffer
</UL>

<P><STRONG><a name="[93]"></a>crc_accumulate</STRONG> (Thumb, 60 bytes, Stack size 12 bytes, mavlink_tx.o(.text.crc_accumulate))
<BR><BR>[Stack]<UL><LI>Max Depth = 12<LI>Call Chain = crc_accumulate
</UL>
<BR>[Called By]<UL><LI><a href="#[92]">&gt;&gt;</a>&nbsp;&nbsp;&nbsp;crc_accumulate_buffer
<LI><a href="#[94]">&gt;&gt;</a>&nbsp;&nbsp;&nbsp;crc_calculate
<LI><a href="#[9b]">&gt;&gt;</a>&nbsp;&nbsp;&nbsp;mavlink_finalize_message_buffer
</UL>

<P><STRONG><a name="[9d]"></a>mavlink_sign_packet</STRONG> (Thumb, 194 bytes, Stack size 152 bytes, mavlink_tx.o(.text.mavlink_sign_packet))
<BR><BR>[Stack]<UL><LI>Max Depth = 692 + Unknown Stack Size
<LI>Call Chain = mavlink_sign_packet &rArr; mavlink_sha256_final_48 &rArr; mavlink_sha256_update &rArr; mavlink_sha256_calc
</UL>
<BR>[Calls]<UL><LI><a href="#[a9]">&gt;&gt;</a>&nbsp;&nbsp;&nbsp;mavlink_sha256_final_48
<LI><a href="#[aa]">&gt;&gt;</a>&nbsp;&nbsp;&nbsp;mavlink_sha256_update
<LI><a href="#[af]">&gt;&gt;</a>&nbsp;&nbsp;&nbsp;mavlink_sha256_init
</UL>
<BR>[Called By]<UL><LI><a href="#[9b]">&gt;&gt;</a>&nbsp;&nbsp;&nbsp;mavlink_finalize_message_buffer
</UL>

<P><STRONG><a name="[95]"></a>crc_init</STRONG> (Thumb, 16 bytes, Stack size 4 bytes, mavlink_tx.o(.text.crc_init))
<BR><BR>[Stack]<UL><LI>Max Depth = 4<LI>Call Chain = crc_init
</UL>
<BR>[Called By]<UL><LI><a href="#[94]">&gt;&gt;</a>&nbsp;&nbsp;&nbsp;crc_calculate
</UL>

<P><STRONG><a name="[af]"></a>mavlink_sha256_init</STRONG> (Thumb, 114 bytes, Stack size 4 bytes, mavlink_tx.o(.text.mavlink_sha256_init))
<BR><BR>[Stack]<UL><LI>Max Depth = 4<LI>Call Chain = mavlink_sha256_init
</UL>
<BR>[Called By]<UL><LI><a href="#[9d]">&gt;&gt;</a>&nbsp;&nbsp;&nbsp;mavlink_sign_packet
</UL>

<P><STRONG><a name="[aa]"></a>mavlink_sha256_update</STRONG> (Thumb, 246 bytes, Stack size 120 bytes, mavlink_tx.o(.text.mavlink_sha256_update))
<BR><BR>[Stack]<UL><LI>Max Depth = 436<LI>Call Chain = mavlink_sha256_update &rArr; mavlink_sha256_calc
</UL>
<BR>[Calls]<UL><LI><a href="#[80]">&gt;&gt;</a>&nbsp;&nbsp;&nbsp;__aeabi_memcpy
<LI><a href="#[ad]">&gt;&gt;</a>&nbsp;&nbsp;&nbsp;mavlink_sha256_calc
</UL>
<BR>[Called By]<UL><LI><a href="#[a9]">&gt;&gt;</a>&nbsp;&nbsp;&nbsp;mavlink_sha256_final_48
<LI><a href="#[9d]">&gt;&gt;</a>&nbsp;&nbsp;&nbsp;mavlink_sign_packet
</UL>

<P><STRONG><a name="[a9]"></a>mavlink_sha256_final_48</STRONG> (Thumb, 202 bytes, Stack size 104 bytes, mavlink_tx.o(.text.mavlink_sha256_final_48))
<BR><BR>[Stack]<UL><LI>Max Depth = 540 + Unknown Stack Size
<LI>Call Chain = mavlink_sha256_final_48 &rArr; mavlink_sha256_update &rArr; mavlink_sha256_calc
</UL>
<BR>[Calls]<UL><LI><a href="#[a7]">&gt;&gt;</a>&nbsp;&nbsp;&nbsp;__aeabi_memclr
<LI><a href="#[aa]">&gt;&gt;</a>&nbsp;&nbsp;&nbsp;mavlink_sha256_update
</UL>
<BR>[Called By]<UL><LI><a href="#[9d]">&gt;&gt;</a>&nbsp;&nbsp;&nbsp;mavlink_sign_packet
</UL>

<P><STRONG><a name="[ad]"></a>mavlink_sha256_calc</STRONG> (Thumb, 420 bytes, Stack size 316 bytes, mavlink_tx.o(.text.mavlink_sha256_calc))
<BR><BR>[Stack]<UL><LI>Max Depth = 316<LI>Call Chain = mavlink_sha256_calc
</UL>
<BR>[Called By]<UL><LI><a href="#[aa]">&gt;&gt;</a>&nbsp;&nbsp;&nbsp;mavlink_sha256_update
</UL>

<P><STRONG><a name="[4e]"></a>mavlink_parse_char</STRONG> (Thumb, 150 bytes, Stack size 32 bytes, mavlink_rx.o(.text.mavlink_parse_char))
<BR><BR>[Stack]<UL><LI>Max Depth = 828 + Unknown Stack Size
<LI>Call Chain = mavlink_parse_char &rArr; mavlink_frame_char &rArr; mavlink_frame_char_buffer &rArr; mavlink_signature_check &rArr; mavlink_sha256_final_48 &rArr; mavlink_sha256_update &rArr; mavlink_sha256_calc
</UL>
<BR>[Calls]<UL><LI><a href="#[a3]">&gt;&gt;</a>&nbsp;&nbsp;&nbsp;mavlink_start_checksum
<LI><a href="#[a4]">&gt;&gt;</a>&nbsp;&nbsp;&nbsp;_mav_parse_error
<LI><a href="#[a1]">&gt;&gt;</a>&nbsp;&nbsp;&nbsp;mavlink_get_channel_status
<LI><a href="#[a0]">&gt;&gt;</a>&nbsp;&nbsp;&nbsp;mavlink_get_channel_buffer
<LI><a href="#[9f]">&gt;&gt;</a>&nbsp;&nbsp;&nbsp;mavlink_frame_char
</UL>
<BR>[Called By]<UL><LI><a href="#[4d]">&gt;&gt;</a>&nbsp;&nbsp;&nbsp;Convert_msg_to_mavlink
<LI><a href="#[7d]">&gt;&gt;</a>&nbsp;&nbsp;&nbsp;Mavlink_RxByte
</UL>

<P><STRONG><a name="[7e]"></a>ResetParser</STRONG> (Thumb, 24 bytes, Stack size 0 bytes, mavlink_rx.o(.text.ResetParser))
<BR><BR>[Called By]<UL><LI><a href="#[7d]">&gt;&gt;</a>&nbsp;&nbsp;&nbsp;Mavlink_RxByte
</UL>

<P><STRONG><a name="[7f]"></a>UpdateExpectedSize</STRONG> (Thumb, 76 bytes, Stack size 4 bytes, mavlink_rx.o(.text.UpdateExpectedSize))
<BR><BR>[Stack]<UL><LI>Max Depth = 4<LI>Call Chain = UpdateExpectedSize
</UL>
<BR>[Called By]<UL><LI><a href="#[7d]">&gt;&gt;</a>&nbsp;&nbsp;&nbsp;Mavlink_RxByte
</UL>

<P><STRONG><a name="[9f]"></a>mavlink_frame_char</STRONG> (Thumb, 62 bytes, Stack size 32 bytes, mavlink_rx.o(.text.mavlink_frame_char))
<BR><BR>[Stack]<UL><LI>Max Depth = 796 + Unknown Stack Size
<LI>Call Chain = mavlink_frame_char &rArr; mavlink_frame_char_buffer &rArr; mavlink_signature_check &rArr; mavlink_sha256_final_48 &rArr; mavlink_sha256_update &rArr; mavlink_sha256_calc
</UL>
<BR>[Calls]<UL><LI><a href="#[a2]">&gt;&gt;</a>&nbsp;&nbsp;&nbsp;mavlink_frame_char_buffer
<LI><a href="#[a1]">&gt;&gt;</a>&nbsp;&nbsp;&nbsp;mavlink_get_channel_status
<LI><a href="#[a0]">&gt;&gt;</a>&nbsp;&nbsp;&nbsp;mavlink_get_channel_buffer
</UL>
<BR>[Called By]<UL><LI><a href="#[4e]">&gt;&gt;</a>&nbsp;&nbsp;&nbsp;mavlink_parse_char
</UL>

<P><STRONG><a name="[a0]"></a>mavlink_get_channel_buffer</STRONG> (Thumb, 30 bytes, Stack size 4 bytes, mavlink_rx.o(.text.mavlink_get_channel_buffer))
<BR><BR>[Stack]<UL><LI>Max Depth = 4<LI>Call Chain = mavlink_get_channel_buffer
</UL>
<BR>[Called By]<UL><LI><a href="#[9f]">&gt;&gt;</a>&nbsp;&nbsp;&nbsp;mavlink_frame_char
<LI><a href="#[4e]">&gt;&gt;</a>&nbsp;&nbsp;&nbsp;mavlink_parse_char
</UL>

<P><STRONG><a name="[a1]"></a>mavlink_get_channel_status</STRONG> (Thumb, 30 bytes, Stack size 4 bytes, mavlink_rx.o(.text.mavlink_get_channel_status))
<BR><BR>[Stack]<UL><LI>Max Depth = 4<LI>Call Chain = mavlink_get_channel_status
</UL>
<BR>[Called By]<UL><LI><a href="#[9f]">&gt;&gt;</a>&nbsp;&nbsp;&nbsp;mavlink_frame_char
<LI><a href="#[4e]">&gt;&gt;</a>&nbsp;&nbsp;&nbsp;mavlink_parse_char
</UL>

<P><STRONG><a name="[a4]"></a>_mav_parse_error</STRONG> (Thumb, 16 bytes, Stack size 4 bytes, mavlink_rx.o(.text._mav_parse_error))
<BR><BR>[Stack]<UL><LI>Max Depth = 4<LI>Call Chain = _mav_parse_error
</UL>
<BR>[Called By]<UL><LI><a href="#[a2]">&gt;&gt;</a>&nbsp;&nbsp;&nbsp;mavlink_frame_char_buffer
<LI><a href="#[4e]">&gt;&gt;</a>&nbsp;&nbsp;&nbsp;mavlink_parse_char
</UL>

<P><STRONG><a name="[a3]"></a>mavlink_start_checksum</STRONG> (Thumb, 32 bytes, Stack size 16 bytes, mavlink_rx.o(.text.mavlink_start_checksum))
<BR><BR>[Stack]<UL><LI>Max Depth = 20<LI>Call Chain = mavlink_start_checksum &rArr; crc_init
</UL>
<BR>[Calls]<UL><LI><a href="#[b2]">&gt;&gt;</a>&nbsp;&nbsp;&nbsp;crc_init
</UL>
<BR>[Called By]<UL><LI><a href="#[a2]">&gt;&gt;</a>&nbsp;&nbsp;&nbsp;mavlink_frame_char_buffer
<LI><a href="#[4e]">&gt;&gt;</a>&nbsp;&nbsp;&nbsp;mavlink_parse_char
</UL>

<P><STRONG><a name="[a2]"></a>mavlink_frame_char_buffer</STRONG> (Thumb, 1344 bytes, Stack size 40 bytes, mavlink_rx.o(.text.mavlink_frame_char_buffer))
<BR><BR>[Stack]<UL><LI>Max Depth = 764 + Unknown Stack Size
<LI>Call Chain = mavlink_frame_char_buffer &rArr; mavlink_signature_check &rArr; mavlink_sha256_final_48 &rArr; mavlink_sha256_update &rArr; mavlink_sha256_calc
</UL>
<BR>[Calls]<UL><LI><a href="#[a7]">&gt;&gt;</a>&nbsp;&nbsp;&nbsp;__aeabi_memclr
<LI><a href="#[80]">&gt;&gt;</a>&nbsp;&nbsp;&nbsp;__aeabi_memcpy
<LI><a href="#[a8]">&gt;&gt;</a>&nbsp;&nbsp;&nbsp;mavlink_signature_check
<LI><a href="#[a6]">&gt;&gt;</a>&nbsp;&nbsp;&nbsp;mavlink_get_msg_entry
<LI><a href="#[a5]">&gt;&gt;</a>&nbsp;&nbsp;&nbsp;mavlink_update_checksum
<LI><a href="#[a3]">&gt;&gt;</a>&nbsp;&nbsp;&nbsp;mavlink_start_checksum
<LI><a href="#[a4]">&gt;&gt;</a>&nbsp;&nbsp;&nbsp;_mav_parse_error
</UL>
<BR>[Called By]<UL><LI><a href="#[9f]">&gt;&gt;</a>&nbsp;&nbsp;&nbsp;mavlink_frame_char
</UL>

<P><STRONG><a name="[b2]"></a>crc_init</STRONG> (Thumb, 16 bytes, Stack size 4 bytes, mavlink_rx.o(.text.crc_init))
<BR><BR>[Stack]<UL><LI>Max Depth = 4<LI>Call Chain = crc_init
</UL>
<BR>[Called By]<UL><LI><a href="#[a3]">&gt;&gt;</a>&nbsp;&nbsp;&nbsp;mavlink_start_checksum
</UL>

<P><STRONG><a name="[a5]"></a>mavlink_update_checksum</STRONG> (Thumb, 40 bytes, Stack size 16 bytes, mavlink_rx.o(.text.mavlink_update_checksum))
<BR><BR>[Stack]<UL><LI>Max Depth = 28<LI>Call Chain = mavlink_update_checksum &rArr; crc_accumulate
</UL>
<BR>[Calls]<UL><LI><a href="#[b3]">&gt;&gt;</a>&nbsp;&nbsp;&nbsp;crc_accumulate
</UL>
<BR>[Called By]<UL><LI><a href="#[a2]">&gt;&gt;</a>&nbsp;&nbsp;&nbsp;mavlink_frame_char_buffer
</UL>

<P><STRONG><a name="[a6]"></a>mavlink_get_msg_entry</STRONG> (Thumb, 168 bytes, Stack size 20 bytes, mavlink_rx.o(.text.mavlink_get_msg_entry))
<BR><BR>[Stack]<UL><LI>Max Depth = 20<LI>Call Chain = mavlink_get_msg_entry
</UL>
<BR>[Called By]<UL><LI><a href="#[a2]">&gt;&gt;</a>&nbsp;&nbsp;&nbsp;mavlink_frame_char_buffer
</UL>

<P><STRONG><a name="[a8]"></a>mavlink_signature_check</STRONG> (Thumb, 616 bytes, Stack size 184 bytes, mavlink_rx.o(.text.mavlink_signature_check))
<BR><BR>[Stack]<UL><LI>Max Depth = 724 + Unknown Stack Size
<LI>Call Chain = mavlink_signature_check &rArr; mavlink_sha256_final_48 &rArr; mavlink_sha256_update &rArr; mavlink_sha256_calc
</UL>
<BR>[Calls]<UL><LI><a href="#[b1]">&gt;&gt;</a>&nbsp;&nbsp;&nbsp;memcmp
<LI><a href="#[ab]">&gt;&gt;</a>&nbsp;&nbsp;&nbsp;mavlink_sha256_final_48
<LI><a href="#[ac]">&gt;&gt;</a>&nbsp;&nbsp;&nbsp;mavlink_sha256_update
<LI><a href="#[b0]">&gt;&gt;</a>&nbsp;&nbsp;&nbsp;mavlink_sha256_init
</UL>
<BR>[Called By]<UL><LI><a href="#[a2]">&gt;&gt;</a>&nbsp;&nbsp;&nbsp;mavlink_frame_char_buffer
</UL>

<P><STRONG><a name="[b3]"></a>crc_accumulate</STRONG> (Thumb, 60 bytes, Stack size 12 bytes, mavlink_rx.o(.text.crc_accumulate))
<BR><BR>[Stack]<UL><LI>Max Depth = 12<LI>Call Chain = crc_accumulate
</UL>
<BR>[Called By]<UL><LI><a href="#[a5]">&gt;&gt;</a>&nbsp;&nbsp;&nbsp;mavlink_update_checksum
</UL>

<P><STRONG><a name="[b0]"></a>mavlink_sha256_init</STRONG> (Thumb, 114 bytes, Stack size 4 bytes, mavlink_rx.o(.text.mavlink_sha256_init))
<BR><BR>[Stack]<UL><LI>Max Depth = 4<LI>Call Chain = mavlink_sha256_init
</UL>
<BR>[Called By]<UL><LI><a href="#[a8]">&gt;&gt;</a>&nbsp;&nbsp;&nbsp;mavlink_signature_check
</UL>

<P><STRONG><a name="[ac]"></a>mavlink_sha256_update</STRONG> (Thumb, 246 bytes, Stack size 120 bytes, mavlink_rx.o(.text.mavlink_sha256_update))
<BR><BR>[Stack]<UL><LI>Max Depth = 436<LI>Call Chain = mavlink_sha256_update &rArr; mavlink_sha256_calc
</UL>
<BR>[Calls]<UL><LI><a href="#[80]">&gt;&gt;</a>&nbsp;&nbsp;&nbsp;__aeabi_memcpy
<LI><a href="#[ae]">&gt;&gt;</a>&nbsp;&nbsp;&nbsp;mavlink_sha256_calc
</UL>
<BR>[Called By]<UL><LI><a href="#[ab]">&gt;&gt;</a>&nbsp;&nbsp;&nbsp;mavlink_sha256_final_48
<LI><a href="#[a8]">&gt;&gt;</a>&nbsp;&nbsp;&nbsp;mavlink_signature_check
</UL>

<P><STRONG><a name="[ab]"></a>mavlink_sha256_final_48</STRONG> (Thumb, 202 bytes, Stack size 104 bytes, mavlink_rx.o(.text.mavlink_sha256_final_48))
<BR><BR>[Stack]<UL><LI>Max Depth = 540 + Unknown Stack Size
<LI>Call Chain = mavlink_sha256_final_48 &rArr; mavlink_sha256_update &rArr; mavlink_sha256_calc
</UL>
<BR>[Calls]<UL><LI><a href="#[a7]">&gt;&gt;</a>&nbsp;&nbsp;&nbsp;__aeabi_memclr
<LI><a href="#[ac]">&gt;&gt;</a>&nbsp;&nbsp;&nbsp;mavlink_sha256_update
</UL>
<BR>[Called By]<UL><LI><a href="#[a8]">&gt;&gt;</a>&nbsp;&nbsp;&nbsp;mavlink_signature_check
</UL>

<P><STRONG><a name="[ae]"></a>mavlink_sha256_calc</STRONG> (Thumb, 420 bytes, Stack size 316 bytes, mavlink_rx.o(.text.mavlink_sha256_calc))
<BR><BR>[Stack]<UL><LI>Max Depth = 316<LI>Call Chain = mavlink_sha256_calc
</UL>
<BR>[Called By]<UL><LI><a href="#[ac]">&gt;&gt;</a>&nbsp;&nbsp;&nbsp;mavlink_sha256_update
</UL>

<P><STRONG><a name="[50]"></a>XorData</STRONG> (Thumb, 82 bytes, Stack size 12 bytes, cyclops_tx.o(.text.XorData))
<BR><BR>[Stack]<UL><LI>Max Depth = 12<LI>Call Chain = XorData
</UL>
<BR>[Called By]<UL><LI><a href="#[4f]">&gt;&gt;</a>&nbsp;&nbsp;&nbsp;CyclopsTx_BuildPacket
</UL>

<P><STRONG><a name="[52]"></a>XorData</STRONG> (Thumb, 82 bytes, Stack size 12 bytes, cyclops_rx.o(.text.XorData))
<BR><BR>[Stack]<UL><LI>Max Depth = 12<LI>Call Chain = XorData
</UL>
<BR>[Called By]<UL><LI><a href="#[54]">&gt;&gt;</a>&nbsp;&nbsp;&nbsp;PacketIsValid
<LI><a href="#[51]">&gt;&gt;</a>&nbsp;&nbsp;&nbsp;Cyclops_RxByte
</UL>

<P><STRONG><a name="[53]"></a>ResetParser</STRONG> (Thumb, 24 bytes, Stack size 0 bytes, cyclops_rx.o(.text.ResetParser))
<BR><BR>[Called By]<UL><LI><a href="#[51]">&gt;&gt;</a>&nbsp;&nbsp;&nbsp;Cyclops_RxByte
</UL>

<P><STRONG><a name="[54]"></a>PacketIsValid</STRONG> (Thumb, 256 bytes, Stack size 24 bytes, cyclops_rx.o(.text.PacketIsValid))
<BR><BR>[Stack]<UL><LI>Max Depth = 36<LI>Call Chain = PacketIsValid &rArr; XorData
</UL>
<BR>[Calls]<UL><LI><a href="#[52]">&gt;&gt;</a>&nbsp;&nbsp;&nbsp;XorData
</UL>
<BR>[Called By]<UL><LI><a href="#[51]">&gt;&gt;</a>&nbsp;&nbsp;&nbsp;Cyclops_RxByte
</UL>

<P><STRONG><a name="[64]"></a>mavlink_msg_battery_status_decode</STRONG> (Thumb, 64 bytes, Stack size 24 bytes, logic_cyclops.o(.text.mavlink_msg_battery_status_decode))
<BR><BR>[Stack]<UL><LI>Max Depth = 24 + Unknown Stack Size
<LI>Call Chain = mavlink_msg_battery_status_decode
</UL>
<BR>[Calls]<UL><LI><a href="#[a7]">&gt;&gt;</a>&nbsp;&nbsp;&nbsp;__aeabi_memclr
<LI><a href="#[80]">&gt;&gt;</a>&nbsp;&nbsp;&nbsp;__aeabi_memcpy
</UL>
<BR>[Called By]<UL><LI><a href="#[5b]">&gt;&gt;</a>&nbsp;&nbsp;&nbsp;LogicCyclops_ProcessMessage
</UL>

<P><STRONG><a name="[66]"></a>mavlink_msg_debug_decode</STRONG> (Thumb, 66 bytes, Stack size 24 bytes, logic_cyclops.o(.text.mavlink_msg_debug_decode))
<BR><BR>[Stack]<UL><LI>Max Depth = 24<LI>Call Chain = mavlink_msg_debug_decode
</UL>
<BR>[Calls]<UL><LI><a href="#[80]">&gt;&gt;</a>&nbsp;&nbsp;&nbsp;__aeabi_memcpy
</UL>
<BR>[Called By]<UL><LI><a href="#[5b]">&gt;&gt;</a>&nbsp;&nbsp;&nbsp;LogicCyclops_ProcessMessage
</UL>

<P><STRONG><a name="[6b]"></a>mavlink_msg_system_time_decode</STRONG> (Thumb, 66 bytes, Stack size 24 bytes, logic_cyclops.o(.text.mavlink_msg_system_time_decode))
<BR><BR>[Stack]<UL><LI>Max Depth = 24<LI>Call Chain = mavlink_msg_system_time_decode
</UL>
<BR>[Calls]<UL><LI><a href="#[80]">&gt;&gt;</a>&nbsp;&nbsp;&nbsp;__aeabi_memcpy
</UL>
<BR>[Called By]<UL><LI><a href="#[5b]">&gt;&gt;</a>&nbsp;&nbsp;&nbsp;LogicCyclops_ProcessMessage
</UL>

<P><STRONG><a name="[70]"></a>LogicDrone_SetState</STRONG> (Thumb, 40 bytes, Stack size 16 bytes, logic_drone.o(.text.LogicDrone_SetState))
<BR><BR>[Stack]<UL><LI>Max Depth = 16<LI>Call Chain = LogicDrone_SetState
</UL>
<BR>[Calls]<UL><LI><a href="#[59]">&gt;&gt;</a>&nbsp;&nbsp;&nbsp;GetTick
</UL>
<BR>[Called By]<UL><LI><a href="#[71]">&gt;&gt;</a>&nbsp;&nbsp;&nbsp;LogicDrone_Process
<LI><a href="#[6c]">&gt;&gt;</a>&nbsp;&nbsp;&nbsp;LogicDrone_Init
</UL>

<P><STRONG><a name="[81]"></a>NextIndex</STRONG> (Thumb, 42 bytes, Stack size 4 bytes, message_queue.o(.text.NextIndex))
<BR><BR>[Stack]<UL><LI>Max Depth = 4<LI>Call Chain = NextIndex
</UL>
<BR>[Called By]<UL><LI><a href="#[5c]">&gt;&gt;</a>&nbsp;&nbsp;&nbsp;MessageQueue_ClearBySource
<LI><a href="#[55]">&gt;&gt;</a>&nbsp;&nbsp;&nbsp;MessageQueue_Push
<LI><a href="#[76]">&gt;&gt;</a>&nbsp;&nbsp;&nbsp;MessageQueue_Pop
</UL>

<P><STRONG><a name="[82]"></a>CopyMessage</STRONG> (Thumb, 106 bytes, Stack size 16 bytes, message_queue.o(.text.CopyMessage))
<BR><BR>[Stack]<UL><LI>Max Depth = 16<LI>Call Chain = CopyMessage
</UL>
<BR>[Called By]<UL><LI><a href="#[55]">&gt;&gt;</a>&nbsp;&nbsp;&nbsp;MessageQueue_Push
</UL>

<P><STRONG><a name="[86]"></a>SetSysClock</STRONG> (Thumb, 8 bytes, Stack size 8 bytes, system_stm32f10x.o(.text.SetSysClock))
<BR><BR>[Stack]<UL><LI>Max Depth = 24<LI>Call Chain = SetSysClock &rArr; SetSysClockTo72
</UL>
<BR>[Calls]<UL><LI><a href="#[87]">&gt;&gt;</a>&nbsp;&nbsp;&nbsp;SetSysClockTo72
</UL>
<BR>[Called By]<UL><LI><a href="#[35]">&gt;&gt;</a>&nbsp;&nbsp;&nbsp;SystemInit
</UL>

<P><STRONG><a name="[87]"></a>SetSysClockTo72</STRONG> (Thumb, 290 bytes, Stack size 16 bytes, system_stm32f10x.o(.text.SetSysClockTo72))
<BR><BR>[Stack]<UL><LI>Max Depth = 16<LI>Call Chain = SetSysClockTo72
</UL>
<BR>[Called By]<UL><LI><a href="#[86]">&gt;&gt;</a>&nbsp;&nbsp;&nbsp;SetSysClock
</UL>
<P>
<H3>
Undefined Global Symbols
</H3><HR></body></html>
