Component: Arm Compiler for Embedded 6.22 Tool: armlink [5ee90200]

==============================================================================

Section Cross References

    rcc.o(.ARM.exidx.text.RCC_Init) refers to rcc.o(.text.RCC_Init) for [Anonymous Symbol]
    uart.o(.ARM.exidx.text.UART_Init) refers to uart.o(.text.UART_Init) for [Anonymous Symbol]
    uart.o(.ARM.exidx.text.UART_SendByte) refers to uart.o(.text.UART_SendByte) for [Anonymous Symbol]
    uart.o(.text.UART_SendArray) refers to uart.o(.text.UART_SendByte) for UART_SendByte
    uart.o(.ARM.exidx.text.UART_SendArray) refers to uart.o(.text.UART_SendArray) for [Anonymous Symbol]
    uart.o(.ARM.exidx.text.UART_DataReady) refers to uart.o(.text.UART_DataReady) for [Anonymous Symbol]
    uart.o(.ARM.exidx.text.UART_ReadByte) refers to uart.o(.text.UART_ReadByte) for [Anonymous Symbol]
    pwm.o(.ARM.exidx.text.PWM_Init) refers to pwm.o(.text.PWM_Init) for [Anonymous Symbol]
    pwm.o(.ARM.exidx.text.PWM_SetUs) refers to pwm.o(.text.PWM_SetUs) for [Anonymous Symbol]
    servo.o(.text.Servo_Init) refers to pwm.o(.data.ServoPWM) for ServoPWM
    servo.o(.text.Servo_Init) refers to pwm.o(.text.PWM_Init) for PWM_Init
    servo.o(.text.Servo_Init) refers to servo.o(.text.Servo_Release) for Servo_Release
    servo.o(.ARM.exidx.text.Servo_Init) refers to servo.o(.text.Servo_Init) for [Anonymous Symbol]
    servo.o(.text.Servo_Release) refers to servo.o(.text.Servo_SetUs) for Servo_SetUs
    servo.o(.ARM.exidx.text.Servo_Release) refers to servo.o(.text.Servo_Release) for [Anonymous Symbol]
    servo.o(.text.Servo_Lock) refers to servo.o(.text.Servo_SetUs) for Servo_SetUs
    servo.o(.ARM.exidx.text.Servo_Lock) refers to servo.o(.text.Servo_Lock) for [Anonymous Symbol]
    servo.o(.text.Servo_SetUs) refers to pwm.o(.data.ServoPWM) for ServoPWM
    servo.o(.text.Servo_SetUs) refers to pwm.o(.text.PWM_SetUs) for PWM_SetUs
    servo.o(.ARM.exidx.text.Servo_SetUs) refers to servo.o(.text.Servo_SetUs) for [Anonymous Symbol]
    servo.o(.text.Servo_Set0) refers to servo.o(.text.Servo_Lock) for Servo_Lock
    servo.o(.ARM.exidx.text.Servo_Set0) refers to servo.o(.text.Servo_Set0) for [Anonymous Symbol]
    servo.o(.text.Servo_Set90) refers to servo.o(.text.Servo_Release) for Servo_Release
    servo.o(.ARM.exidx.text.Servo_Set90) refers to servo.o(.text.Servo_Set90) for [Anonymous Symbol]
    drone.o(.text.Drone_Init) refers to drone.o(.text.mavlink_set_proto_version) for mavlink_set_proto_version
    drone.o(.ARM.exidx.text.Drone_Init) refers to drone.o(.text.Drone_Init) for [Anonymous Symbol]
    drone.o(.text.mavlink_set_proto_version) refers to drone.o(.text.mavlink_get_channel_status) for mavlink_get_channel_status
    drone.o(.ARM.exidx.text.mavlink_set_proto_version) refers to drone.o(.text.mavlink_set_proto_version) for [Anonymous Symbol]
    drone.o(.text.Drone_SendPrepare) refers to drone.o(.text.Drone_SendCommand) for Drone_SendCommand
    drone.o(.ARM.exidx.text.Drone_SendPrepare) refers to drone.o(.text.Drone_SendPrepare) for [Anonymous Symbol]
    drone.o(.text.Drone_SendCommand) refers to drone.o(.text.mavlink_msg_command_long_pack) for mavlink_msg_command_long_pack
    drone.o(.text.Drone_SendCommand) refers to drone.o(.text.mavlink_msg_to_send_buffer) for mavlink_msg_to_send_buffer
    drone.o(.text.Drone_SendCommand) refers to uart.o(.text.UART_SendArray) for UART_SendArray
    drone.o(.ARM.exidx.text.Drone_SendCommand) refers to drone.o(.text.Drone_SendCommand) for [Anonymous Symbol]
    drone.o(.text.Drone_SendCancel) refers to drone.o(.text.Drone_SendCommand) for Drone_SendCommand
    drone.o(.ARM.exidx.text.Drone_SendCancel) refers to drone.o(.text.Drone_SendCancel) for [Anonymous Symbol]
    drone.o(.text.Drone_SendFly) refers to drone.o(.text.Drone_SendCommand) for Drone_SendCommand
    drone.o(.ARM.exidx.text.Drone_SendFly) refers to drone.o(.text.Drone_SendFly) for [Anonymous Symbol]
    drone.o(.text.mavlink_get_channel_status) refers to drone.o(.bss.mavlink_get_channel_status.m_mavlink_status) for mavlink_get_channel_status.m_mavlink_status
    drone.o(.ARM.exidx.text.mavlink_get_channel_status) refers to drone.o(.text.mavlink_get_channel_status) for [Anonymous Symbol]
    drone.o(.text.mavlink_msg_command_long_pack) refers to rt_memcpy_v6.o(.text) for __aeabi_memcpy
    drone.o(.text.mavlink_msg_command_long_pack) refers to drone.o(.text.mavlink_finalize_message) for mavlink_finalize_message
    drone.o(.ARM.exidx.text.mavlink_msg_command_long_pack) refers to drone.o(.text.mavlink_msg_command_long_pack) for [Anonymous Symbol]
    drone.o(.text.mavlink_msg_to_send_buffer) refers to rt_memcpy_v6.o(.text) for __aeabi_memcpy
    drone.o(.text.mavlink_msg_to_send_buffer) refers to drone.o(.text._mav_trim_payload) for _mav_trim_payload
    drone.o(.ARM.exidx.text.mavlink_msg_to_send_buffer) refers to drone.o(.text.mavlink_msg_to_send_buffer) for [Anonymous Symbol]
    drone.o(.text.mavlink_finalize_message) refers to drone.o(.text.mavlink_finalize_message_chan) for mavlink_finalize_message_chan
    drone.o(.ARM.exidx.text.mavlink_finalize_message) refers to drone.o(.text.mavlink_finalize_message) for [Anonymous Symbol]
    drone.o(.text.mavlink_finalize_message_chan) refers to drone.o(.text.mavlink_get_channel_status) for mavlink_get_channel_status
    drone.o(.text.mavlink_finalize_message_chan) refers to drone.o(.text.mavlink_finalize_message_buffer) for mavlink_finalize_message_buffer
    drone.o(.ARM.exidx.text.mavlink_finalize_message_chan) refers to drone.o(.text.mavlink_finalize_message_chan) for [Anonymous Symbol]
    drone.o(.text.mavlink_finalize_message_buffer) refers to drone.o(.text._mav_trim_payload) for _mav_trim_payload
    drone.o(.text.mavlink_finalize_message_buffer) refers to drone.o(.text.crc_calculate) for crc_calculate
    drone.o(.text.mavlink_finalize_message_buffer) refers to drone.o(.text.crc_accumulate_buffer) for crc_accumulate_buffer
    drone.o(.text.mavlink_finalize_message_buffer) refers to drone.o(.text.crc_accumulate) for crc_accumulate
    drone.o(.text.mavlink_finalize_message_buffer) refers to drone.o(.text.mavlink_sign_packet) for mavlink_sign_packet
    drone.o(.ARM.exidx.text.mavlink_finalize_message_buffer) refers to drone.o(.text.mavlink_finalize_message_buffer) for [Anonymous Symbol]
    drone.o(.ARM.exidx.text._mav_trim_payload) refers to drone.o(.text._mav_trim_payload) for [Anonymous Symbol]
    drone.o(.text.crc_calculate) refers to drone.o(.text.crc_init) for crc_init
    drone.o(.text.crc_calculate) refers to drone.o(.text.crc_accumulate) for crc_accumulate
    drone.o(.ARM.exidx.text.crc_calculate) refers to drone.o(.text.crc_calculate) for [Anonymous Symbol]
    drone.o(.text.crc_accumulate_buffer) refers to drone.o(.text.crc_accumulate) for crc_accumulate
    drone.o(.ARM.exidx.text.crc_accumulate_buffer) refers to drone.o(.text.crc_accumulate_buffer) for [Anonymous Symbol]
    drone.o(.ARM.exidx.text.crc_accumulate) refers to drone.o(.text.crc_accumulate) for [Anonymous Symbol]
    drone.o(.text.mavlink_sign_packet) refers to drone.o(.text.mavlink_sha256_init) for mavlink_sha256_init
    drone.o(.text.mavlink_sign_packet) refers to drone.o(.text.mavlink_sha256_update) for mavlink_sha256_update
    drone.o(.text.mavlink_sign_packet) refers to drone.o(.text.mavlink_sha256_final_48) for mavlink_sha256_final_48
    drone.o(.ARM.exidx.text.mavlink_sign_packet) refers to drone.o(.text.mavlink_sign_packet) for [Anonymous Symbol]
    drone.o(.ARM.exidx.text.crc_init) refers to drone.o(.text.crc_init) for [Anonymous Symbol]
    drone.o(.ARM.exidx.text.mavlink_sha256_init) refers to drone.o(.text.mavlink_sha256_init) for [Anonymous Symbol]
    drone.o(.text.mavlink_sha256_update) refers to rt_memcpy_v6.o(.text) for __aeabi_memcpy
    drone.o(.text.mavlink_sha256_update) refers to drone.o(.text.mavlink_sha256_calc) for mavlink_sha256_calc
    drone.o(.ARM.exidx.text.mavlink_sha256_update) refers to drone.o(.text.mavlink_sha256_update) for [Anonymous Symbol]
    drone.o(.text.mavlink_sha256_final_48) refers to rt_memclr.o(.text) for __aeabi_memclr
    drone.o(.text.mavlink_sha256_final_48) refers to drone.o(.text.mavlink_sha256_update) for mavlink_sha256_update
    drone.o(.ARM.exidx.text.mavlink_sha256_final_48) refers to drone.o(.text.mavlink_sha256_final_48) for [Anonymous Symbol]
    drone.o(.text.mavlink_sha256_calc) refers to drone.o(.rodata.mavlink_sha256_constant_256) for mavlink_sha256_constant_256
    drone.o(.ARM.exidx.text.mavlink_sha256_calc) refers to drone.o(.text.mavlink_sha256_calc) for [Anonymous Symbol]
    gpio.o(.ARM.exidx.text.GPIO_Init) refers to gpio.o(.text.GPIO_Init) for [Anonymous Symbol]
    gpio.o(.ARM.exidx.text.Launch_Read) refers to gpio.o(.text.Launch_Read) for [Anonymous Symbol]
    gpio.o(.ARM.exidx.text.Safety_Read) refers to gpio.o(.text.Safety_Read) for [Anonymous Symbol]
    gpio.o(.ARM.exidx.text.End_Read) refers to gpio.o(.text.End_Read) for [Anonymous Symbol]
    gpio.o(.ARM.exidx.text.Optocouplers_Enable) refers to gpio.o(.text.Optocouplers_Enable) for [Anonymous Symbol]
    timer.o(.text.Timer_Init) refers to system_stm32f10x.o(.data.SystemCoreClock) for SystemCoreClock
    timer.o(.text.Timer_Init) refers to timer.o(.text.SysTick_Config) for SysTick_Config
    timer.o(.ARM.exidx.text.Timer_Init) refers to timer.o(.text.Timer_Init) for [Anonymous Symbol]
    timer.o(.text.SysTick_Config) refers to timer.o(.text.__NVIC_SetPriority) for __NVIC_SetPriority
    timer.o(.ARM.exidx.text.SysTick_Config) refers to timer.o(.text.SysTick_Config) for [Anonymous Symbol]
    timer.o(.text.SysTick_Handler) refers to timer.o(.bss.Tick) for Tick
    timer.o(.ARM.exidx.text.SysTick_Handler) refers to timer.o(.text.SysTick_Handler) for [Anonymous Symbol]
    timer.o(.text.GetTick) refers to timer.o(.bss.Tick) for Tick
    timer.o(.ARM.exidx.text.GetTick) refers to timer.o(.text.GetTick) for [Anonymous Symbol]
    timer.o(.ARM.exidx.text.DelayMs) refers to timer.o(.text.DelayMs) for [Anonymous Symbol]
    timer.o(.text.Timeout) refers to timer.o(.bss.Tick) for Tick
    timer.o(.ARM.exidx.text.Timeout) refers to timer.o(.text.Timeout) for [Anonymous Symbol]
    timer.o(.ARM.exidx.text.__NVIC_SetPriority) refers to timer.o(.text.__NVIC_SetPriority) for [Anonymous Symbol]
    fsm.o(.text.FSM_Init) refers to gpio.o(.text.Launch_Read) for Launch_Read
    fsm.o(.text.FSM_Init) refers to fsm.o(.bss.lastLaunch) for lastLaunch
    fsm.o(.text.FSM_Init) refers to gpio.o(.text.End_Read) for End_Read
    fsm.o(.text.FSM_Init) refers to servo.o(.text.Servo_Lock) for Servo_Lock
    fsm.o(.text.FSM_Init) refers to fsm.o(.text.FSM_SetState) for FSM_SetState
    fsm.o(.text.FSM_Init) refers to servo.o(.text.Servo_Release) for Servo_Release
    fsm.o(.ARM.exidx.text.FSM_Init) refers to fsm.o(.text.FSM_Init) for [Anonymous Symbol]
    fsm.o(.text.FSM_SetState) refers to fsm.o(.bss.State) for State
    fsm.o(.text.FSM_SetState) refers to timer.o(.text.GetTick) for GetTick
    fsm.o(.text.FSM_SetState) refers to fsm.o(.bss.StateTime) for StateTime
    fsm.o(.ARM.exidx.text.FSM_SetState) refers to fsm.o(.text.FSM_SetState) for [Anonymous Symbol]
    fsm.o(.text.FSM_Process) refers to gpio.o(.text.Launch_Read) for Launch_Read
    fsm.o(.text.FSM_Process) refers to gpio.o(.text.Safety_Read) for Safety_Read
    fsm.o(.text.FSM_Process) refers to gpio.o(.text.End_Read) for End_Read
    fsm.o(.text.FSM_Process) refers to fsm.o(.bss.StateTime) for StateTime
    fsm.o(.text.FSM_Process) refers to timer.o(.text.Timeout) for Timeout
    fsm.o(.text.FSM_Process) refers to fsm.o(.bss.State) for State
    fsm.o(.text.FSM_Process) refers to servo.o(.text.Servo_Lock) for Servo_Lock
    fsm.o(.text.FSM_Process) refers to fsm.o(.text.FSM_SetState) for FSM_SetState
    fsm.o(.text.FSM_Process) refers to servo.o(.text.Servo_Release) for Servo_Release
    fsm.o(.text.FSM_Process) refers to drone.o(.text.Drone_SendPrepare) for Drone_SendPrepare
    fsm.o(.text.FSM_Process) refers to drone.o(.text.Drone_SendCancel) for Drone_SendCancel
    fsm.o(.text.FSM_Process) refers to fsm.o(.bss.lastLaunch) for lastLaunch
    fsm.o(.text.FSM_Process) refers to timer.o(.text.DelayMs) for DelayMs
    fsm.o(.text.FSM_Process) refers to drone.o(.text.Drone_SendFly) for Drone_SendFly
    fsm.o(.ARM.exidx.text.FSM_Process) refers to fsm.o(.text.FSM_Process) for [Anonymous Symbol]
    main.o(.text.main) refers to rcc.o(.text.RCC_Init) for RCC_Init
    main.o(.text.main) refers to gpio.o(.text.GPIO_Init) for GPIO_Init
    main.o(.text.main) refers to gpio.o(.text.Optocouplers_Enable) for Optocouplers_Enable
    main.o(.text.main) refers to timer.o(.text.Timer_Init) for Timer_Init
    main.o(.text.main) refers to uart.o(.text.UART_Init) for UART_Init
    main.o(.text.main) refers to servo.o(.text.Servo_Init) for Servo_Init
    main.o(.text.main) refers to drone.o(.text.Drone_Init) for Drone_Init
    main.o(.text.main) refers to fsm.o(.text.FSM_Init) for FSM_Init
    main.o(.text.main) refers to fsm.o(.text.FSM_Process) for FSM_Process
    main.o(.text.main) refers to heartbeat.o(.text.Heartbeat_Process) for Heartbeat_Process
    main.o(.ARM.exidx.text.main) refers to main.o(.text.main) for [Anonymous Symbol]
    heartbeat.o(.text.Heartbeat_Process) refers to timer.o(.text.GetTick) for GetTick
    heartbeat.o(.text.Heartbeat_Process) refers to heartbeat.o(.bss.Heartbeat_Process.lastTime) for Heartbeat_Process.lastTime
    heartbeat.o(.ARM.exidx.text.Heartbeat_Process) refers to heartbeat.o(.text.Heartbeat_Process) for [Anonymous Symbol]
    startup_stm32f10x_md.o(STACK) refers (Special) to heapauxi.o(.text) for __use_two_region_memory
    startup_stm32f10x_md.o(HEAP) refers (Special) to heapauxi.o(.text) for __use_two_region_memory
    startup_stm32f10x_md.o(RESET) refers (Special) to heapauxi.o(.text) for __use_two_region_memory
    startup_stm32f10x_md.o(RESET) refers to startup_stm32f10x_md.o(STACK) for __initial_sp
    startup_stm32f10x_md.o(RESET) refers to startup_stm32f10x_md.o(.text) for Reset_Handler
    startup_stm32f10x_md.o(RESET) refers to timer.o(.text.SysTick_Handler) for SysTick_Handler
    startup_stm32f10x_md.o(.text) refers (Special) to heapauxi.o(.text) for __use_two_region_memory
    startup_stm32f10x_md.o(.text) refers to system_stm32f10x.o(.text.SystemInit) for SystemInit
    startup_stm32f10x_md.o(.text) refers to __main.o(!!!main) for __main
    startup_stm32f10x_md.o(.text) refers to startup_stm32f10x_md.o(HEAP) for Heap_Mem
    startup_stm32f10x_md.o(.text) refers to startup_stm32f10x_md.o(STACK) for Stack_Mem
    system_stm32f10x.o(.text.SystemInit) refers to system_stm32f10x.o(.text.SetSysClock) for SetSysClock
    system_stm32f10x.o(.ARM.exidx.text.SystemInit) refers to system_stm32f10x.o(.text.SystemInit) for [Anonymous Symbol]
    system_stm32f10x.o(.text.SetSysClock) refers to system_stm32f10x.o(.text.SetSysClockTo72) for SetSysClockTo72
    system_stm32f10x.o(.ARM.exidx.text.SetSysClock) refers to system_stm32f10x.o(.text.SetSysClock) for [Anonymous Symbol]
    system_stm32f10x.o(.text.SystemCoreClockUpdate) refers to system_stm32f10x.o(.data.SystemCoreClock) for SystemCoreClock
    system_stm32f10x.o(.text.SystemCoreClockUpdate) refers to system_stm32f10x.o(.rodata.AHBPrescTable) for AHBPrescTable
    system_stm32f10x.o(.ARM.exidx.text.SystemCoreClockUpdate) refers to system_stm32f10x.o(.text.SystemCoreClockUpdate) for [Anonymous Symbol]
    system_stm32f10x.o(.ARM.exidx.text.SetSysClockTo72) refers to system_stm32f10x.o(.text.SetSysClockTo72) for [Anonymous Symbol]
    rt_memcpy_v6.o(.text) refers to rt_memcpy_w.o(.text) for __aeabi_memcpy4
    rt_memclr.o(.text) refers to rt_memclr_w.o(.text) for _memset_w
    __main.o(!!!main) refers to __rtentry.o(.ARM.Collect$$rtentry$$00000000) for __rt_entry
    __rtentry.o(.ARM.Collect$$rtentry$$00000000) refers (Special) to __rtentry2.o(.ARM.Collect$$rtentry$$0000000A) for __rt_entry_li
    __rtentry.o(.ARM.Collect$$rtentry$$00000000) refers (Special) to __rtentry2.o(.ARM.Collect$$rtentry$$0000000D) for __rt_entry_main
    __rtentry.o(.ARM.Collect$$rtentry$$00000000) refers (Special) to __rtentry2.o(.ARM.Collect$$rtentry$$0000000C) for __rt_entry_postli_1
    __rtentry.o(.ARM.Collect$$rtentry$$00000000) refers (Special) to __rtentry2.o(.ARM.Collect$$rtentry$$00000009) for __rt_entry_postsh_1
    __rtentry.o(.ARM.Collect$$rtentry$$00000000) refers (Special) to __rtentry2.o(.ARM.Collect$$rtentry$$00000002) for __rt_entry_presh_1
    __rtentry.o(.ARM.Collect$$rtentry$$00000000) refers (Special) to __rtentry4.o(.ARM.Collect$$rtentry$$00000004) for __rt_entry_sh
    __rtentry2.o(.ARM.Collect$$rtentry$$00000008) refers to boardinit2.o(.text) for _platform_post_stackheap_init
    __rtentry2.o(.ARM.Collect$$rtentry$$0000000A) refers to libinit.o(.ARM.Collect$$libinit$$00000000) for __rt_lib_init
    __rtentry2.o(.ARM.Collect$$rtentry$$0000000B) refers to boardinit3.o(.text) for _platform_post_lib_init
    __rtentry2.o(.ARM.Collect$$rtentry$$0000000D) refers to main.o(.text.main) for main
    __rtentry2.o(.ARM.Collect$$rtentry$$0000000D) refers to exit.o(.text) for exit
    __rtentry2.o(.ARM.exidx) refers to __rtentry2.o(.ARM.Collect$$rtentry$$00000001) for .ARM.Collect$$rtentry$$00000001
    __rtentry2.o(.ARM.exidx) refers to __rtentry2.o(.ARM.Collect$$rtentry$$00000008) for .ARM.Collect$$rtentry$$00000008
    __rtentry2.o(.ARM.exidx) refers to __rtentry2.o(.ARM.Collect$$rtentry$$0000000A) for .ARM.Collect$$rtentry$$0000000A
    __rtentry2.o(.ARM.exidx) refers to __rtentry2.o(.ARM.Collect$$rtentry$$0000000B) for .ARM.Collect$$rtentry$$0000000B
    __rtentry2.o(.ARM.exidx) refers to __rtentry2.o(.ARM.Collect$$rtentry$$0000000D) for .ARM.Collect$$rtentry$$0000000D
    __rtentry4.o(.ARM.Collect$$rtentry$$00000004) refers to sys_stackheap_outer.o(.text) for __user_setup_stackheap
    __rtentry4.o(.ARM.exidx) refers to __rtentry4.o(.ARM.Collect$$rtentry$$00000004) for .ARM.Collect$$rtentry$$00000004
    sys_stackheap_outer.o(.text) refers to libspace.o(.text) for __user_perproc_libspace
    sys_stackheap_outer.o(.text) refers to startup_stm32f10x_md.o(.text) for __user_initial_stackheap
    exit.o(.text) refers to rtexit.o(.ARM.Collect$$rtexit$$00000000) for __rt_exit
    libinit.o(.ARM.Collect$$libinit$$00000000) refers (Special) to libinit2.o(.ARM.Collect$$libinit$$00000030) for __rt_lib_init_alloca_1
    libinit.o(.ARM.Collect$$libinit$$00000000) refers (Special) to libinit2.o(.ARM.Collect$$libinit$$0000002E) for __rt_lib_init_argv_1
    libinit.o(.ARM.Collect$$libinit$$00000000) refers (Special) to libinit2.o(.ARM.Collect$$libinit$$0000001D) for __rt_lib_init_atexit_1
    libinit.o(.ARM.Collect$$libinit$$00000000) refers (Special) to libinit2.o(.ARM.Collect$$libinit$$00000023) for __rt_lib_init_clock_1
    libinit.o(.ARM.Collect$$libinit$$00000000) refers (Special) to libinit2.o(.ARM.Collect$$libinit$$00000034) for __rt_lib_init_cpp_1
    libinit.o(.ARM.Collect$$libinit$$00000000) refers (Special) to libinit2.o(.ARM.Collect$$libinit$$00000032) for __rt_lib_init_exceptions_1
    libinit.o(.ARM.Collect$$libinit$$00000000) refers (Special) to libinit2.o(.ARM.Collect$$libinit$$00000002) for __rt_lib_init_fp_1
    libinit.o(.ARM.Collect$$libinit$$00000000) refers (Special) to libinit2.o(.ARM.Collect$$libinit$$00000021) for __rt_lib_init_fp_trap_1
    libinit.o(.ARM.Collect$$libinit$$00000000) refers (Special) to libinit2.o(.ARM.Collect$$libinit$$00000025) for __rt_lib_init_getenv_1
    libinit.o(.ARM.Collect$$libinit$$00000000) refers (Special) to libinit2.o(.ARM.Collect$$libinit$$0000000C) for __rt_lib_init_heap_1
    libinit.o(.ARM.Collect$$libinit$$00000000) refers (Special) to libinit2.o(.ARM.Collect$$libinit$$00000013) for __rt_lib_init_lc_collate_1
    libinit.o(.ARM.Collect$$libinit$$00000000) refers (Special) to libinit2.o(.ARM.Collect$$libinit$$00000015) for __rt_lib_init_lc_ctype_1
    libinit.o(.ARM.Collect$$libinit$$00000000) refers (Special) to libinit2.o(.ARM.Collect$$libinit$$00000017) for __rt_lib_init_lc_monetary_1
    libinit.o(.ARM.Collect$$libinit$$00000000) refers (Special) to libinit2.o(.ARM.Collect$$libinit$$00000019) for __rt_lib_init_lc_numeric_1
    libinit.o(.ARM.Collect$$libinit$$00000000) refers (Special) to libinit2.o(.ARM.Collect$$libinit$$0000001B) for __rt_lib_init_lc_time_1
    libinit.o(.ARM.Collect$$libinit$$00000000) refers (Special) to libinit2.o(.ARM.Collect$$libinit$$00000006) for __rt_lib_init_preinit_1
    libinit.o(.ARM.Collect$$libinit$$00000000) refers (Special) to libinit2.o(.ARM.Collect$$libinit$$00000010) for __rt_lib_init_rand_1
    libinit.o(.ARM.Collect$$libinit$$00000000) refers (Special) to libinit2.o(.ARM.Collect$$libinit$$00000004) for __rt_lib_init_relocate_pie_1
    libinit.o(.ARM.Collect$$libinit$$00000000) refers (Special) to libinit2.o(.ARM.Collect$$libinit$$00000035) for __rt_lib_init_return
    libinit.o(.ARM.Collect$$libinit$$00000000) refers (Special) to libinit2.o(.ARM.Collect$$libinit$$0000001F) for __rt_lib_init_signal_1
    libinit.o(.ARM.Collect$$libinit$$00000000) refers (Special) to libinit2.o(.ARM.Collect$$libinit$$00000027) for __rt_lib_init_stdio_1
    libinit.o(.ARM.Collect$$libinit$$00000000) refers (Special) to libinit2.o(.ARM.Collect$$libinit$$0000000E) for __rt_lib_init_user_alloc_1
    libspace.o(.text) refers to libspace.o(.bss) for __libspace_start
    rtexit.o(.ARM.Collect$$rtexit$$00000000) refers (Special) to rtexit2.o(.ARM.Collect$$rtexit$$00000004) for __rt_exit_exit
    rtexit.o(.ARM.Collect$$rtexit$$00000000) refers (Special) to rtexit2.o(.ARM.Collect$$rtexit$$00000003) for __rt_exit_ls
    rtexit.o(.ARM.Collect$$rtexit$$00000000) refers (Special) to rtexit2.o(.ARM.Collect$$rtexit$$00000002) for __rt_exit_prels_1
    rtexit.o(.ARM.exidx) refers (Special) to rtexit2.o(.ARM.Collect$$rtexit$$00000004) for __rt_exit_exit
    rtexit.o(.ARM.exidx) refers (Special) to rtexit2.o(.ARM.Collect$$rtexit$$00000003) for __rt_exit_ls
    rtexit.o(.ARM.exidx) refers (Special) to rtexit2.o(.ARM.Collect$$rtexit$$00000002) for __rt_exit_prels_1
    rtexit.o(.ARM.exidx) refers to rtexit.o(.ARM.Collect$$rtexit$$00000000) for .ARM.Collect$$rtexit$$00000000
    libinit2.o(.ARM.Collect$$libinit$$00000012) refers to libinit2.o(.ARM.Collect$$libinit$$00000011) for .ARM.Collect$$libinit$$00000011
    libinit2.o(.ARM.Collect$$libinit$$00000014) refers to libinit2.o(.ARM.Collect$$libinit$$00000011) for .ARM.Collect$$libinit$$00000011
    libinit2.o(.ARM.Collect$$libinit$$00000016) refers to libinit2.o(.ARM.Collect$$libinit$$00000011) for .ARM.Collect$$libinit$$00000011
    libinit2.o(.ARM.Collect$$libinit$$00000018) refers to libinit2.o(.ARM.Collect$$libinit$$00000011) for .ARM.Collect$$libinit$$00000011
    libinit2.o(.ARM.Collect$$libinit$$0000001A) refers to libinit2.o(.ARM.Collect$$libinit$$00000011) for .ARM.Collect$$libinit$$00000011
    libinit2.o(.ARM.Collect$$libinit$$00000028) refers to argv_veneer.o(.emb_text) for __ARM_argv_veneer
    libinit2.o(.ARM.Collect$$libinit$$00000029) refers to argv_veneer.o(.emb_text) for __ARM_argv_veneer
    rtexit2.o(.ARM.Collect$$rtexit$$00000003) refers to libshutdown.o(.ARM.Collect$$libshutdown$$00000000) for __rt_lib_shutdown
    rtexit2.o(.ARM.Collect$$rtexit$$00000004) refers to sys_exit.o(.text) for _sys_exit
    rtexit2.o(.ARM.exidx) refers to rtexit2.o(.ARM.Collect$$rtexit$$00000001) for .ARM.Collect$$rtexit$$00000001
    rtexit2.o(.ARM.exidx) refers to rtexit2.o(.ARM.Collect$$rtexit$$00000003) for .ARM.Collect$$rtexit$$00000003
    rtexit2.o(.ARM.exidx) refers to rtexit2.o(.ARM.Collect$$rtexit$$00000004) for .ARM.Collect$$rtexit$$00000004
    argv_veneer.o(.emb_text) refers to no_argv.o(.text) for __ARM_get_argv
    sys_exit.o(.text) refers (Special) to use_no_semi.o(.text) for __I$use$semihosting
    sys_exit.o(.text) refers (Special) to indicate_semi.o(.text) for __semihosting_library_function
    sys_exit_hlt.o(.text) refers (Special) to use_no_semi.o(.text) for __I$use$semihosting
    sys_exit_hlt.o(.text) refers (Special) to indicate_semi.o(.text) for __semihosting_library_function
    _get_argv_nomalloc.o(.text) refers (Special) to hrguard.o(.text) for __heap_region$guard
    _get_argv_nomalloc.o(.text) refers to defsig_rtmem_outer.o(.text) for __rt_SIGRTMEM
    _get_argv_nomalloc.o(.text) refers to sys_command.o(.text) for _sys_command_string
    libshutdown.o(.ARM.Collect$$libshutdown$$00000000) refers (Special) to libshutdown2.o(.ARM.Collect$$libshutdown$$00000002) for __rt_lib_shutdown_cpp_1
    libshutdown.o(.ARM.Collect$$libshutdown$$00000000) refers (Special) to libshutdown2.o(.ARM.Collect$$libshutdown$$00000007) for __rt_lib_shutdown_fp_trap_1
    libshutdown.o(.ARM.Collect$$libshutdown$$00000000) refers (Special) to libshutdown2.o(.ARM.Collect$$libshutdown$$0000000F) for __rt_lib_shutdown_heap_1
    libshutdown.o(.ARM.Collect$$libshutdown$$00000000) refers (Special) to libshutdown2.o(.ARM.Collect$$libshutdown$$00000010) for __rt_lib_shutdown_return
    libshutdown.o(.ARM.Collect$$libshutdown$$00000000) refers (Special) to libshutdown2.o(.ARM.Collect$$libshutdown$$0000000A) for __rt_lib_shutdown_signal_1
    libshutdown.o(.ARM.Collect$$libshutdown$$00000000) refers (Special) to libshutdown2.o(.ARM.Collect$$libshutdown$$00000004) for __rt_lib_shutdown_stdio_1
    libshutdown.o(.ARM.Collect$$libshutdown$$00000000) refers (Special) to libshutdown2.o(.ARM.Collect$$libshutdown$$0000000C) for __rt_lib_shutdown_user_alloc_1
    sys_command.o(.text) refers (Special) to use_no_semi.o(.text) for __I$use$semihosting
    sys_command.o(.text) refers (Special) to indicate_semi.o(.text) for __semihosting_library_function
    sys_command_hlt.o(.text) refers (Special) to use_no_semi.o(.text) for __I$use$semihosting
    sys_command_hlt.o(.text) refers (Special) to indicate_semi.o(.text) for __semihosting_library_function
    defsig_rtmem_outer.o(.text) refers to defsig_rtmem_inner.o(.text) for __rt_SIGRTMEM_inner
    defsig_rtmem_outer.o(.text) refers to defsig_exit.o(.text) for __sig_exit
    defsig_rtmem_formal.o(.text) refers to rt_raise.o(.text) for __rt_raise
    rt_raise.o(.text) refers to __raise.o(.text) for __raise
    rt_raise.o(.text) refers to sys_exit.o(.text) for _sys_exit
    defsig_exit.o(.text) refers to sys_exit.o(.text) for _sys_exit
    defsig_rtmem_inner.o(.text) refers to defsig_general.o(.text) for __default_signal_display
    __raise.o(.text) refers to defsig.o(CL$$defsig) for __default_signal_handler
    defsig_general.o(.text) refers to sys_wrch.o(.text) for _ttywrch
    sys_wrch.o(.text) refers (Special) to use_no_semi.o(.text) for __I$use$semihosting
    sys_wrch.o(.text) refers (Special) to indicate_semi.o(.text) for __semihosting_library_function
    sys_wrch_hlt.o(.text) refers (Special) to use_no_semi.o(.text) for __I$use$semihosting
    sys_wrch_hlt.o(.text) refers (Special) to indicate_semi.o(.text) for __semihosting_library_function
    defsig.o(CL$$defsig) refers to defsig_rtmem_inner.o(.text) for __rt_SIGRTMEM_inner
    defsig_abrt_inner.o(.text) refers to defsig_general.o(.text) for __default_signal_display
    defsig_fpe_inner.o(.text) refers to defsig_general.o(.text) for __default_signal_display
    defsig_rtred_inner.o(.text) refers to defsig_general.o(.text) for __default_signal_display
    defsig_stak_inner.o(.text) refers to defsig_general.o(.text) for __default_signal_display
    defsig_pvfn_inner.o(.text) refers to defsig_general.o(.text) for __default_signal_display
    defsig_cppl_inner.o(.text) refers to defsig_general.o(.text) for __default_signal_display
    defsig_segv_inner.o(.text) refers to defsig_general.o(.text) for __default_signal_display
    defsig_other.o(.text) refers to defsig_general.o(.text) for __default_signal_display


==============================================================================

Removing Unused input sections from the image.

    Removing rcc.o(.text), (0 bytes).
    Removing rcc.o(.ARM.exidx.text.RCC_Init), (8 bytes).
    Removing uart.o(.text), (0 bytes).
    Removing uart.o(.ARM.exidx.text.UART_Init), (8 bytes).
    Removing uart.o(.ARM.exidx.text.UART_SendByte), (8 bytes).
    Removing uart.o(.ARM.exidx.text.UART_SendArray), (8 bytes).
    Removing uart.o(.text.UART_DataReady), (16 bytes).
    Removing uart.o(.ARM.exidx.text.UART_DataReady), (8 bytes).
    Removing uart.o(.text.UART_ReadByte), (14 bytes).
    Removing uart.o(.ARM.exidx.text.UART_ReadByte), (8 bytes).
    Removing pwm.o(.text), (0 bytes).
    Removing pwm.o(.ARM.exidx.text.PWM_Init), (8 bytes).
    Removing pwm.o(.ARM.exidx.text.PWM_SetUs), (8 bytes).
    Removing servo.o(.text), (0 bytes).
    Removing servo.o(.ARM.exidx.text.Servo_Init), (8 bytes).
    Removing servo.o(.ARM.exidx.text.Servo_Release), (8 bytes).
    Removing servo.o(.ARM.exidx.text.Servo_Lock), (8 bytes).
    Removing servo.o(.ARM.exidx.text.Servo_SetUs), (8 bytes).
    Removing servo.o(.text.Servo_Set0), (8 bytes).
    Removing servo.o(.ARM.exidx.text.Servo_Set0), (8 bytes).
    Removing servo.o(.text.Servo_Set90), (8 bytes).
    Removing servo.o(.ARM.exidx.text.Servo_Set90), (8 bytes).
    Removing drone.o(.text), (0 bytes).
    Removing drone.o(.ARM.exidx.text.Drone_Init), (8 bytes).
    Removing drone.o(.ARM.exidx.text.mavlink_set_proto_version), (8 bytes).
    Removing drone.o(.ARM.exidx.text.Drone_SendPrepare), (8 bytes).
    Removing drone.o(.ARM.exidx.text.Drone_SendCommand), (8 bytes).
    Removing drone.o(.ARM.exidx.text.Drone_SendCancel), (8 bytes).
    Removing drone.o(.ARM.exidx.text.Drone_SendFly), (8 bytes).
    Removing drone.o(.ARM.exidx.text.mavlink_get_channel_status), (8 bytes).
    Removing drone.o(.ARM.exidx.text.mavlink_msg_command_long_pack), (8 bytes).
    Removing drone.o(.ARM.exidx.text.mavlink_msg_to_send_buffer), (8 bytes).
    Removing drone.o(.ARM.exidx.text.mavlink_finalize_message), (8 bytes).
    Removing drone.o(.ARM.exidx.text.mavlink_finalize_message_chan), (8 bytes).
    Removing drone.o(.ARM.exidx.text.mavlink_finalize_message_buffer), (8 bytes).
    Removing drone.o(.ARM.exidx.text._mav_trim_payload), (8 bytes).
    Removing drone.o(.ARM.exidx.text.crc_calculate), (8 bytes).
    Removing drone.o(.ARM.exidx.text.crc_accumulate_buffer), (8 bytes).
    Removing drone.o(.ARM.exidx.text.crc_accumulate), (8 bytes).
    Removing drone.o(.ARM.exidx.text.mavlink_sign_packet), (8 bytes).
    Removing drone.o(.ARM.exidx.text.crc_init), (8 bytes).
    Removing drone.o(.ARM.exidx.text.mavlink_sha256_init), (8 bytes).
    Removing drone.o(.ARM.exidx.text.mavlink_sha256_update), (8 bytes).
    Removing drone.o(.ARM.exidx.text.mavlink_sha256_final_48), (8 bytes).
    Removing drone.o(.ARM.exidx.text.mavlink_sha256_calc), (8 bytes).
    Removing gpio.o(.text), (0 bytes).
    Removing gpio.o(.ARM.exidx.text.GPIO_Init), (8 bytes).
    Removing gpio.o(.ARM.exidx.text.Launch_Read), (8 bytes).
    Removing gpio.o(.ARM.exidx.text.Safety_Read), (8 bytes).
    Removing gpio.o(.ARM.exidx.text.End_Read), (8 bytes).
    Removing gpio.o(.ARM.exidx.text.Optocouplers_Enable), (8 bytes).
    Removing timer.o(.text), (0 bytes).
    Removing timer.o(.ARM.exidx.text.Timer_Init), (8 bytes).
    Removing timer.o(.ARM.exidx.text.SysTick_Config), (8 bytes).
    Removing timer.o(.ARM.exidx.text.SysTick_Handler), (8 bytes).
    Removing timer.o(.ARM.exidx.text.GetTick), (8 bytes).
    Removing timer.o(.ARM.exidx.text.DelayMs), (8 bytes).
    Removing timer.o(.ARM.exidx.text.Timeout), (8 bytes).
    Removing timer.o(.ARM.exidx.text.__NVIC_SetPriority), (8 bytes).
    Removing fsm.o(.text), (0 bytes).
    Removing fsm.o(.ARM.exidx.text.FSM_Init), (8 bytes).
    Removing fsm.o(.ARM.exidx.text.FSM_SetState), (8 bytes).
    Removing fsm.o(.ARM.exidx.text.FSM_Process), (8 bytes).
    Removing main.o(.text), (0 bytes).
    Removing main.o(.ARM.exidx.text.main), (8 bytes).
    Removing main.o(.ARM.use_no_argv), (4 bytes).
    Removing heartbeat.o(.text), (0 bytes).
    Removing heartbeat.o(.ARM.exidx.text.Heartbeat_Process), (8 bytes).
    Removing system_stm32f10x.o(.text), (0 bytes).
    Removing system_stm32f10x.o(.ARM.exidx.text.SystemInit), (8 bytes).
    Removing system_stm32f10x.o(.ARM.exidx.text.SetSysClock), (8 bytes).
    Removing system_stm32f10x.o(.text.SystemCoreClockUpdate), (290 bytes).
    Removing system_stm32f10x.o(.ARM.exidx.text.SystemCoreClockUpdate), (8 bytes).
    Removing system_stm32f10x.o(.ARM.exidx.text.SetSysClockTo72), (8 bytes).
    Removing system_stm32f10x.o(.rodata.AHBPrescTable), (16 bytes).

75 unused section(s) (total 812 bytes) removed from the image.

==============================================================================

Image Symbol Table

    Local Symbols

    Symbol Name                              Value     Ov Type        Size  Object(Section)

    ../clib/angel/boardlib.s                 0x00000000   Number         0  boardinit1.o ABSOLUTE
    ../clib/angel/boardlib.s                 0x00000000   Number         0  boardinit2.o ABSOLUTE
    ../clib/angel/boardlib.s                 0x00000000   Number         0  boardinit3.o ABSOLUTE
    ../clib/angel/boardlib.s                 0x00000000   Number         0  boardshut.o ABSOLUTE
    ../clib/angel/handlers.s                 0x00000000   Number         0  __scatter_copy.o ABSOLUTE
    ../clib/angel/handlers.s                 0x00000000   Number         0  __scatter_zi.o ABSOLUTE
    ../clib/angel/kernel.s                   0x00000000   Number         0  __rtentry.o ABSOLUTE
    ../clib/angel/kernel.s                   0x00000000   Number         0  __rtentry2.o ABSOLUTE
    ../clib/angel/kernel.s                   0x00000000   Number         0  __rtentry4.o ABSOLUTE
    ../clib/angel/kernel.s                   0x00000000   Number         0  rtexit.o ABSOLUTE
    ../clib/angel/kernel.s                   0x00000000   Number         0  rtexit2.o ABSOLUTE
    ../clib/angel/rt.s                       0x00000000   Number         0  rt_raise.o ABSOLUTE
    ../clib/angel/scatter.s                  0x00000000   Number         0  __scatter.o ABSOLUTE
    ../clib/angel/startup.s                  0x00000000   Number         0  __main.o ABSOLUTE
    ../clib/angel/sys.s                      0x00000000   Number         0  sys_stackheap_outer.o ABSOLUTE
    ../clib/angel/sys.s                      0x00000000   Number         0  libspace.o ABSOLUTE
    ../clib/angel/sys.s                      0x00000000   Number         0  use_no_semi.o ABSOLUTE
    ../clib/angel/sys.s                      0x00000000   Number         0  indicate_semi.o ABSOLUTE
    ../clib/angel/sysapp.c                   0x00000000   Number         0  sys_exit.o ABSOLUTE
    ../clib/angel/sysapp.c                   0x00000000   Number         0  sys_exit_hlt.o ABSOLUTE
    ../clib/angel/sysapp.c                   0x00000000   Number         0  sys_command.o ABSOLUTE
    ../clib/angel/sysapp.c                   0x00000000   Number         0  sys_command_hlt.o ABSOLUTE
    ../clib/angel/sysapp.c                   0x00000000   Number         0  sys_wrch.o ABSOLUTE
    ../clib/angel/sysapp.c                   0x00000000   Number         0  sys_wrch_hlt.o ABSOLUTE
    ../clib/armsys.c                         0x00000000   Number         0  argv_veneer.o ABSOLUTE
    ../clib/armsys.c                         0x00000000   Number         0  argv_veneer.o ABSOLUTE
    ../clib/armsys.c                         0x00000000   Number         0  _get_argv_nomalloc.o ABSOLUTE
    ../clib/armsys.c                         0x00000000   Number         0  no_argv.o ABSOLUTE
    ../clib/heapalloc.c                      0x00000000   Number         0  hrguard.o ABSOLUTE
    ../clib/heapaux.c                        0x00000000   Number         0  heapauxi.o ABSOLUTE
    ../clib/libinit.s                        0x00000000   Number         0  libinit.o ABSOLUTE
    ../clib/libinit.s                        0x00000000   Number         0  libinit2.o ABSOLUTE
    ../clib/libinit.s                        0x00000000   Number         0  libshutdown.o ABSOLUTE
    ../clib/libinit.s                        0x00000000   Number         0  libshutdown2.o ABSOLUTE
    ../clib/memcpset.s                       0x00000000   Number         0  rt_memcpy_v6.o ABSOLUTE
    ../clib/memcpset.s                       0x00000000   Number         0  rt_memclr.o ABSOLUTE
    ../clib/memcpset.s                       0x00000000   Number         0  rt_memcpy_w.o ABSOLUTE
    ../clib/memcpset.s                       0x00000000   Number         0  rt_memclr_w.o ABSOLUTE
    ../clib/signal.c                         0x00000000   Number         0  defsig_rtmem_outer.o ABSOLUTE
    ../clib/signal.c                         0x00000000   Number         0  defsig_rtmem_formal.o ABSOLUTE
    ../clib/signal.c                         0x00000000   Number         0  defsig_exit.o ABSOLUTE
    ../clib/signal.c                         0x00000000   Number         0  defsig_rtmem_inner.o ABSOLUTE
    ../clib/signal.c                         0x00000000   Number         0  __raise.o ABSOLUTE
    ../clib/signal.c                         0x00000000   Number         0  defsig_general.o ABSOLUTE
    ../clib/signal.c                         0x00000000   Number         0  defsig_abrt_inner.o ABSOLUTE
    ../clib/signal.c                         0x00000000   Number         0  defsig_fpe_inner.o ABSOLUTE
    ../clib/signal.c                         0x00000000   Number         0  defsig_rtred_inner.o ABSOLUTE
    ../clib/signal.c                         0x00000000   Number         0  defsig_stak_inner.o ABSOLUTE
    ../clib/signal.c                         0x00000000   Number         0  defsig_pvfn_inner.o ABSOLUTE
    ../clib/signal.c                         0x00000000   Number         0  defsig_cppl_inner.o ABSOLUTE
    ../clib/signal.c                         0x00000000   Number         0  defsig_segv_inner.o ABSOLUTE
    ../clib/signal.c                         0x00000000   Number         0  defsig_other.o ABSOLUTE
    ../clib/signal.s                         0x00000000   Number         0  defsig.o ABSOLUTE
    ../clib/stdlib.c                         0x00000000   Number         0  exit.o ABSOLUTE
    ../fplib/fpinit.s                        0x00000000   Number         0  fpinit.o ABSOLUTE
    ../fplib/fpinit_empty.s                  0x00000000   Number         0  fpinit_empty.o ABSOLUTE
    RTE/Device/STM32F103RB/startup_stm32f10x_md.s 0x00000000   Number         0  startup_stm32f10x_md.o ABSOLUTE
    dc.s                                     0x00000000   Number         0  dc.o ABSOLUTE
    drone.c                                  0x00000000   Number         0  drone.o ABSOLUTE
    fsm.c                                    0x00000000   Number         0  fsm.o ABSOLUTE
    gpio.c                                   0x00000000   Number         0  gpio.o ABSOLUTE
    heartbeat.c                              0x00000000   Number         0  heartbeat.o ABSOLUTE
    main.c                                   0x00000000   Number         0  main.o ABSOLUTE
    pwm.c                                    0x00000000   Number         0  pwm.o ABSOLUTE
    rcc.c                                    0x00000000   Number         0  rcc.o ABSOLUTE
    servo.c                                  0x00000000   Number         0  servo.o ABSOLUTE
    system_stm32f10x.c                       0x00000000   Number         0  system_stm32f10x.o ABSOLUTE
    timer.c                                  0x00000000   Number         0  timer.o ABSOLUTE
    uart.c                                   0x00000000   Number         0  uart.o ABSOLUTE
    RESET                                    0x08000000   Section      236  startup_stm32f10x_md.o(RESET)
    !!!main                                  0x080000ec   Section        8  __main.o(!!!main)
    !!!scatter                               0x080000f4   Section       92  __scatter.o(!!!scatter)
    !!handler_copy                           0x08000150   Section       26  __scatter_copy.o(!!handler_copy)
    !!handler_null                           0x0800016c   Section        2  __scatter.o(!!handler_null)
    !!handler_zi                             0x08000170   Section       28  __scatter_zi.o(!!handler_zi)
    .ARM.Collect$$libinit$$00000000          0x0800018c   Section        2  libinit.o(.ARM.Collect$$libinit$$00000000)
    .ARM.Collect$$libinit$$00000002          0x0800018e   Section        0  libinit2.o(.ARM.Collect$$libinit$$00000002)
    .ARM.Collect$$libinit$$00000004          0x0800018e   Section        0  libinit2.o(.ARM.Collect$$libinit$$00000004)
    .ARM.Collect$$libinit$$00000006          0x0800018e   Section        0  libinit2.o(.ARM.Collect$$libinit$$00000006)
    .ARM.Collect$$libinit$$0000000C          0x0800018e   Section        0  libinit2.o(.ARM.Collect$$libinit$$0000000C)
    .ARM.Collect$$libinit$$0000000E          0x0800018e   Section        0  libinit2.o(.ARM.Collect$$libinit$$0000000E)
    .ARM.Collect$$libinit$$00000010          0x0800018e   Section        0  libinit2.o(.ARM.Collect$$libinit$$00000010)
    .ARM.Collect$$libinit$$00000013          0x0800018e   Section        0  libinit2.o(.ARM.Collect$$libinit$$00000013)
    .ARM.Collect$$libinit$$00000015          0x0800018e   Section        0  libinit2.o(.ARM.Collect$$libinit$$00000015)
    .ARM.Collect$$libinit$$00000017          0x0800018e   Section        0  libinit2.o(.ARM.Collect$$libinit$$00000017)
    .ARM.Collect$$libinit$$00000019          0x0800018e   Section        0  libinit2.o(.ARM.Collect$$libinit$$00000019)
    .ARM.Collect$$libinit$$0000001B          0x0800018e   Section        0  libinit2.o(.ARM.Collect$$libinit$$0000001B)
    .ARM.Collect$$libinit$$0000001D          0x0800018e   Section        0  libinit2.o(.ARM.Collect$$libinit$$0000001D)
    .ARM.Collect$$libinit$$0000001F          0x0800018e   Section        0  libinit2.o(.ARM.Collect$$libinit$$0000001F)
    .ARM.Collect$$libinit$$00000021          0x0800018e   Section        0  libinit2.o(.ARM.Collect$$libinit$$00000021)
    .ARM.Collect$$libinit$$00000023          0x0800018e   Section        0  libinit2.o(.ARM.Collect$$libinit$$00000023)
    .ARM.Collect$$libinit$$00000025          0x0800018e   Section        0  libinit2.o(.ARM.Collect$$libinit$$00000025)
    .ARM.Collect$$libinit$$00000027          0x0800018e   Section        0  libinit2.o(.ARM.Collect$$libinit$$00000027)
    .ARM.Collect$$libinit$$0000002E          0x0800018e   Section        0  libinit2.o(.ARM.Collect$$libinit$$0000002E)
    .ARM.Collect$$libinit$$00000030          0x0800018e   Section        0  libinit2.o(.ARM.Collect$$libinit$$00000030)
    .ARM.Collect$$libinit$$00000032          0x0800018e   Section        0  libinit2.o(.ARM.Collect$$libinit$$00000032)
    .ARM.Collect$$libinit$$00000034          0x0800018e   Section        0  libinit2.o(.ARM.Collect$$libinit$$00000034)
    .ARM.Collect$$libinit$$00000035          0x0800018e   Section        2  libinit2.o(.ARM.Collect$$libinit$$00000035)
    .ARM.Collect$$libshutdown$$00000000      0x08000190   Section        2  libshutdown.o(.ARM.Collect$$libshutdown$$00000000)
    .ARM.Collect$$libshutdown$$00000002      0x08000192   Section        0  libshutdown2.o(.ARM.Collect$$libshutdown$$00000002)
    .ARM.Collect$$libshutdown$$00000004      0x08000192   Section        0  libshutdown2.o(.ARM.Collect$$libshutdown$$00000004)
    .ARM.Collect$$libshutdown$$00000007      0x08000192   Section        0  libshutdown2.o(.ARM.Collect$$libshutdown$$00000007)
    .ARM.Collect$$libshutdown$$0000000A      0x08000192   Section        0  libshutdown2.o(.ARM.Collect$$libshutdown$$0000000A)
    .ARM.Collect$$libshutdown$$0000000C      0x08000192   Section        0  libshutdown2.o(.ARM.Collect$$libshutdown$$0000000C)
    .ARM.Collect$$libshutdown$$0000000F      0x08000192   Section        0  libshutdown2.o(.ARM.Collect$$libshutdown$$0000000F)
    .ARM.Collect$$libshutdown$$00000010      0x08000192   Section        2  libshutdown2.o(.ARM.Collect$$libshutdown$$00000010)
    .ARM.Collect$$rtentry$$00000000          0x08000194   Section        0  __rtentry.o(.ARM.Collect$$rtentry$$00000000)
    .ARM.Collect$$rtentry$$00000002          0x08000194   Section        0  __rtentry2.o(.ARM.Collect$$rtentry$$00000002)
    .ARM.Collect$$rtentry$$00000004          0x08000194   Section        6  __rtentry4.o(.ARM.Collect$$rtentry$$00000004)
    .ARM.Collect$$rtentry$$00000009          0x0800019a   Section        0  __rtentry2.o(.ARM.Collect$$rtentry$$00000009)
    .ARM.Collect$$rtentry$$0000000A          0x0800019a   Section        4  __rtentry2.o(.ARM.Collect$$rtentry$$0000000A)
    .ARM.Collect$$rtentry$$0000000C          0x0800019e   Section        0  __rtentry2.o(.ARM.Collect$$rtentry$$0000000C)
    .ARM.Collect$$rtentry$$0000000D          0x0800019e   Section        8  __rtentry2.o(.ARM.Collect$$rtentry$$0000000D)
    .ARM.Collect$$rtexit$$00000000           0x080001a6   Section        2  rtexit.o(.ARM.Collect$$rtexit$$00000000)
    .ARM.Collect$$rtexit$$00000002           0x080001a8   Section        0  rtexit2.o(.ARM.Collect$$rtexit$$00000002)
    .ARM.Collect$$rtexit$$00000003           0x080001a8   Section        4  rtexit2.o(.ARM.Collect$$rtexit$$00000003)
    .ARM.Collect$$rtexit$$00000004           0x080001ac   Section        6  rtexit2.o(.ARM.Collect$$rtexit$$00000004)
    .text                                    0x080001b4   Section       64  startup_stm32f10x_md.o(.text)
    .text                                    0x080001f4   Section      138  rt_memcpy_v6.o(.text)
    .text                                    0x0800027e   Section       68  rt_memclr.o(.text)
    .text                                    0x080002c2   Section        0  heapauxi.o(.text)
    .text                                    0x080002c8   Section      100  rt_memcpy_w.o(.text)
    .text                                    0x0800032c   Section       78  rt_memclr_w.o(.text)
    .text                                    0x0800037a   Section       74  sys_stackheap_outer.o(.text)
    .text                                    0x080003c4   Section        0  exit.o(.text)
    .text                                    0x080003d8   Section        8  libspace.o(.text)
    .text                                    0x080003e0   Section        0  sys_exit.o(.text)
    .text                                    0x080003ec   Section        2  use_no_semi.o(.text)
    .text                                    0x080003ee   Section        0  indicate_semi.o(.text)
    [Anonymous Symbol]                       0x080003f0   Section        0  timer.o(.text.DelayMs)
    [Anonymous Symbol]                       0x08000420   Section        0  drone.o(.text.Drone_Init)
    [Anonymous Symbol]                       0x0800042c   Section        0  drone.o(.text.Drone_SendCancel)
    Drone_SendCommand                        0x08000439   Thumb Code    86  drone.o(.text.Drone_SendCommand)
    [Anonymous Symbol]                       0x08000438   Section        0  drone.o(.text.Drone_SendCommand)
    [Anonymous Symbol]                       0x08000490   Section        0  drone.o(.text.Drone_SendFly)
    [Anonymous Symbol]                       0x0800049c   Section        0  drone.o(.text.Drone_SendPrepare)
    [Anonymous Symbol]                       0x080004a8   Section        0  gpio.o(.text.End_Read)
    [Anonymous Symbol]                       0x080004b8   Section        0  fsm.o(.text.FSM_Init)
    [Anonymous Symbol]                       0x080004ec   Section        0  fsm.o(.text.FSM_Process)
    FSM_SetState                             0x08000629   Thumb Code    40  fsm.o(.text.FSM_SetState)
    [Anonymous Symbol]                       0x08000628   Section        0  fsm.o(.text.FSM_SetState)
    [Anonymous Symbol]                       0x08000650   Section        0  gpio.o(.text.GPIO_Init)
    [Anonymous Symbol]                       0x08000724   Section        0  timer.o(.text.GetTick)
    [Anonymous Symbol]                       0x08000730   Section        0  heartbeat.o(.text.Heartbeat_Process)
    [Anonymous Symbol]                       0x0800076c   Section        0  gpio.o(.text.Launch_Read)
    [Anonymous Symbol]                       0x0800077c   Section        0  gpio.o(.text.Optocouplers_Enable)
    [Anonymous Symbol]                       0x08000794   Section        0  pwm.o(.text.PWM_Init)
    [Anonymous Symbol]                       0x08000854   Section        0  pwm.o(.text.PWM_SetUs)
    [Anonymous Symbol]                       0x0800086c   Section        0  rcc.o(.text.RCC_Init)
    [Anonymous Symbol]                       0x080009cc   Section        0  gpio.o(.text.Safety_Read)
    [Anonymous Symbol]                       0x080009dc   Section        0  servo.o(.text.Servo_Init)
    [Anonymous Symbol]                       0x080009f4   Section        0  servo.o(.text.Servo_Lock)
    [Anonymous Symbol]                       0x08000a00   Section        0  servo.o(.text.Servo_Release)
    Servo_SetUs                              0x08000a0d   Thumb Code    28  servo.o(.text.Servo_SetUs)
    [Anonymous Symbol]                       0x08000a0c   Section        0  servo.o(.text.Servo_SetUs)
    SetSysClock                              0x08000a29   Thumb Code     8  system_stm32f10x.o(.text.SetSysClock)
    [Anonymous Symbol]                       0x08000a28   Section        0  system_stm32f10x.o(.text.SetSysClock)
    SetSysClockTo72                          0x08000a31   Thumb Code   290  system_stm32f10x.o(.text.SetSysClockTo72)
    [Anonymous Symbol]                       0x08000a30   Section        0  system_stm32f10x.o(.text.SetSysClockTo72)
    SysTick_Config                           0x08000b55   Thumb Code    82  timer.o(.text.SysTick_Config)
    [Anonymous Symbol]                       0x08000b54   Section        0  timer.o(.text.SysTick_Config)
    [Anonymous Symbol]                       0x08000ba8   Section        0  timer.o(.text.SysTick_Handler)
    [Anonymous Symbol]                       0x08000bb8   Section        0  system_stm32f10x.o(.text.SystemInit)
    [Anonymous Symbol]                       0x08000c20   Section        0  timer.o(.text.Timeout)
    [Anonymous Symbol]                       0x08000c44   Section        0  timer.o(.text.Timer_Init)
    [Anonymous Symbol]                       0x08000c64   Section        0  uart.o(.text.UART_Init)
    [Anonymous Symbol]                       0x08000cfc   Section        0  uart.o(.text.UART_SendArray)
    [Anonymous Symbol]                       0x08000d3c   Section        0  uart.o(.text.UART_SendByte)
    __NVIC_SetPriority                       0x08000d6d   Thumb Code    66  timer.o(.text.__NVIC_SetPriority)
    [Anonymous Symbol]                       0x08000d6c   Section        0  timer.o(.text.__NVIC_SetPriority)
    _mav_trim_payload                        0x08000db1   Thumb Code    74  drone.o(.text._mav_trim_payload)
    [Anonymous Symbol]                       0x08000db0   Section        0  drone.o(.text._mav_trim_payload)
    crc_accumulate                           0x08000dfd   Thumb Code    60  drone.o(.text.crc_accumulate)
    [Anonymous Symbol]                       0x08000dfc   Section        0  drone.o(.text.crc_accumulate)
    crc_accumulate_buffer                    0x08000e39   Thumb Code    52  drone.o(.text.crc_accumulate_buffer)
    [Anonymous Symbol]                       0x08000e38   Section        0  drone.o(.text.crc_accumulate_buffer)
    crc_calculate                            0x08000e6d   Thumb Code    56  drone.o(.text.crc_calculate)
    [Anonymous Symbol]                       0x08000e6c   Section        0  drone.o(.text.crc_calculate)
    crc_init                                 0x08000ea5   Thumb Code    16  drone.o(.text.crc_init)
    [Anonymous Symbol]                       0x08000ea4   Section        0  drone.o(.text.crc_init)
    [Anonymous Symbol]                       0x08000eb4   Section        0  main.o(.text.main)
    mavlink_finalize_message                 0x08000eed   Thumb Code    82  drone.o(.text.mavlink_finalize_message)
    [Anonymous Symbol]                       0x08000eec   Section        0  drone.o(.text.mavlink_finalize_message)
    mavlink_finalize_message_buffer          0x08000f41   Thumb Code   558  drone.o(.text.mavlink_finalize_message_buffer)
    [Anonymous Symbol]                       0x08000f40   Section        0  drone.o(.text.mavlink_finalize_message_buffer)
    mavlink_finalize_message_chan            0x08001171   Thumb Code    98  drone.o(.text.mavlink_finalize_message_chan)
    [Anonymous Symbol]                       0x08001170   Section        0  drone.o(.text.mavlink_finalize_message_chan)
    mavlink_get_channel_status               0x080011d5   Thumb Code    30  drone.o(.text.mavlink_get_channel_status)
    [Anonymous Symbol]                       0x080011d4   Section        0  drone.o(.text.mavlink_get_channel_status)
    mavlink_msg_command_long_pack            0x080011f5   Thumb Code   178  drone.o(.text.mavlink_msg_command_long_pack)
    [Anonymous Symbol]                       0x080011f4   Section        0  drone.o(.text.mavlink_msg_command_long_pack)
    mavlink_msg_to_send_buffer               0x080012a9   Thumb Code   350  drone.o(.text.mavlink_msg_to_send_buffer)
    [Anonymous Symbol]                       0x080012a8   Section        0  drone.o(.text.mavlink_msg_to_send_buffer)
    mavlink_set_proto_version                0x08001409   Thumb Code    56  drone.o(.text.mavlink_set_proto_version)
    [Anonymous Symbol]                       0x08001408   Section        0  drone.o(.text.mavlink_set_proto_version)
    mavlink_sha256_calc                      0x08001441   Thumb Code   420  drone.o(.text.mavlink_sha256_calc)
    [Anonymous Symbol]                       0x08001440   Section        0  drone.o(.text.mavlink_sha256_calc)
    mavlink_sha256_final_48                  0x080015e5   Thumb Code   202  drone.o(.text.mavlink_sha256_final_48)
    [Anonymous Symbol]                       0x080015e4   Section        0  drone.o(.text.mavlink_sha256_final_48)
    mavlink_sha256_init                      0x080016b1   Thumb Code   114  drone.o(.text.mavlink_sha256_init)
    [Anonymous Symbol]                       0x080016b0   Section        0  drone.o(.text.mavlink_sha256_init)
    mavlink_sha256_update                    0x08001725   Thumb Code   246  drone.o(.text.mavlink_sha256_update)
    [Anonymous Symbol]                       0x08001724   Section        0  drone.o(.text.mavlink_sha256_update)
    mavlink_sign_packet                      0x0800181d   Thumb Code   194  drone.o(.text.mavlink_sign_packet)
    [Anonymous Symbol]                       0x0800181c   Section        0  drone.o(.text.mavlink_sign_packet)
    mavlink_sha256_constant_256              0x080018e0   Data         256  drone.o(.rodata.mavlink_sha256_constant_256)
    [Anonymous Symbol]                       0x080018e0   Section        0  drone.o(.rodata.mavlink_sha256_constant_256)
    .bss                                     0x20000008   Section       96  libspace.o(.bss)
    Heartbeat_Process.lastTime               0x20000068   Data           4  heartbeat.o(.bss.Heartbeat_Process.lastTime)
    [Anonymous Symbol]                       0x20000068   Section        0  heartbeat.o(.bss.Heartbeat_Process.lastTime)
    StateTime                                0x20000070   Data           4  fsm.o(.bss.StateTime)
    [Anonymous Symbol]                       0x20000070   Section        0  fsm.o(.bss.StateTime)
    Tick                                     0x20000074   Data           4  timer.o(.bss.Tick)
    [Anonymous Symbol]                       0x20000074   Section        0  timer.o(.bss.Tick)
    lastLaunch                               0x20000078   Data           1  fsm.o(.bss.lastLaunch)
    [Anonymous Symbol]                       0x20000078   Section        0  fsm.o(.bss.lastLaunch)
    mavlink_get_channel_status.m_mavlink_status 0x2000007c   Data          96  drone.o(.bss.mavlink_get_channel_status.m_mavlink_status)
    [Anonymous Symbol]                       0x2000007c   Section        0  drone.o(.bss.mavlink_get_channel_status.m_mavlink_status)
    Heap_Mem                                 0x200000e0   Data         512  startup_stm32f10x_md.o(HEAP)
    HEAP                                     0x200000e0   Section      512  startup_stm32f10x_md.o(HEAP)
    Stack_Mem                                0x200002e0   Data        1024  startup_stm32f10x_md.o(STACK)
    STACK                                    0x200002e0   Section     1024  startup_stm32f10x_md.o(STACK)
    __initial_sp                             0x200006e0   Data           0  startup_stm32f10x_md.o(STACK)

    Global Symbols

    Symbol Name                              Value     Ov Type        Size  Object(Section)

    BuildAttributes$$THM_ISAv4$P$D$K$B$S$PE$A:L22UL41UL21$X:L11$S22US41US21$IEEE1$IW$~IW$USESV6$~STKCKD$USESV7$~SHL$OSPACE$ROPI$EBA8$UX$STANDARDLIB$REQ8$PRES8$EABIv2 0x00000000   Number         0  anon$$obj.o ABSOLUTE
    __fp_init_empty                          0x00000000   Number         0  fpinit_empty.o ABSOLUTE
    __ARM_exceptions_init                     - Undefined Weak Reference
    __alloca_initialize                       - Undefined Weak Reference
    __arm_preinit_                            - Undefined Weak Reference
    __arm_relocate_pie_                       - Undefined Weak Reference
    __cpp_initialize__aeabi_                  - Undefined Weak Reference
    __cxa_finalize                            - Undefined Weak Reference
    __rt_locale                               - Undefined Weak Reference
    __sigvec_lookup                           - Undefined Weak Reference
    _atexit_init                              - Undefined Weak Reference
    _call_atexit_fns                          - Undefined Weak Reference
    _clock_init                               - Undefined Weak Reference
    _fp_trap_init                             - Undefined Weak Reference
    _fp_trap_shutdown                         - Undefined Weak Reference
    _get_lc_collate                           - Undefined Weak Reference
    _get_lc_ctype                             - Undefined Weak Reference
    _get_lc_monetary                          - Undefined Weak Reference
    _get_lc_numeric                           - Undefined Weak Reference
    _get_lc_time                              - Undefined Weak Reference
    _getenv_init                              - Undefined Weak Reference
    _handle_redirection                       - Undefined Weak Reference
    _init_alloc                               - Undefined Weak Reference
    _init_user_alloc                          - Undefined Weak Reference
    _initio                                   - Undefined Weak Reference
    _rand_init                                - Undefined Weak Reference
    _signal_finish                            - Undefined Weak Reference
    _signal_init                              - Undefined Weak Reference
    _terminate_alloc                          - Undefined Weak Reference
    _terminate_user_alloc                     - Undefined Weak Reference
    _terminateio                              - Undefined Weak Reference
    __Vectors_Size                           0x000000ec   Number         0  startup_stm32f10x_md.o ABSOLUTE
    __Vectors                                0x08000000   Data           4  startup_stm32f10x_md.o(RESET)
    __Vectors_End                            0x080000ec   Data           0  startup_stm32f10x_md.o(RESET)
    __main                                   0x080000ed   Thumb Code     8  __main.o(!!!main)
    __scatterload                            0x080000f5   Thumb Code     0  __scatter.o(!!!scatter)
    __scatterload_rt2                        0x080000f5   Thumb Code    84  __scatter.o(!!!scatter)
    __scatterload_rt2_thumb_only             0x080000f5   Thumb Code     0  __scatter.o(!!!scatter)
    __scatterload_loop                       0x080000ff   Thumb Code     0  __scatter.o(!!!scatter)
    __scatterload_copy                       0x08000151   Thumb Code    26  __scatter_copy.o(!!handler_copy)
    __scatterload_null                       0x0800016d   Thumb Code     2  __scatter.o(!!handler_null)
    __scatterload_zeroinit                   0x08000171   Thumb Code    28  __scatter_zi.o(!!handler_zi)
    __rt_lib_init                            0x0800018d   Thumb Code     0  libinit.o(.ARM.Collect$$libinit$$00000000)
    __rt_lib_init_alloca_1                   0x0800018f   Thumb Code     0  libinit2.o(.ARM.Collect$$libinit$$00000030)
    __rt_lib_init_argv_1                     0x0800018f   Thumb Code     0  libinit2.o(.ARM.Collect$$libinit$$0000002E)
    __rt_lib_init_atexit_1                   0x0800018f   Thumb Code     0  libinit2.o(.ARM.Collect$$libinit$$0000001D)
    __rt_lib_init_clock_1                    0x0800018f   Thumb Code     0  libinit2.o(.ARM.Collect$$libinit$$00000023)
    __rt_lib_init_cpp_1                      0x0800018f   Thumb Code     0  libinit2.o(.ARM.Collect$$libinit$$00000034)
    __rt_lib_init_exceptions_1               0x0800018f   Thumb Code     0  libinit2.o(.ARM.Collect$$libinit$$00000032)
    __rt_lib_init_fp_1                       0x0800018f   Thumb Code     0  libinit2.o(.ARM.Collect$$libinit$$00000002)
    __rt_lib_init_fp_trap_1                  0x0800018f   Thumb Code     0  libinit2.o(.ARM.Collect$$libinit$$00000021)
    __rt_lib_init_getenv_1                   0x0800018f   Thumb Code     0  libinit2.o(.ARM.Collect$$libinit$$00000025)
    __rt_lib_init_heap_1                     0x0800018f   Thumb Code     0  libinit2.o(.ARM.Collect$$libinit$$0000000C)
    __rt_lib_init_lc_collate_1               0x0800018f   Thumb Code     0  libinit2.o(.ARM.Collect$$libinit$$00000013)
    __rt_lib_init_lc_ctype_1                 0x0800018f   Thumb Code     0  libinit2.o(.ARM.Collect$$libinit$$00000015)
    __rt_lib_init_lc_monetary_1              0x0800018f   Thumb Code     0  libinit2.o(.ARM.Collect$$libinit$$00000017)
    __rt_lib_init_lc_numeric_1               0x0800018f   Thumb Code     0  libinit2.o(.ARM.Collect$$libinit$$00000019)
    __rt_lib_init_lc_time_1                  0x0800018f   Thumb Code     0  libinit2.o(.ARM.Collect$$libinit$$0000001B)
    __rt_lib_init_preinit_1                  0x0800018f   Thumb Code     0  libinit2.o(.ARM.Collect$$libinit$$00000006)
    __rt_lib_init_rand_1                     0x0800018f   Thumb Code     0  libinit2.o(.ARM.Collect$$libinit$$00000010)
    __rt_lib_init_relocate_pie_1             0x0800018f   Thumb Code     0  libinit2.o(.ARM.Collect$$libinit$$00000004)
    __rt_lib_init_return                     0x0800018f   Thumb Code     0  libinit2.o(.ARM.Collect$$libinit$$00000035)
    __rt_lib_init_signal_1                   0x0800018f   Thumb Code     0  libinit2.o(.ARM.Collect$$libinit$$0000001F)
    __rt_lib_init_stdio_1                    0x0800018f   Thumb Code     0  libinit2.o(.ARM.Collect$$libinit$$00000027)
    __rt_lib_init_user_alloc_1               0x0800018f   Thumb Code     0  libinit2.o(.ARM.Collect$$libinit$$0000000E)
    __rt_lib_shutdown                        0x08000191   Thumb Code     0  libshutdown.o(.ARM.Collect$$libshutdown$$00000000)
    __rt_lib_shutdown_cpp_1                  0x08000193   Thumb Code     0  libshutdown2.o(.ARM.Collect$$libshutdown$$00000002)
    __rt_lib_shutdown_fp_trap_1              0x08000193   Thumb Code     0  libshutdown2.o(.ARM.Collect$$libshutdown$$00000007)
    __rt_lib_shutdown_heap_1                 0x08000193   Thumb Code     0  libshutdown2.o(.ARM.Collect$$libshutdown$$0000000F)
    __rt_lib_shutdown_return                 0x08000193   Thumb Code     0  libshutdown2.o(.ARM.Collect$$libshutdown$$00000010)
    __rt_lib_shutdown_signal_1               0x08000193   Thumb Code     0  libshutdown2.o(.ARM.Collect$$libshutdown$$0000000A)
    __rt_lib_shutdown_stdio_1                0x08000193   Thumb Code     0  libshutdown2.o(.ARM.Collect$$libshutdown$$00000004)
    __rt_lib_shutdown_user_alloc_1           0x08000193   Thumb Code     0  libshutdown2.o(.ARM.Collect$$libshutdown$$0000000C)
    __rt_entry                               0x08000195   Thumb Code     0  __rtentry.o(.ARM.Collect$$rtentry$$00000000)
    __rt_entry_presh_1                       0x08000195   Thumb Code     0  __rtentry2.o(.ARM.Collect$$rtentry$$00000002)
    __rt_entry_sh                            0x08000195   Thumb Code     0  __rtentry4.o(.ARM.Collect$$rtentry$$00000004)
    __rt_entry_li                            0x0800019b   Thumb Code     0  __rtentry2.o(.ARM.Collect$$rtentry$$0000000A)
    __rt_entry_postsh_1                      0x0800019b   Thumb Code     0  __rtentry2.o(.ARM.Collect$$rtentry$$00000009)
    __rt_entry_main                          0x0800019f   Thumb Code     0  __rtentry2.o(.ARM.Collect$$rtentry$$0000000D)
    __rt_entry_postli_1                      0x0800019f   Thumb Code     0  __rtentry2.o(.ARM.Collect$$rtentry$$0000000C)
    __rt_exit                                0x080001a7   Thumb Code     0  rtexit.o(.ARM.Collect$$rtexit$$00000000)
    __rt_exit_ls                             0x080001a9   Thumb Code     0  rtexit2.o(.ARM.Collect$$rtexit$$00000003)
    __rt_exit_prels_1                        0x080001a9   Thumb Code     0  rtexit2.o(.ARM.Collect$$rtexit$$00000002)
    __rt_exit_exit                           0x080001ad   Thumb Code     0  rtexit2.o(.ARM.Collect$$rtexit$$00000004)
    Reset_Handler                            0x080001b5   Thumb Code     8  startup_stm32f10x_md.o(.text)
    NMI_Handler                              0x080001bd   Thumb Code     2  startup_stm32f10x_md.o(.text)
    HardFault_Handler                        0x080001bf   Thumb Code     2  startup_stm32f10x_md.o(.text)
    MemManage_Handler                        0x080001c1   Thumb Code     2  startup_stm32f10x_md.o(.text)
    BusFault_Handler                         0x080001c3   Thumb Code     2  startup_stm32f10x_md.o(.text)
    UsageFault_Handler                       0x080001c5   Thumb Code     2  startup_stm32f10x_md.o(.text)
    SVC_Handler                              0x080001c7   Thumb Code     2  startup_stm32f10x_md.o(.text)
    DebugMon_Handler                         0x080001c9   Thumb Code     2  startup_stm32f10x_md.o(.text)
    PendSV_Handler                           0x080001cb   Thumb Code     2  startup_stm32f10x_md.o(.text)
    ADC1_2_IRQHandler                        0x080001cf   Thumb Code     0  startup_stm32f10x_md.o(.text)
    CAN1_RX1_IRQHandler                      0x080001cf   Thumb Code     0  startup_stm32f10x_md.o(.text)
    CAN1_SCE_IRQHandler                      0x080001cf   Thumb Code     0  startup_stm32f10x_md.o(.text)
    DMA1_Channel1_IRQHandler                 0x080001cf   Thumb Code     0  startup_stm32f10x_md.o(.text)
    DMA1_Channel2_IRQHandler                 0x080001cf   Thumb Code     0  startup_stm32f10x_md.o(.text)
    DMA1_Channel3_IRQHandler                 0x080001cf   Thumb Code     0  startup_stm32f10x_md.o(.text)
    DMA1_Channel4_IRQHandler                 0x080001cf   Thumb Code     0  startup_stm32f10x_md.o(.text)
    DMA1_Channel5_IRQHandler                 0x080001cf   Thumb Code     0  startup_stm32f10x_md.o(.text)
    DMA1_Channel6_IRQHandler                 0x080001cf   Thumb Code     0  startup_stm32f10x_md.o(.text)
    DMA1_Channel7_IRQHandler                 0x080001cf   Thumb Code     0  startup_stm32f10x_md.o(.text)
    EXTI0_IRQHandler                         0x080001cf   Thumb Code     0  startup_stm32f10x_md.o(.text)
    EXTI15_10_IRQHandler                     0x080001cf   Thumb Code     0  startup_stm32f10x_md.o(.text)
    EXTI1_IRQHandler                         0x080001cf   Thumb Code     0  startup_stm32f10x_md.o(.text)
    EXTI2_IRQHandler                         0x080001cf   Thumb Code     0  startup_stm32f10x_md.o(.text)
    EXTI3_IRQHandler                         0x080001cf   Thumb Code     0  startup_stm32f10x_md.o(.text)
    EXTI4_IRQHandler                         0x080001cf   Thumb Code     0  startup_stm32f10x_md.o(.text)
    EXTI9_5_IRQHandler                       0x080001cf   Thumb Code     0  startup_stm32f10x_md.o(.text)
    FLASH_IRQHandler                         0x080001cf   Thumb Code     0  startup_stm32f10x_md.o(.text)
    I2C1_ER_IRQHandler                       0x080001cf   Thumb Code     0  startup_stm32f10x_md.o(.text)
    I2C1_EV_IRQHandler                       0x080001cf   Thumb Code     0  startup_stm32f10x_md.o(.text)
    I2C2_ER_IRQHandler                       0x080001cf   Thumb Code     0  startup_stm32f10x_md.o(.text)
    I2C2_EV_IRQHandler                       0x080001cf   Thumb Code     0  startup_stm32f10x_md.o(.text)
    PVD_IRQHandler                           0x080001cf   Thumb Code     0  startup_stm32f10x_md.o(.text)
    RCC_IRQHandler                           0x080001cf   Thumb Code     0  startup_stm32f10x_md.o(.text)
    RTCAlarm_IRQHandler                      0x080001cf   Thumb Code     0  startup_stm32f10x_md.o(.text)
    RTC_IRQHandler                           0x080001cf   Thumb Code     0  startup_stm32f10x_md.o(.text)
    SPI1_IRQHandler                          0x080001cf   Thumb Code     0  startup_stm32f10x_md.o(.text)
    SPI2_IRQHandler                          0x080001cf   Thumb Code     0  startup_stm32f10x_md.o(.text)
    TAMPER_IRQHandler                        0x080001cf   Thumb Code     0  startup_stm32f10x_md.o(.text)
    TIM1_BRK_IRQHandler                      0x080001cf   Thumb Code     0  startup_stm32f10x_md.o(.text)
    TIM1_CC_IRQHandler                       0x080001cf   Thumb Code     0  startup_stm32f10x_md.o(.text)
    TIM1_TRG_COM_IRQHandler                  0x080001cf   Thumb Code     0  startup_stm32f10x_md.o(.text)
    TIM1_UP_IRQHandler                       0x080001cf   Thumb Code     0  startup_stm32f10x_md.o(.text)
    TIM2_IRQHandler                          0x080001cf   Thumb Code     0  startup_stm32f10x_md.o(.text)
    TIM3_IRQHandler                          0x080001cf   Thumb Code     0  startup_stm32f10x_md.o(.text)
    TIM4_IRQHandler                          0x080001cf   Thumb Code     0  startup_stm32f10x_md.o(.text)
    USART1_IRQHandler                        0x080001cf   Thumb Code     0  startup_stm32f10x_md.o(.text)
    USART2_IRQHandler                        0x080001cf   Thumb Code     0  startup_stm32f10x_md.o(.text)
    USART3_IRQHandler                        0x080001cf   Thumb Code     0  startup_stm32f10x_md.o(.text)
    USBWakeUp_IRQHandler                     0x080001cf   Thumb Code     0  startup_stm32f10x_md.o(.text)
    USB_HP_CAN1_TX_IRQHandler                0x080001cf   Thumb Code     0  startup_stm32f10x_md.o(.text)
    USB_LP_CAN1_RX0_IRQHandler               0x080001cf   Thumb Code     0  startup_stm32f10x_md.o(.text)
    WWDG_IRQHandler                          0x080001cf   Thumb Code     0  startup_stm32f10x_md.o(.text)
    __user_initial_stackheap                 0x080001d1   Thumb Code     0  startup_stm32f10x_md.o(.text)
    __aeabi_memcpy                           0x080001f5   Thumb Code     0  rt_memcpy_v6.o(.text)
    __rt_memcpy                              0x080001f5   Thumb Code   138  rt_memcpy_v6.o(.text)
    _memcpy_lastbytes                        0x0800025b   Thumb Code     0  rt_memcpy_v6.o(.text)
    __aeabi_memclr                           0x0800027f   Thumb Code     0  rt_memclr.o(.text)
    __rt_memclr                              0x0800027f   Thumb Code     0  rt_memclr.o(.text)
    _memset                                  0x08000283   Thumb Code    64  rt_memclr.o(.text)
    __use_two_region_memory                  0x080002c3   Thumb Code     2  heapauxi.o(.text)
    __rt_heap_escrow$2region                 0x080002c5   Thumb Code     2  heapauxi.o(.text)
    __rt_heap_expand$2region                 0x080002c7   Thumb Code     2  heapauxi.o(.text)
    __aeabi_memcpy4                          0x080002c9   Thumb Code     0  rt_memcpy_w.o(.text)
    __aeabi_memcpy8                          0x080002c9   Thumb Code     0  rt_memcpy_w.o(.text)
    __rt_memcpy_w                            0x080002c9   Thumb Code   100  rt_memcpy_w.o(.text)
    _memcpy_lastbytes_aligned                0x08000311   Thumb Code     0  rt_memcpy_w.o(.text)
    __aeabi_memclr4                          0x0800032d   Thumb Code     0  rt_memclr_w.o(.text)
    __aeabi_memclr8                          0x0800032d   Thumb Code     0  rt_memclr_w.o(.text)
    __rt_memclr_w                            0x0800032d   Thumb Code     0  rt_memclr_w.o(.text)
    _memset_w                                0x08000331   Thumb Code    74  rt_memclr_w.o(.text)
    __user_setup_stackheap                   0x0800037b   Thumb Code    74  sys_stackheap_outer.o(.text)
    exit                                     0x080003c5   Thumb Code    18  exit.o(.text)
    __user_libspace                          0x080003d9   Thumb Code     8  libspace.o(.text)
    __user_perproc_libspace                  0x080003d9   Thumb Code     0  libspace.o(.text)
    __user_perthread_libspace                0x080003d9   Thumb Code     0  libspace.o(.text)
    _sys_exit                                0x080003e1   Thumb Code     8  sys_exit.o(.text)
    __I$use$semihosting                      0x080003ed   Thumb Code     0  use_no_semi.o(.text)
    __use_no_semihosting_swi                 0x080003ed   Thumb Code     2  use_no_semi.o(.text)
    __semihosting_library_function           0x080003ef   Thumb Code     0  indicate_semi.o(.text)
    DelayMs                                  0x080003f1   Thumb Code    48  timer.o(.text.DelayMs)
    Drone_Init                               0x08000421   Thumb Code    12  drone.o(.text.Drone_Init)
    Drone_SendCancel                         0x0800042d   Thumb Code    12  drone.o(.text.Drone_SendCancel)
    Drone_SendFly                            0x08000491   Thumb Code    12  drone.o(.text.Drone_SendFly)
    Drone_SendPrepare                        0x0800049d   Thumb Code    12  drone.o(.text.Drone_SendPrepare)
    End_Read                                 0x080004a9   Thumb Code    16  gpio.o(.text.End_Read)
    FSM_Init                                 0x080004b9   Thumb Code    50  fsm.o(.text.FSM_Init)
    FSM_Process                              0x080004ed   Thumb Code   314  fsm.o(.text.FSM_Process)
    GPIO_Init                                0x08000651   Thumb Code   210  gpio.o(.text.GPIO_Init)
    GetTick                                  0x08000725   Thumb Code    12  timer.o(.text.GetTick)
    Heartbeat_Process                        0x08000731   Thumb Code    60  heartbeat.o(.text.Heartbeat_Process)
    Launch_Read                              0x0800076d   Thumb Code    16  gpio.o(.text.Launch_Read)
    Optocouplers_Enable                      0x0800077d   Thumb Code    22  gpio.o(.text.Optocouplers_Enable)
    PWM_Init                                 0x08000795   Thumb Code   190  pwm.o(.text.PWM_Init)
    PWM_SetUs                                0x08000855   Thumb Code    22  pwm.o(.text.PWM_SetUs)
    RCC_Init                                 0x0800086d   Thumb Code   352  rcc.o(.text.RCC_Init)
    Safety_Read                              0x080009cd   Thumb Code    16  gpio.o(.text.Safety_Read)
    Servo_Init                               0x080009dd   Thumb Code    22  servo.o(.text.Servo_Init)
    Servo_Lock                               0x080009f5   Thumb Code    12  servo.o(.text.Servo_Lock)
    Servo_Release                            0x08000a01   Thumb Code    12  servo.o(.text.Servo_Release)
    SysTick_Handler                          0x08000ba9   Thumb Code    16  timer.o(.text.SysTick_Handler)
    SystemInit                               0x08000bb9   Thumb Code   102  system_stm32f10x.o(.text.SystemInit)
    Timeout                                  0x08000c21   Thumb Code    34  timer.o(.text.Timeout)
    Timer_Init                               0x08000c45   Thumb Code    32  timer.o(.text.Timer_Init)
    UART_Init                                0x08000c65   Thumb Code   152  uart.o(.text.UART_Init)
    UART_SendArray                           0x08000cfd   Thumb Code    62  uart.o(.text.UART_SendArray)
    UART_SendByte                            0x08000d3d   Thumb Code    46  uart.o(.text.UART_SendByte)
    main                                     0x08000eb5   Thumb Code    56  main.o(.text.main)
    Region$$Table$$Base                      0x080019e0   Number         0  anon$$obj.o(Region$$Table)
    Region$$Table$$Limit                     0x08001a00   Number         0  anon$$obj.o(Region$$Table)
    ServoPWM                                 0x20000000   Data           4  pwm.o(.data.ServoPWM)
    SystemCoreClock                          0x20000004   Data           4  system_stm32f10x.o(.data.SystemCoreClock)
    __libspace_start                         0x20000008   Data          96  libspace.o(.bss)
    __temporary_stack_top$libspace           0x20000068   Data           0  libspace.o(.bss)
    State                                    0x2000006c   Data           1  fsm.o(.bss.State)



==============================================================================

Memory Map of the image

  Image Entry point : 0x080001b5

  Load Region LR_1 (Base: 0x08000000, Size: 0x00001a08, Max: 0xffffffff, ABSOLUTE)

    Execution Region ER_RO (Exec base: 0x08000000, Load base: 0x08000000, Size: 0x00001a00, Max: 0xffffffff, ABSOLUTE)

    Exec Addr    Load Addr    Size         Type   Attr      Idx    E Section Name        Object

    0x08000000   0x08000000   0x000000ec   Data   RO          185    RESET               startup_stm32f10x_md.o
    0x080000ec   0x080000ec   0x00000008   Code   RO          217  * !!!main             c_w.l(__main.o)
    0x080000f4   0x080000f4   0x0000005c   Code   RO          386    !!!scatter          c_w.l(__scatter.o)
    0x08000150   0x08000150   0x0000001a   Code   RO          390    !!handler_copy      c_w.l(__scatter_copy.o)
    0x0800016a   0x0800016a   0x00000002   PAD
    0x0800016c   0x0800016c   0x00000002   Code   RO          387    !!handler_null      c_w.l(__scatter.o)
    0x0800016e   0x0800016e   0x00000002   PAD
    0x08000170   0x08000170   0x0000001c   Code   RO          392    !!handler_zi        c_w.l(__scatter_zi.o)
    0x0800018c   0x0800018c   0x00000002   Code   RO          248    .ARM.Collect$$libinit$$00000000  c_w.l(libinit.o)
    0x0800018e   0x0800018e   0x00000000   Code   RO          255    .ARM.Collect$$libinit$$00000002  c_w.l(libinit2.o)
    0x0800018e   0x0800018e   0x00000000   Code   RO          257    .ARM.Collect$$libinit$$00000004  c_w.l(libinit2.o)
    0x0800018e   0x0800018e   0x00000000   Code   RO          259    .ARM.Collect$$libinit$$00000006  c_w.l(libinit2.o)
    0x0800018e   0x0800018e   0x00000000   Code   RO          262    .ARM.Collect$$libinit$$0000000C  c_w.l(libinit2.o)
    0x0800018e   0x0800018e   0x00000000   Code   RO          264    .ARM.Collect$$libinit$$0000000E  c_w.l(libinit2.o)
    0x0800018e   0x0800018e   0x00000000   Code   RO          266    .ARM.Collect$$libinit$$00000010  c_w.l(libinit2.o)
    0x0800018e   0x0800018e   0x00000000   Code   RO          269    .ARM.Collect$$libinit$$00000013  c_w.l(libinit2.o)
    0x0800018e   0x0800018e   0x00000000   Code   RO          271    .ARM.Collect$$libinit$$00000015  c_w.l(libinit2.o)
    0x0800018e   0x0800018e   0x00000000   Code   RO          273    .ARM.Collect$$libinit$$00000017  c_w.l(libinit2.o)
    0x0800018e   0x0800018e   0x00000000   Code   RO          275    .ARM.Collect$$libinit$$00000019  c_w.l(libinit2.o)
    0x0800018e   0x0800018e   0x00000000   Code   RO          277    .ARM.Collect$$libinit$$0000001B  c_w.l(libinit2.o)
    0x0800018e   0x0800018e   0x00000000   Code   RO          279    .ARM.Collect$$libinit$$0000001D  c_w.l(libinit2.o)
    0x0800018e   0x0800018e   0x00000000   Code   RO          281    .ARM.Collect$$libinit$$0000001F  c_w.l(libinit2.o)
    0x0800018e   0x0800018e   0x00000000   Code   RO          283    .ARM.Collect$$libinit$$00000021  c_w.l(libinit2.o)
    0x0800018e   0x0800018e   0x00000000   Code   RO          285    .ARM.Collect$$libinit$$00000023  c_w.l(libinit2.o)
    0x0800018e   0x0800018e   0x00000000   Code   RO          287    .ARM.Collect$$libinit$$00000025  c_w.l(libinit2.o)
    0x0800018e   0x0800018e   0x00000000   Code   RO          289    .ARM.Collect$$libinit$$00000027  c_w.l(libinit2.o)
    0x0800018e   0x0800018e   0x00000000   Code   RO          293    .ARM.Collect$$libinit$$0000002E  c_w.l(libinit2.o)
    0x0800018e   0x0800018e   0x00000000   Code   RO          295    .ARM.Collect$$libinit$$00000030  c_w.l(libinit2.o)
    0x0800018e   0x0800018e   0x00000000   Code   RO          297    .ARM.Collect$$libinit$$00000032  c_w.l(libinit2.o)
    0x0800018e   0x0800018e   0x00000000   Code   RO          299    .ARM.Collect$$libinit$$00000034  c_w.l(libinit2.o)
    0x0800018e   0x0800018e   0x00000002   Code   RO          300    .ARM.Collect$$libinit$$00000035  c_w.l(libinit2.o)
    0x08000190   0x08000190   0x00000002   Code   RO          322    .ARM.Collect$$libshutdown$$00000000  c_w.l(libshutdown.o)
    0x08000192   0x08000192   0x00000000   Code   RO          337    .ARM.Collect$$libshutdown$$00000002  c_w.l(libshutdown2.o)
    0x08000192   0x08000192   0x00000000   Code   RO          339    .ARM.Collect$$libshutdown$$00000004  c_w.l(libshutdown2.o)
    0x08000192   0x08000192   0x00000000   Code   RO          342    .ARM.Collect$$libshutdown$$00000007  c_w.l(libshutdown2.o)
    0x08000192   0x08000192   0x00000000   Code   RO          345    .ARM.Collect$$libshutdown$$0000000A  c_w.l(libshutdown2.o)
    0x08000192   0x08000192   0x00000000   Code   RO          347    .ARM.Collect$$libshutdown$$0000000C  c_w.l(libshutdown2.o)
    0x08000192   0x08000192   0x00000000   Code   RO          350    .ARM.Collect$$libshutdown$$0000000F  c_w.l(libshutdown2.o)
    0x08000192   0x08000192   0x00000002   Code   RO          351    .ARM.Collect$$libshutdown$$00000010  c_w.l(libshutdown2.o)
    0x08000194   0x08000194   0x00000000   Code   RO          219    .ARM.Collect$$rtentry$$00000000  c_w.l(__rtentry.o)
    0x08000194   0x08000194   0x00000000   Code   RO          225    .ARM.Collect$$rtentry$$00000002  c_w.l(__rtentry2.o)
    0x08000194   0x08000194   0x00000006   Code   RO          237    .ARM.Collect$$rtentry$$00000004  c_w.l(__rtentry4.o)
    0x0800019a   0x0800019a   0x00000000   Code   RO          227    .ARM.Collect$$rtentry$$00000009  c_w.l(__rtentry2.o)
    0x0800019a   0x0800019a   0x00000004   Code   RO          228    .ARM.Collect$$rtentry$$0000000A  c_w.l(__rtentry2.o)
    0x0800019e   0x0800019e   0x00000000   Code   RO          230    .ARM.Collect$$rtentry$$0000000C  c_w.l(__rtentry2.o)
    0x0800019e   0x0800019e   0x00000008   Code   RO          231    .ARM.Collect$$rtentry$$0000000D  c_w.l(__rtentry2.o)
    0x080001a6   0x080001a6   0x00000002   Code   RO          252    .ARM.Collect$$rtexit$$00000000  c_w.l(rtexit.o)
    0x080001a8   0x080001a8   0x00000000   Code   RO          302    .ARM.Collect$$rtexit$$00000002  c_w.l(rtexit2.o)
    0x080001a8   0x080001a8   0x00000004   Code   RO          303    .ARM.Collect$$rtexit$$00000003  c_w.l(rtexit2.o)
    0x080001ac   0x080001ac   0x00000006   Code   RO          304    .ARM.Collect$$rtexit$$00000004  c_w.l(rtexit2.o)
    0x080001b2   0x080001b2   0x00000002   PAD
    0x080001b4   0x080001b4   0x00000040   Code   RO          186  * .text               startup_stm32f10x_md.o
    0x080001f4   0x080001f4   0x0000008a   Code   RO          211    .text               c_w.l(rt_memcpy_v6.o)
    0x0800027e   0x0800027e   0x00000044   Code   RO          213    .text               c_w.l(rt_memclr.o)
    0x080002c2   0x080002c2   0x00000006   Code   RO          215    .text               c_w.l(heapauxi.o)
    0x080002c8   0x080002c8   0x00000064   Code   RO          220    .text               c_w.l(rt_memcpy_w.o)
    0x0800032c   0x0800032c   0x0000004e   Code   RO          222    .text               c_w.l(rt_memclr_w.o)
    0x0800037a   0x0800037a   0x0000004a   Code   RO          239    .text               c_w.l(sys_stackheap_outer.o)
    0x080003c4   0x080003c4   0x00000012   Code   RO          241    .text               c_w.l(exit.o)
    0x080003d6   0x080003d6   0x00000002   PAD
    0x080003d8   0x080003d8   0x00000008   Code   RO          249    .text               c_w.l(libspace.o)
    0x080003e0   0x080003e0   0x0000000c   Code   RO          312    .text               c_w.l(sys_exit.o)
    0x080003ec   0x080003ec   0x00000002   Code   RO          327    .text               c_w.l(use_no_semi.o)
    0x080003ee   0x080003ee   0x00000000   Code   RO          329    .text               c_w.l(indicate_semi.o)
    0x080003ee   0x080003ee   0x00000002   PAD
    0x080003f0   0x080003f0   0x00000030   Code   RO          136    .text.DelayMs       timer.o
    0x08000420   0x08000420   0x0000000c   Code   RO           58    .text.Drone_Init    drone.o
    0x0800042c   0x0800042c   0x0000000c   Code   RO           66    .text.Drone_SendCancel  drone.o
    0x08000438   0x08000438   0x00000056   Code   RO           64    .text.Drone_SendCommand  drone.o
    0x0800048e   0x0800048e   0x00000002   PAD
    0x08000490   0x08000490   0x0000000c   Code   RO           68    .text.Drone_SendFly  drone.o
    0x0800049c   0x0800049c   0x0000000c   Code   RO           62    .text.Drone_SendPrepare  drone.o
    0x080004a8   0x080004a8   0x00000010   Code   RO          117    .text.End_Read      gpio.o
    0x080004b8   0x080004b8   0x00000032   Code   RO          150    .text.FSM_Init      fsm.o
    0x080004ea   0x080004ea   0x00000002   PAD
    0x080004ec   0x080004ec   0x0000013a   Code   RO          154    .text.FSM_Process   fsm.o
    0x08000626   0x08000626   0x00000002   PAD
    0x08000628   0x08000628   0x00000028   Code   RO          152    .text.FSM_SetState  fsm.o
    0x08000650   0x08000650   0x000000d2   Code   RO          111    .text.GPIO_Init     gpio.o
    0x08000722   0x08000722   0x00000002   PAD
    0x08000724   0x08000724   0x0000000c   Code   RO          134    .text.GetTick       timer.o
    0x08000730   0x08000730   0x0000003c   Code   RO          175    .text.Heartbeat_Process  heartbeat.o
    0x0800076c   0x0800076c   0x00000010   Code   RO          113    .text.Launch_Read   gpio.o
    0x0800077c   0x0800077c   0x00000016   Code   RO          119    .text.Optocouplers_Enable  gpio.o
    0x08000792   0x08000792   0x00000002   PAD
    0x08000794   0x08000794   0x000000be   Code   RO           27    .text.PWM_Init      pwm.o
    0x08000852   0x08000852   0x00000002   PAD
    0x08000854   0x08000854   0x00000016   Code   RO           29    .text.PWM_SetUs     pwm.o
    0x0800086a   0x0800086a   0x00000002   PAD
    0x0800086c   0x0800086c   0x00000160   Code   RO            2    .text.RCC_Init      rcc.o
    0x080009cc   0x080009cc   0x00000010   Code   RO          115    .text.Safety_Read   gpio.o
    0x080009dc   0x080009dc   0x00000016   Code   RO           39    .text.Servo_Init    servo.o
    0x080009f2   0x080009f2   0x00000002   PAD
    0x080009f4   0x080009f4   0x0000000c   Code   RO           43    .text.Servo_Lock    servo.o
    0x08000a00   0x08000a00   0x0000000c   Code   RO           41    .text.Servo_Release  servo.o
    0x08000a0c   0x08000a0c   0x0000001c   Code   RO           45    .text.Servo_SetUs   servo.o
    0x08000a28   0x08000a28   0x00000008   Code   RO          195    .text.SetSysClock   system_stm32f10x.o
    0x08000a30   0x08000a30   0x00000122   Code   RO          199    .text.SetSysClockTo72  system_stm32f10x.o
    0x08000b52   0x08000b52   0x00000002   PAD
    0x08000b54   0x08000b54   0x00000052   Code   RO          130    .text.SysTick_Config  timer.o
    0x08000ba6   0x08000ba6   0x00000002   PAD
    0x08000ba8   0x08000ba8   0x00000010   Code   RO          132    .text.SysTick_Handler  timer.o
    0x08000bb8   0x08000bb8   0x00000066   Code   RO          193    .text.SystemInit    system_stm32f10x.o
    0x08000c1e   0x08000c1e   0x00000002   PAD
    0x08000c20   0x08000c20   0x00000022   Code   RO          138    .text.Timeout       timer.o
    0x08000c42   0x08000c42   0x00000002   PAD
    0x08000c44   0x08000c44   0x00000020   Code   RO          128    .text.Timer_Init    timer.o
    0x08000c64   0x08000c64   0x00000098   Code   RO           10    .text.UART_Init     uart.o
    0x08000cfc   0x08000cfc   0x0000003e   Code   RO           14    .text.UART_SendArray  uart.o
    0x08000d3a   0x08000d3a   0x00000002   PAD
    0x08000d3c   0x08000d3c   0x0000002e   Code   RO           12    .text.UART_SendByte  uart.o
    0x08000d6a   0x08000d6a   0x00000002   PAD
    0x08000d6c   0x08000d6c   0x00000042   Code   RO          140    .text.__NVIC_SetPriority  timer.o
    0x08000dae   0x08000dae   0x00000002   PAD
    0x08000db0   0x08000db0   0x0000004a   Code   RO           82    .text._mav_trim_payload  drone.o
    0x08000dfa   0x08000dfa   0x00000002   PAD
    0x08000dfc   0x08000dfc   0x0000003c   Code   RO           88    .text.crc_accumulate  drone.o
    0x08000e38   0x08000e38   0x00000034   Code   RO           86    .text.crc_accumulate_buffer  drone.o
    0x08000e6c   0x08000e6c   0x00000038   Code   RO           84    .text.crc_calculate  drone.o
    0x08000ea4   0x08000ea4   0x00000010   Code   RO           92    .text.crc_init      drone.o
    0x08000eb4   0x08000eb4   0x00000038   Code   RO          166    .text.main          main.o
    0x08000eec   0x08000eec   0x00000052   Code   RO           76    .text.mavlink_finalize_message  drone.o
    0x08000f3e   0x08000f3e   0x00000002   PAD
    0x08000f40   0x08000f40   0x0000022e   Code   RO           80    .text.mavlink_finalize_message_buffer  drone.o
    0x0800116e   0x0800116e   0x00000002   PAD
    0x08001170   0x08001170   0x00000062   Code   RO           78    .text.mavlink_finalize_message_chan  drone.o
    0x080011d2   0x080011d2   0x00000002   PAD
    0x080011d4   0x080011d4   0x0000001e   Code   RO           70    .text.mavlink_get_channel_status  drone.o
    0x080011f2   0x080011f2   0x00000002   PAD
    0x080011f4   0x080011f4   0x000000b2   Code   RO           72    .text.mavlink_msg_command_long_pack  drone.o
    0x080012a6   0x080012a6   0x00000002   PAD
    0x080012a8   0x080012a8   0x0000015e   Code   RO           74    .text.mavlink_msg_to_send_buffer  drone.o
    0x08001406   0x08001406   0x00000002   PAD
    0x08001408   0x08001408   0x00000038   Code   RO           60    .text.mavlink_set_proto_version  drone.o
    0x08001440   0x08001440   0x000001a4   Code   RO          100    .text.mavlink_sha256_calc  drone.o
    0x080015e4   0x080015e4   0x000000ca   Code   RO           98    .text.mavlink_sha256_final_48  drone.o
    0x080016ae   0x080016ae   0x00000002   PAD
    0x080016b0   0x080016b0   0x00000072   Code   RO           94    .text.mavlink_sha256_init  drone.o
    0x08001722   0x08001722   0x00000002   PAD
    0x08001724   0x08001724   0x000000f6   Code   RO           96    .text.mavlink_sha256_update  drone.o
    0x0800181a   0x0800181a   0x00000002   PAD
    0x0800181c   0x0800181c   0x000000c2   Code   RO           90    .text.mavlink_sign_packet  drone.o
    0x080018de   0x080018de   0x00000002   PAD
    0x080018e0   0x080018e0   0x00000100   Data   RO          103    .rodata.mavlink_sha256_constant_256  drone.o
    0x080019e0   0x080019e0   0x00000020   Data   RO          385    Region$$Table       anon$$obj.o


    Execution Region ER_RW (Exec base: 0x20000000, Load base: 0x08001a00, Size: 0x00000008, Max: 0xffffffff, ABSOLUTE)

    Exec Addr    Load Addr    Size         Type   Attr      Idx    E Section Name        Object

    0x20000000   0x08001a00   0x00000004   Data   RW           31    .data.ServoPWM      pwm.o
    0x20000004   0x08001a04   0x00000004   Data   RW          201    .data.SystemCoreClock  system_stm32f10x.o


    Execution Region ER_ZI (Exec base: 0x20000008, Load base: 0x08001a08, Size: 0x000006d8, Max: 0xffffffff, ABSOLUTE)

    Exec Addr    Load Addr    Size         Type   Attr      Idx    E Section Name        Object

    0x20000008        -       0x00000060   Zero   RW          250    .bss                c_w.l(libspace.o)
    0x20000068        -       0x00000004   Zero   RW          177    .bss.Heartbeat_Process.lastTime  heartbeat.o
    0x2000006c        -       0x00000001   Zero   RW          158    .bss.State          fsm.o
    0x2000006d   0x08001a08   0x00000003   PAD
    0x20000070        -       0x00000004   Zero   RW          157    .bss.StateTime      fsm.o
    0x20000074        -       0x00000004   Zero   RW          142    .bss.Tick           timer.o
    0x20000078        -       0x00000001   Zero   RW          156    .bss.lastLaunch     fsm.o
    0x20000079   0x08001a08   0x00000003   PAD
    0x2000007c        -       0x00000060   Zero   RW          102    .bss.mavlink_get_channel_status.m_mavlink_status  drone.o
    0x200000dc   0x08001a08   0x00000004   PAD
    0x200000e0        -       0x00000200   Zero   RW          184    HEAP                startup_stm32f10x_md.o
    0x200002e0        -       0x00000400   Zero   RW          183    STACK               startup_stm32f10x_md.o


==============================================================================

Image component sizes


      Code (inc. data)   RO Data    RW Data    ZI Data      Debug   Object Name

      2920          0        256          0         96      10872   drone.o
       404          0          0          0          6       1371   fsm.o
       280          0          0          0          0       1489   gpio.o
        60          0          0          0          4        910   heartbeat.o
        56          0          0          0          0        376   main.o
       212          0          0          4          0       2421   pwm.o
       352          0          0          0          0       1111   rcc.o
        74          0          0          0          0        977   servo.o
        64         26        236          0       1536        840   startup_stm32f10x_md.o
       400          0          0          4          0       2986   system_stm32f10x.o
       290          0          0          0          4       4012   timer.o
       260          0          0          0          0       1996   uart.o

    ----------------------------------------------------------------------
      5424         26        524          8       1656      29361   Object Totals
         0          0         32          0          0          0   (incl. Generated)
        52          0          0          0         10          0   (incl. Padding)

    ----------------------------------------------------------------------

      Code (inc. data)   RO Data    RW Data    ZI Data      Debug   Library Member Name

         8          0          0          0          0         68   __main.o
         0          0          0          0          0          0   __rtentry.o
        12          0          0          0          0          0   __rtentry2.o
         6          0          0          0          0          0   __rtentry4.o
        94          8          0          0          0          0   __scatter.o
        26          0          0          0          0          0   __scatter_copy.o
        28          0          0          0          0          0   __scatter_zi.o
        18          0          0          0          0         80   exit.o
         6          0          0          0          0        152   heapauxi.o
         0          0          0          0          0          0   indicate_semi.o
         2          0          0          0          0          0   libinit.o
         2          0          0          0          0          0   libinit2.o
         2          0          0          0          0          0   libshutdown.o
         2          0          0          0          0          0   libshutdown2.o
         8          4          0          0         96         68   libspace.o
        68          0          0          0          0         68   rt_memclr.o
        78          0          0          0          0         80   rt_memclr_w.o
       138          0          0          0          0         68   rt_memcpy_v6.o
       100          0          0          0          0         80   rt_memcpy_w.o
         2          0          0          0          0          0   rtexit.o
        10          0          0          0          0          0   rtexit2.o
        12          4          0          0          0         68   sys_exit.o
        74          0          0          0          0         80   sys_stackheap_outer.o
         2          0          0          0          0         68   use_no_semi.o

    ----------------------------------------------------------------------
       708         16          0          0         96        880   Library Totals
        10          0          0          0          0          0   (incl. Padding)

    ----------------------------------------------------------------------

      Code (inc. data)   RO Data    RW Data    ZI Data      Debug   Library Name

       698         16          0          0         96        880   c_w.l

    ----------------------------------------------------------------------
       708         16          0          0         96        880   Library Totals

    ----------------------------------------------------------------------

==============================================================================


      Code (inc. data)   RO Data    RW Data    ZI Data      Debug   

      6132         42        524          8       1752      29793   Grand Totals
      6132         42        524          8       1752      29793   ELF Image Totals
      6132         42        524          8          0          0   ROM Totals

==============================================================================

    Total RO  Size (Code + RO Data)                 6656 (   6.50kB)
    Total RW  Size (RW Data + ZI Data)              1760 (   1.72kB)
    Total ROM Size (Code + RO Data + RW Data)       6664 (   6.51kB)

==============================================================================

